../System/Thread.h:20:2:virtual const char* Thread::__getSource()	0	static
../System/Sensors/PowerThread.h:21:7:PowerThread::~PowerThread()	0	static
../System/Sensors/PowerThread.h:21:7:virtual PowerThread::~PowerThread()	8	static
../System/Sensors/PowerThread.cpp:119:7:float PowerThread::getEnergy()	0	static
../System/Sensors/PowerThread.cpp:127:6:bool PowerThread::write(uint8_t, uint8_t*, uint8_t)	24	static,ignoring_inline_asm
../System/Sensors/PowerThread.cpp:123:6:bool PowerThread::set(uint8_t, uint16_t)	16	static
../System/Sensors/PowerThread.cpp:145:6:bool PowerThread::read(uint8_t, uint8_t*, uint8_t)	40	static,ignoring_inline_asm
../System/Sensors/PowerThread.cpp:99:10:uint16_t PowerThread::get(uint8_t)	16	static
../System/Sensors/PowerThread.cpp:17:6:virtual void PowerThread::init()	16	static
../System/Sensors/PowerThread.cpp:105:7:float PowerThread::getVoltage()	8	static
../System/Sensors/PowerThread.cpp:109:7:float PowerThread::getTemperature()	8	static
../System/Sensors/PowerThread.cpp:113:7:float PowerThread::getPower()	16	static
../System/Sensors/PowerThread.cpp:66:6:virtual void PowerThread::loop()	40	static
