/home/otto/STM32CubeIDE/workspace_1.18.0/ERC_BMS_SW/Core/Src/LTC6811.c:75:6:LTC6811_init_reg_limits	24	static
/home/otto/STM32CubeIDE/workspace_1.18.0/ERC_BMS_SW/Core/Src/LTC6811.c:92:6:LTC6811_adcv	16	static
/home/otto/STM32CubeIDE/workspace_1.18.0/ERC_BMS_SW/Core/Src/LTC6811.c:102:6:LTC6811_adcvsc	16	static
/home/otto/STM32CubeIDE/workspace_1.18.0/ERC_BMS_SW/Core/Src/LTC6811.c:111:6:LTC6811_adcvax	16	static
/home/otto/STM32CubeIDE/workspace_1.18.0/ERC_BMS_SW/Core/Src/LTC6811.c:120:6:LTC6811_adol	16	static
/home/otto/STM32CubeIDE/workspace_1.18.0/ERC_BMS_SW/Core/Src/LTC6811.c:129:6:LTC6811_cvst	16	static
/home/otto/STM32CubeIDE/workspace_1.18.0/ERC_BMS_SW/Core/Src/LTC6811.c:138:6:LTC6811_axst	16	static
/home/otto/STM32CubeIDE/workspace_1.18.0/ERC_BMS_SW/Core/Src/LTC6811.c:147:6:LTC6811_statst	16	static
/home/otto/STM32CubeIDE/workspace_1.18.0/ERC_BMS_SW/Core/Src/LTC6811.c:156:9:LTC6811_pladc	8	static
/home/otto/STM32CubeIDE/workspace_1.18.0/ERC_BMS_SW/Core/Src/LTC6811.c:162:10:LTC6811_pollAdc	8	static
/home/otto/STM32CubeIDE/workspace_1.18.0/ERC_BMS_SW/Core/Src/LTC6811.c:168:6:LTC6811_adax	16	static
/home/otto/STM32CubeIDE/workspace_1.18.0/ERC_BMS_SW/Core/Src/LTC6811.c:177:6:LTC6811_adaxd	16	static
/home/otto/STM32CubeIDE/workspace_1.18.0/ERC_BMS_SW/Core/Src/LTC6811.c:186:6:LTC6811_adstat	16	static
/home/otto/STM32CubeIDE/workspace_1.18.0/ERC_BMS_SW/Core/Src/LTC6811.c:195:6:LTC6811_adstatd	16	static
/home/otto/STM32CubeIDE/workspace_1.18.0/ERC_BMS_SW/Core/Src/LTC6811.c:205:6:LTC6811_adow	16	static
/home/otto/STM32CubeIDE/workspace_1.18.0/ERC_BMS_SW/Core/Src/LTC6811.c:214:9:LTC6811_rdcv	24	static
/home/otto/STM32CubeIDE/workspace_1.18.0/ERC_BMS_SW/Core/Src/LTC6811.c:230:8:LTC6811_rdaux	24	static
/home/otto/STM32CubeIDE/workspace_1.18.0/ERC_BMS_SW/Core/Src/LTC6811.c:246:8:LTC6811_rdstat	24	static
/home/otto/STM32CubeIDE/workspace_1.18.0/ERC_BMS_SW/Core/Src/LTC6811.c:261:6:LTC6811_clrcell	8	static
/home/otto/STM32CubeIDE/workspace_1.18.0/ERC_BMS_SW/Core/Src/LTC6811.c:271:6:LTC6811_clraux	8	static
/home/otto/STM32CubeIDE/workspace_1.18.0/ERC_BMS_SW/Core/Src/LTC6811.c:282:6:LTC6811_clrstat	8	static
/home/otto/STM32CubeIDE/workspace_1.18.0/ERC_BMS_SW/Core/Src/LTC6811.c:292:6:LTC6811_clrsctrl	8	static
/home/otto/STM32CubeIDE/workspace_1.18.0/ERC_BMS_SW/Core/Src/LTC6811.c:298:6:LTC6811_diagn	8	static
/home/otto/STM32CubeIDE/workspace_1.18.0/ERC_BMS_SW/Core/Src/LTC6811.c:308:6:LTC6811_wrcfg	16	static
/home/otto/STM32CubeIDE/workspace_1.18.0/ERC_BMS_SW/Core/Src/LTC6811.c:319:8:LTC6811_rdcfg	24	static
/home/otto/STM32CubeIDE/workspace_1.18.0/ERC_BMS_SW/Core/Src/LTC6811.c:331:6:LTC6811_wrpwm	16	static
/home/otto/STM32CubeIDE/workspace_1.18.0/ERC_BMS_SW/Core/Src/LTC6811.c:343:8:LTC6811_rdpwm	24	static
/home/otto/STM32CubeIDE/workspace_1.18.0/ERC_BMS_SW/Core/Src/LTC6811.c:356:6:LTC6811_wrcomm	16	static
/home/otto/STM32CubeIDE/workspace_1.18.0/ERC_BMS_SW/Core/Src/LTC6811.c:366:8:LTC6811_rdcomm	24	static
/home/otto/STM32CubeIDE/workspace_1.18.0/ERC_BMS_SW/Core/Src/LTC6811.c:378:6:LTC6811_stcomm	8	static
/home/otto/STM32CubeIDE/workspace_1.18.0/ERC_BMS_SW/Core/Src/LTC6811.c:384:6:LTC6811_set_discharge	32	static
/home/otto/STM32CubeIDE/workspace_1.18.0/ERC_BMS_SW/Core/Src/LTC6811.c:400:9:LTC6811_run_cell_adc_st	24	static
/home/otto/STM32CubeIDE/workspace_1.18.0/ERC_BMS_SW/Core/Src/LTC6811.c:408:9:LTC6811_run_adc_redundancy_st	24	static
/home/otto/STM32CubeIDE/workspace_1.18.0/ERC_BMS_SW/Core/Src/LTC6811.c:415:6:LTC6811_run_openwire	16	static
/home/otto/STM32CubeIDE/workspace_1.18.0/ERC_BMS_SW/Core/Src/LTC6811.c:420:10:LTC6811_run_adc_overlap	24	static
/home/otto/STM32CubeIDE/workspace_1.18.0/ERC_BMS_SW/Core/Src/LTC6811.c:427:6:LTC6811_max_min	32	static
/home/otto/STM32CubeIDE/workspace_1.18.0/ERC_BMS_SW/Core/Src/LTC6811.c:447:6:LTC6811_init_max_min	32	static
/home/otto/STM32CubeIDE/workspace_1.18.0/ERC_BMS_SW/Core/Src/LTC6811.c:461:6:LTC6811_check_pec	16	static
/home/otto/STM32CubeIDE/workspace_1.18.0/ERC_BMS_SW/Core/Src/LTC6811.c:467:6:LTC6811_reset_crc_count	16	static
/home/otto/STM32CubeIDE/workspace_1.18.0/ERC_BMS_SW/Core/Src/LTC6811.c:473:6:LTC6811_init_cfg	16	static
/home/otto/STM32CubeIDE/workspace_1.18.0/ERC_BMS_SW/Core/Src/LTC6811.c:478:6:LTC6811_set_cfgr	16	static
/home/otto/STM32CubeIDE/workspace_1.18.0/ERC_BMS_SW/Core/Src/LTC6811.c:486:6:LTC6811_set_cfgr_refon	16	static
/home/otto/STM32CubeIDE/workspace_1.18.0/ERC_BMS_SW/Core/Src/LTC6811.c:491:6:LTC6811_set_cfgr_adcopt	16	static
/home/otto/STM32CubeIDE/workspace_1.18.0/ERC_BMS_SW/Core/Src/LTC6811.c:496:6:LTC6811_set_cfgr_gpio	24	static
/home/otto/STM32CubeIDE/workspace_1.18.0/ERC_BMS_SW/Core/Src/LTC6811.c:501:6:LTC6811_set_cfgr_dis	24	static
/home/otto/STM32CubeIDE/workspace_1.18.0/ERC_BMS_SW/Core/Src/LTC6811.c:506:6:LTC6811_set_cfgr_uv	16	static
/home/otto/STM32CubeIDE/workspace_1.18.0/ERC_BMS_SW/Core/Src/LTC6811.c:511:6:LTC6811_set_cfgr_ov	16	static
