Archive member included to satisfy reference by file (symbol)

/opt/stm32cubeide/plugins/com.st.stm32cube.ide.mcu.externaltools.gnu-tools-for-stm32.13.3.rel1.linux64_1.0.0.202410170706/tools/bin/../lib/gcc/arm-none-eabi/13.3.1/../../../../arm-none-eabi/lib/thumb/v8-m.main+fp/hard/libc_nano.a(libc_a-exit.o)
                              /opt/stm32cubeide/plugins/com.st.stm32cube.ide.mcu.externaltools.gnu-tools-for-stm32.13.3.rel1.linux64_1.0.0.202410170706/tools/bin/../lib/gcc/arm-none-eabi/13.3.1/../../../../arm-none-eabi/lib/thumb/v8-m.main+fp/hard/crt0.o (exit)
/opt/stm32cubeide/plugins/com.st.stm32cube.ide.mcu.externaltools.gnu-tools-for-stm32.13.3.rel1.linux64_1.0.0.202410170706/tools/bin/../lib/gcc/arm-none-eabi/13.3.1/../../../../arm-none-eabi/lib/thumb/v8-m.main+fp/hard/libc_nano.a(libc_a-malloc.o)
                              ./BMS/LTC681x.o (malloc)
/opt/stm32cubeide/plugins/com.st.stm32cube.ide.mcu.externaltools.gnu-tools-for-stm32.13.3.rel1.linux64_1.0.0.202410170706/tools/bin/../lib/gcc/arm-none-eabi/13.3.1/../../../../arm-none-eabi/lib/thumb/v8-m.main+fp/hard/libc_nano.a(libc_a-mallocr.o)
                              /opt/stm32cubeide/plugins/com.st.stm32cube.ide.mcu.externaltools.gnu-tools-for-stm32.13.3.rel1.linux64_1.0.0.202410170706/tools/bin/../lib/gcc/arm-none-eabi/13.3.1/../../../../arm-none-eabi/lib/thumb/v8-m.main+fp/hard/libc_nano.a(libc_a-malloc.o) (_malloc_r)
/opt/stm32cubeide/plugins/com.st.stm32cube.ide.mcu.externaltools.gnu-tools-for-stm32.13.3.rel1.linux64_1.0.0.202410170706/tools/bin/../lib/gcc/arm-none-eabi/13.3.1/../../../../arm-none-eabi/lib/thumb/v8-m.main+fp/hard/libc_nano.a(libc_a-mlock.o)
                              /opt/stm32cubeide/plugins/com.st.stm32cube.ide.mcu.externaltools.gnu-tools-for-stm32.13.3.rel1.linux64_1.0.0.202410170706/tools/bin/../lib/gcc/arm-none-eabi/13.3.1/../../../../arm-none-eabi/lib/thumb/v8-m.main+fp/hard/libc_nano.a(libc_a-mallocr.o) (__malloc_lock)
/opt/stm32cubeide/plugins/com.st.stm32cube.ide.mcu.externaltools.gnu-tools-for-stm32.13.3.rel1.linux64_1.0.0.202410170706/tools/bin/../lib/gcc/arm-none-eabi/13.3.1/../../../../arm-none-eabi/lib/thumb/v8-m.main+fp/hard/libc_nano.a(libc_a-findfp.o)
                              ./Middlewares/Third_Party/FreeRTOS/Source/tasks.o (__sf)
/opt/stm32cubeide/plugins/com.st.stm32cube.ide.mcu.externaltools.gnu-tools-for-stm32.13.3.rel1.linux64_1.0.0.202410170706/tools/bin/../lib/gcc/arm-none-eabi/13.3.1/../../../../arm-none-eabi/lib/thumb/v8-m.main+fp/hard/libc_nano.a(libc_a-fwalk.o)
                              /opt/stm32cubeide/plugins/com.st.stm32cube.ide.mcu.externaltools.gnu-tools-for-stm32.13.3.rel1.linux64_1.0.0.202410170706/tools/bin/../lib/gcc/arm-none-eabi/13.3.1/../../../../arm-none-eabi/lib/thumb/v8-m.main+fp/hard/libc_nano.a(libc_a-findfp.o) (_fwalk_sglue)
/opt/stm32cubeide/plugins/com.st.stm32cube.ide.mcu.externaltools.gnu-tools-for-stm32.13.3.rel1.linux64_1.0.0.202410170706/tools/bin/../lib/gcc/arm-none-eabi/13.3.1/../../../../arm-none-eabi/lib/thumb/v8-m.main+fp/hard/libc_nano.a(libc_a-stdio.o)
                              /opt/stm32cubeide/plugins/com.st.stm32cube.ide.mcu.externaltools.gnu-tools-for-stm32.13.3.rel1.linux64_1.0.0.202410170706/tools/bin/../lib/gcc/arm-none-eabi/13.3.1/../../../../arm-none-eabi/lib/thumb/v8-m.main+fp/hard/libc_nano.a(libc_a-findfp.o) (__sread)
/opt/stm32cubeide/plugins/com.st.stm32cube.ide.mcu.externaltools.gnu-tools-for-stm32.13.3.rel1.linux64_1.0.0.202410170706/tools/bin/../lib/gcc/arm-none-eabi/13.3.1/../../../../arm-none-eabi/lib/thumb/v8-m.main+fp/hard/libc_nano.a(libc_a-memset.o)
                              /opt/stm32cubeide/plugins/com.st.stm32cube.ide.mcu.externaltools.gnu-tools-for-stm32.13.3.rel1.linux64_1.0.0.202410170706/tools/bin/../lib/gcc/arm-none-eabi/13.3.1/../../../../arm-none-eabi/lib/thumb/v8-m.main+fp/hard/crt0.o (memset)
/opt/stm32cubeide/plugins/com.st.stm32cube.ide.mcu.externaltools.gnu-tools-for-stm32.13.3.rel1.linux64_1.0.0.202410170706/tools/bin/../lib/gcc/arm-none-eabi/13.3.1/../../../../arm-none-eabi/lib/thumb/v8-m.main+fp/hard/libc_nano.a(libc_a-closer.o)
                              /opt/stm32cubeide/plugins/com.st.stm32cube.ide.mcu.externaltools.gnu-tools-for-stm32.13.3.rel1.linux64_1.0.0.202410170706/tools/bin/../lib/gcc/arm-none-eabi/13.3.1/../../../../arm-none-eabi/lib/thumb/v8-m.main+fp/hard/libc_nano.a(libc_a-stdio.o) (_close_r)
/opt/stm32cubeide/plugins/com.st.stm32cube.ide.mcu.externaltools.gnu-tools-for-stm32.13.3.rel1.linux64_1.0.0.202410170706/tools/bin/../lib/gcc/arm-none-eabi/13.3.1/../../../../arm-none-eabi/lib/thumb/v8-m.main+fp/hard/libc_nano.a(libc_a-reent.o)
                              ./Middlewares/Third_Party/FreeRTOS/Source/tasks.o (_reclaim_reent)
/opt/stm32cubeide/plugins/com.st.stm32cube.ide.mcu.externaltools.gnu-tools-for-stm32.13.3.rel1.linux64_1.0.0.202410170706/tools/bin/../lib/gcc/arm-none-eabi/13.3.1/../../../../arm-none-eabi/lib/thumb/v8-m.main+fp/hard/libc_nano.a(libc_a-impure.o)
[...]
Memory Configuration

Name             Origin             Length             Attributes
RAM              0x20000000         0x00030000         xrw
RAM2             0x20030000         0x00010000         xrw
FLASH            0x08000000         0x00080000         xr
*default*        0x00000000         0xffffffff

Linker script and memory map

LOAD /opt/stm32cubeide/plugins/com.st.stm32cube.ide.mcu.externaltools.gnu-tools-for-stm32.13.3.rel1.linux64_1.0.0.202410170706/tools/bin/../lib/gcc/arm-none-eabi/13.3.1/thumb/v8-m.main+fp/hard/crti.o
LOAD /opt/stm32cubeide/plugins/com.st.stm32cube.ide.mcu.externaltools.gnu-tools-for-stm32.13.3.rel1.linux64_1.0.0.202410170706/tools/bin/../lib/gcc/arm-none-eabi/13.3.1/thumb/v8-m.main+fp/hard/crtbegin.o
LOAD /opt/stm32cubeide/plugins/com.st.stm32cube.ide.mcu.externaltools.gnu-tools-for-stm32.13.3.rel1.linux64_1.0.0.202410170706/tools/bin/../lib/gcc/arm-none-eabi/13.3.1/../../../../arm-none-eabi/lib/thumb/v8-m.main+fp/hard/crt0.o
LOAD ./BMS/BMS.o
LOAD ./BMS/LTC6811.o
LOAD ./BMS/LTC681x.o
LOAD ./BMS/LT_SPI.o
LOAD ./Core/Src/adc.o
LOAD ./Core/Src/app_freertos.o
LOAD ./Core/Src/dma.o
LOAD ./Core/Src/fdcan.o
LOAD ./Core/Src/gpio.o
LOAD ./Core/Src/icache.o
LOAD ./Core/Src/main.o
LOAD ./Core/Src/rtc.o
LOAD ./Core/Src/spi.o
LOAD ./Core/Src/stm32l5xx_hal_msp.o
LOAD ./Core/Src/stm32l5xx_hal_timebase_tim.o
LOAD ./Core/Src/stm32l5xx_it.o
LOAD ./Core/Src/syscalls.o
LOAD ./Core/Src/sysmem.o
LOAD ./Core/Src/system_stm32l5xx.o
LOAD ./Core/Src/tim.o
LOAD ./Core/Startup/startup_stm32l552retx.o
LOAD ./Drivers/STM32L5xx_HAL_Driver/Src/stm32l5xx_hal.o
LOAD ./Drivers/STM32L5xx_HAL_Driver/Src/stm32l5xx_hal_adc.o
LOAD ./Drivers/STM32L5xx_HAL_Driver/Src/stm32l5xx_hal_adc_ex.o
LOAD ./Drivers/STM32L5xx_HAL_Driver/Src/stm32l5xx_hal_cortex.o
LOAD ./Drivers/STM32L5xx_HAL_Driver/Src/stm32l5xx_hal_dma.o
LOAD ./Drivers/STM32L5xx_HAL_Driver/Src/stm32l5xx_hal_dma_ex.o
LOAD ./Drivers/STM32L5xx_HAL_Driver/Src/stm32l5xx_hal_exti.o
LOAD ./Drivers/STM32L5xx_HAL_Driver/Src/stm32l5xx_hal_fdcan.o
LOAD ./Drivers/STM32L5xx_HAL_Driver/Src/stm32l5xx_hal_flash.o
LOAD ./Drivers/STM32L5xx_HAL_Driver/Src/stm32l5xx_hal_flash_ex.o
LOAD ./Drivers/STM32L5xx_HAL_Driver/Src/stm32l5xx_hal_flash_ramfunc.o
LOAD ./Drivers/STM32L5xx_HAL_Driver/Src/stm32l5xx_hal_gpio.o
LOAD ./Drivers/STM32L5xx_HAL_Driver/Src/stm32l5xx_hal_i2c.o
LOAD ./Drivers/STM32L5xx_HAL_Driver/Src/stm32l5xx_hal_i2c_ex.o
LOAD ./Drivers/STM32L5xx_HAL_Driver/Src/stm32l5xx_hal_icache.o
LOAD ./Drivers/STM32L5xx_HAL_Driver/Src/stm32l5xx_hal_pcd.o
LOAD ./Drivers/STM32L5xx_HAL_Driver/Src/stm32l5xx_hal_pcd_ex.o
LOAD ./Drivers/STM32L5xx_HAL_Driver/Src/stm32l5xx_hal_pwr.o
LOAD ./Drivers/STM32L5xx_HAL_Driver/Src/stm32l5xx_hal_pwr_ex.o
LOAD ./Drivers/STM32L5xx_HAL_Driver/Src/stm32l5xx_hal_rcc.o
LOAD ./Drivers/STM32L5xx_HAL_Driver/Src/stm32l5xx_hal_rcc_ex.o
LOAD ./Drivers/STM32L5xx_HAL_Driver/Src/stm32l5xx_hal_rtc.o
LOAD ./Drivers/STM32L5xx_HAL_Driver/Src/stm32l5xx_hal_rtc_ex.o
LOAD ./Drivers/STM32L5xx_HAL_Driver/Src/stm32l5xx_hal_spi.o
LOAD ./Drivers/STM32L5xx_HAL_Driver/Src/stm32l5xx_hal_spi_ex.o
LOAD ./Drivers/STM32L5xx_HAL_Driver/Src/stm32l5xx_hal_tim.o
LOAD ./Drivers/STM32L5xx_HAL_Driver/Src/stm32l5xx_hal_tim_ex.o
LOAD ./Drivers/STM32L5xx_HAL_Driver/Src/stm32l5xx_ll_usb.o
LOAD ./Middlewares/ST/STM32_USB_Device_Library/Class/CDC/Src/usbd_cdc.o
LOAD ./Middlewares/ST/STM32_USB_Device_Library/Core/Src/usbd_core.o
LOAD ./Middlewares/ST/STM32_USB_Device_Library/Core/Src/usbd_ctlreq.o
LOAD ./Middlewares/ST/STM32_USB_Device_Library/Core/Src/usbd_ioreq.o
LOAD ./Middlewares/Third_Party/FreeRTOS/Source/CMSIS_RTOS_V2/cmsis_os2.o
LOAD ./Middlewares/Third_Party/FreeRTOS/Source/croutine.o
LOAD ./Middlewares/Third_Party/FreeRTOS/Source/event_groups.o
LOAD ./Middlewares/Third_Party/FreeRTOS/Source/list.o
LOAD ./Middlewares/Third_Party/FreeRTOS/Source/queue.o
LOAD ./Middlewares/Third_Party/FreeRTOS/Source/stream_buffer.o
LOAD ./Middlewares/Third_Party/FreeRTOS/Source/tasks.o
LOAD ./Middlewares/Third_Party/FreeRTOS/Source/timers.o
LOAD ./Middlewares/Third_Party/FreeRTOS/Source/portable/GCC/ARM_CM33_NTZ/non_secure/port.o
LOAD ./Middlewares/Third_Party/FreeRTOS/Source/portable/GCC/ARM_CM33_NTZ/non_secure/portasm.o
LOAD ./Middlewares/Third_Party/FreeRTOS/Source/portable/MemMang/heap_4.o
LOAD ./USB_Device/App/usb_device.o
LOAD ./USB_Device/App/usbd_cdc_if.o
LOAD ./USB_Device/App/usbd_desc.o
LOAD ./USB_Device/Target/usbd_conf.o
START GROUP
LOAD /opt/stm32cubeide/plugins/com.st.stm32cube.ide.mcu.externaltools.gnu-tools-for-stm32.13.3.rel1.linux64_1.0.0.202410170706/tools/bin/../lib/gcc/arm-none-eabi/13.3.1/../../../../arm-none-eabi/lib/thumb/v8-m.main+fp/hard/libc_nano.a
LOAD /opt/stm32cubeide/plugins/com.st.stm32cube.ide.mcu.externaltools.gnu-tools-for-stm32.13.3.rel1.linux64_1.0.0.202410170706/tools/bin/../lib/gcc/arm-none-eabi/13.3.1/../../../../arm-none-eabi/lib/thumb/v8-m.main+fp/hard/libm.a
END GROUP
START GROUP
LOAD /opt/stm32cubeide/plugins/com.st.stm32cube.ide.mcu.externaltools.gnu-tools-for-stm32.13.3.rel1.linux64_1.0.0.202410170706/tools/bin/../lib/gcc/arm-none-eabi/13.3.1/thumb/v8-m.main+fp/hard/libgcc.a
LOAD /opt/stm32cubeide/plugins/com.st.stm32cube.ide.mcu.externaltools.gnu-tools-for-stm32.13.3.rel1.linux64_1.0.0.202410170706/tools/bin/../lib/gcc/arm-none-eabi/13.3.1/../../../../arm-none-eabi/lib/thumb/v8-m.main+fp/hard/libc_nano.a
END GROUP
START GROUP
LOAD /opt/stm32cubeide/plugins/com.st.stm32cube.ide.mcu.externaltools.gnu-tools-for-stm32.13.3.rel1.linux64_1.0.0.202410170706/tools/bin/../lib/gcc/arm-none-eabi/13.3.1/thumb/v8-m.main+fp/hard/libgcc.a
LOAD /opt/stm32cubeide/plugins/com.st.stm32cube.ide.mcu.externaltools.gnu-tools-for-stm32.13.3.rel1.linux64_1.0.0.202410170706/tools/bin/../lib/gcc/arm-none-eabi/13.3.1/../../../../arm-none-eabi/lib/thumb/v8-m.main+fp/hard/libc_nano.a
LOAD /opt/stm32cubeide/plugins/com.st.stm32cube.ide.mcu.externaltools.gnu-tools-for-stm32.13.3.rel1.linux64_1.0.0.202410170706/tools/bin/../lib/gcc/arm-none-eabi/13.3.1/../../../../arm-none-eabi/lib/thumb/v8-m.main+fp/hard/libnosys.a
END GROUP
START GROUP
LOAD /opt/stm32cubeide/plugins/com.st.stm32cube.ide.mcu.externaltools.gnu-tools-for-stm32.13.3.rel1.linux64_1.0.0.202410170706/tools/bin/../lib/gcc/arm-none-eabi/13.3.1/thumb/v8-m.main+fp/hard/libgcc.a
LOAD /opt/stm32cubeide/plugins/com.st.stm32cube.ide.mcu.externaltools.gnu-tools-for-stm32.13.3.rel1.linux64_1.0.0.202410170706/tools/bin/../lib/gcc/arm-none-eabi/13.3.1/../../../../arm-none-eabi/lib/thumb/v8-m.main+fp/hard/libc_nano.a
LOAD /opt/stm32cubeide/plugins/com.st.stm32cube.ide.mcu.externaltools.gnu-tools-for-stm32.13.3.rel1.linux64_1.0.0.202410170706/tools/bin/../lib/gcc/arm-none-eabi/13.3.1/../../../../arm-none-eabi/lib/thumb/v8-m.main+fp/hard/libnosys.a
END GROUP
LOAD /opt/stm32cubeide/plugins/com.st.stm32cube.ide.mcu.externaltools.gnu-tools-for-stm32.13.3.rel1.linux64_1.0.0.202410170706/tools/bin/../lib/gcc/arm-none-eabi/13.3.1/thumb/v8-m.main+fp/hard/crtend.o
LOAD /opt/stm32cubeide/plugins/com.st.stm32cube.ide.mcu.externaltools.gnu-tools-for-stm32.13.3.rel1.linux64_1.0.0.202410170706/tools/bin/../lib/gcc/arm-none-eabi/13.3.1/thumb/v8-m.main+fp/hard/crtn.o
                0x20030000                        _estack = (ORIGIN (RAM) + LENGTH (RAM))
                0x00000200                        _Min_Heap_Size = 0x200
                0x00000400                        _Min_Stack_Size = 0x400

.isr_vector     0x08000000      0x1f4
                0x08000000                        . = ALIGN (0x4)
 *(.isr_vector)
 .isr_vector    0x08000000      0x1f4 ./Core/Startup/startup_stm32l552retx.o
                0x08000000                g_pfnVectors
                0x080001f4                        . = ALIGN (0x4)

.text           0x08000200     0xf3c4
                0x08000200                        . = ALIGN (0x4)
 *(.text)
 .text          0x08000200       0x40 /opt/stm32cubeide/plugins/com.st.stm32cube.ide.mcu.externaltools.gnu-tools-for-stm32.13.3.rel1.linux64_1.0.0.202410170706/tools/bin/../lib/gcc/arm-none-eabi/13.3.1/thumb/v8-m.main+fp/hard/crtbegin.o
 .text          0x08000240      0x378 /opt/stm32cubeide/plugins/com.st.stm32cube.ide.mcu.externaltools.gnu-tools-for-stm32.13.3.rel1.linux64_1.0.0.202410170706/tools/bin/../lib/gcc/arm-none-eabi/13.3.1/thumb/v8-m.main+fp/hard/libgcc.a(_arm_addsubdf3.o)
                0x08000240                __aeabi_drsub
                0x08000248                __aeabi_dsub
                0x08000248                __subdf3
                0x0800024c                __adddf3
                0x0800024c                __aeabi_dadd
                0x080004c4                __aeabi_ui2d
                0x080004c4                __floatunsidf
                0x080004e4                __floatsidf
                0x080004e4                __aeabi_i2d
                0x08000508                __extendsfdf2
                0x08000508                __aeabi_f2d
                0x0800054c                __aeabi_ul2d
                0x0800054c                __floatundidf
                0x0800055c                __floatdidf
                0x0800055c                __aeabi_l2d
 .text          0x080005b8      0x424 /opt/stm32cubeide/plugins/com.st.stm32cube.ide.mcu.externaltools.gnu-tools-for-stm32.13.3.rel1.linux64_1.0.0.202410170706/tools/bin/../lib/gcc/arm-none-eabi/13.3.1/thumb/v8-m.main+fp/hard/libgcc.a(_arm_muldivdf3.o)
                0x080005b8                __aeabi_dmul
                0x080005b8                __muldf3
                0x0800080c                __aeabi_ddiv
                0x0800080c                __divdf3
 .text          0x080009dc      0x110 /opt/stm32cubeide/plugins/com.st.stm32cube.ide.mcu.externaltools.gnu-tools-for-stm32.13.3.rel1.linux64_1.0.0.202410170706/tools/bin/../lib/gcc/arm-none-eabi/13.3.1/thumb/v8-m.main+fp/hard/libgcc.a(_arm_cmpdf2.o)
                0x080009dc                __gtdf2
                0x080009dc                __gedf2
                0x080009e4                __ltdf2
                0x080009e4                __ledf2
                0x080009ec                __cmpdf2
                0x080009ec                __eqdf2
                0x080009ec                __nedf2
                0x08000a68                __aeabi_cdrcmple
                0x08000a78                __aeabi_cdcmple
                0x08000a78                __aeabi_cdcmpeq
                0x08000a88                __aeabi_dcmpeq
                0x08000a9c                __aeabi_dcmplt
                0x08000ab0                __aeabi_dcmple
                0x08000ac4                __aeabi_dcmpge
                0x08000ad8                __aeabi_dcmpgt
 .text          0x08000aec       0x2c /opt/stm32cubeide/plugins/com.st.stm32cube.ide.mcu.externaltools.gnu-tools-for-stm32.13.3.rel1.linux64_1.0.0.202410170706/tools/bin/../lib/gcc/arm-none-eabi/13.3.1/thumb/v8-m.main+fp/hard/libgcc.a(_arm_unorddf2.o)
                0x08000aec                __aeabi_dcmpun
                0x08000aec                __unorddf2
 .text          0x08000b18       0xa0 /opt/stm32cubeide/plugins/com.st.stm32cube.ide.mcu.externaltools.gnu-tools-for-stm32.13.3.rel1.linux64_1.0.0.202410170706/tools/bin/../lib/gcc/arm-none-eabi/13.3.1/thumb/v8-m.main+fp/hard/libgcc.a(_arm_truncdfsf2.o)
                0x08000b18                __aeabi_d2f
                0x08000b18                __truncdfsf2
 *(.text*)
 .text.LTC6811_init
                0x08000bb8       0x94 ./BMS/BMS.o
                0x08000bb8                LTC6811_init
 *fill*         0x08000c4c        0x4 
 .text.tempConvert
                0x08000c50      0x1b4 ./BMS/BMS.o
                0x08000c50                tempConvert
 *fill*         0x08000e04        0x4 
 .text.readVoltages
                0x08000e08       0xac ./BMS/BMS.o
                0x08000e08                readVoltages
 .text.readTemperatures
                0x08000eb4       0x24 ./BMS/BMS.o
                0x08000eb4                readTemperatures
 .text.currentConvert
                0x08000ed8       0x68 ./BMS/BMS.o
                0x08000ed8                currentConvert
 .text.LTC6811_init_reg_limits
                0x08000f40       0x9a ./BMS/LTC6811.o
                0x08000f40                LTC6811_init_reg_limits
 .text.LTC6811_adcv
                0x08000fda       0x26 ./BMS/LTC6811.o
                0x08000fda                LTC6811_adcv
 .text.LTC6811_adax
                0x08001000       0x24 ./BMS/LTC6811.o
                0x08001000                LTC6811_adax
 .text.LTC6811_rdcv
                0x08001024       0x2e ./BMS/LTC6811.o
                0x08001024                LTC6811_rdcv
 .text.LTC6811_rdaux
                0x08001052       0x30 ./BMS/LTC6811.o
                0x08001052                LTC6811_rdaux
 .text.LTC6811_wrcfg
                0x08001082       0x1e ./BMS/LTC6811.o
                0x08001082                LTC6811_wrcfg
 .text.LTC6811_reset_crc_count
                0x080010a0       0x1e ./BMS/LTC6811.o
                0x080010a0                LTC6811_reset_crc_count
 .text.LTC6811_init_cfg
                0x080010be       0x1e ./BMS/LTC6811.o
                0x080010be                LTC6811_init_cfg
 .text.LTC6811_set_cfgr
                0x080010dc       0x42 ./BMS/LTC6811.o
                0x080010dc                LTC6811_set_cfgr
 .text.wakeup_idle
                0x0800111e       0x3c ./BMS/LTC681x.o
                0x0800111e                wakeup_idle
 .text.wakeup_sleep
                0x0800115a       0x36 ./BMS/LTC681x.o
                0x0800115a                wakeup_sleep
 .text.cmd_68   0x08001190       0x50 ./BMS/LTC681x.o
                0x08001190                cmd_68
 .text.write_68
                0x080011e0      0x114 ./BMS/LTC681x.o
                0x080011e0                write_68
 .text.pec15_calc
                0x080012f4       0x68 ./BMS/LTC681x.o
                0x080012f4                pec15_calc
 .text.LTC681x_adcv
                0x0800135c       0x56 ./BMS/LTC681x.o
                0x0800135c                LTC681x_adcv
 .text.LTC681x_adax
                0x080013b2       0x4a ./BMS/LTC681x.o
                0x080013b2                LTC681x_adax
 .text.LTC681x_rdcv_reg
                0x080013fc       0xb8 ./BMS/LTC681x.o
                0x080013fc                LTC681x_rdcv_reg
 .text.parse_cells
                0x080014b4       0xe2 ./BMS/LTC681x.o
                0x080014b4                parse_cells
 .text.LTC681x_rdaux_reg
                0x08001596       0xa2 ./BMS/LTC681x.o
                0x08001596                LTC681x_rdaux_reg
 .text.LTC681x_rdcv
                0x08001638      0x168 ./BMS/LTC681x.o
                0x08001638                LTC681x_rdcv
 .text.LTC681x_rdaux
                0x080017a0      0x150 ./BMS/LTC681x.o
                0x080017a0                LTC681x_rdaux
 .text.LTC681x_wrcfg
                0x080018f0       0xf8 ./BMS/LTC681x.o
                0x080018f0                LTC681x_wrcfg
 .text.LTC681x_check_pec
                0x080019e8      0x348 ./BMS/LTC681x.o
                0x080019e8                LTC681x_check_pec
 .text.LTC681x_reset_crc_count
                0x08001d30       0xcc ./BMS/LTC681x.o
                0x08001d30                LTC681x_reset_crc_count
 .text.LTC681x_init_cfg
                0x08001dfc       0x54 ./BMS/LTC681x.o
                0x08001dfc                LTC681x_init_cfg
 .text.LTC681x_set_cfgr
                0x08001e50       0x74 ./BMS/LTC681x.o
                0x08001e50                LTC681x_set_cfgr
 .text.LTC681x_set_cfgr_refon
                0x08001ec4       0x68 ./BMS/LTC681x.o
                0x08001ec4                LTC681x_set_cfgr_refon
 .text.LTC681x_set_cfgr_adcopt
                0x08001f2c       0x68 ./BMS/LTC681x.o
                0x08001f2c                LTC681x_set_cfgr_adcopt
 .text.LTC681x_set_cfgr_gpio
                0x08001f94       0xa0 ./BMS/LTC681x.o
                0x08001f94                LTC681x_set_cfgr_gpio
 .text.LTC681x_set_cfgr_dis
                0x08002034      0x11e ./BMS/LTC681x.o
                0x08002034                LTC681x_set_cfgr_dis
 .text.LTC681x_set_cfgr_dcto
                0x08002152       0xa0 ./BMS/LTC681x.o
                0x08002152                LTC681x_set_cfgr_dcto
 .text.LTC681x_set_cfgr_uv
                0x080021f2       0x8c ./BMS/LTC681x.o
                0x080021f2                LTC681x_set_cfgr_uv
 .text.LTC681x_set_cfgr_ov
                0x0800227e       0x86 ./BMS/LTC681x.o
                0x0800227e                LTC681x_set_cfgr_ov
 .text.cs_low   0x08002304       0x18 ./BMS/LT_SPI.o
                0x08002304                cs_low
 .text.cs_high  0x0800231c       0x18 ./BMS/LT_SPI.o
                0x0800231c                cs_high
 .text.spi_write_array
                0x08002334       0x48 ./BMS/LT_SPI.o
                0x08002334                spi_write_array
 .text.spi_write_read
                0x0800237c       0x80 ./BMS/LT_SPI.o
                0x0800237c                spi_write_read
 .text.spi_read_byte
                0x080023fc       0x38 ./BMS/LT_SPI.o
                0x080023fc                spi_read_byte
 .text.MX_ADC1_Init
                0x08002434       0xfc ./Core/Src/adc.o
                0x08002434                MX_ADC1_Init
 .text.MX_ADC2_Init
                0x08002530       0xc0 ./Core/Src/adc.o
                0x08002530                MX_ADC2_Init
 .text.HAL_ADC_MspInit
                0x080025f0      0x280 ./Core/Src/adc.o
                0x080025f0                HAL_ADC_MspInit
 .text.MX_DMA_Init
                0x08002870       0x64 ./Core/Src/dma.o
                0x08002870                MX_DMA_Init
 .text.MX_FDCAN1_Init
                0x080028d4       0x8c ./Core/Src/fdcan.o
                0x080028d4                MX_FDCAN1_Init
 .text.HAL_FDCAN_MspInit
                0x08002960       0xc0 ./Core/Src/fdcan.o
                0x08002960                HAL_FDCAN_MspInit
 .text.MX_GPIO_Init
                0x08002a20      0x1f4 ./Core/Src/gpio.o
                0x08002a20                MX_GPIO_Init
 .text.MX_ICACHE_Init
                0x08002c14       0x26 ./Core/Src/icache.o
                0x08002c14                MX_ICACHE_Init
 *fill*         0x08002c3a        0x2 
 .text.main     0x08002c3c      0x120 ./Core/Src/main.o
                0x08002c3c                main
 .text.SystemClock_Config
                0x08002d5c       0xc4 ./Core/Src/main.o
                0x08002d5c                SystemClock_Config
 .text.HAL_ADC_ConvHalfCpltCallback
                0x08002e20       0x14 ./Core/Src/main.o
                0x08002e20                HAL_ADC_ConvHalfCpltCallback
 .text.HAL_TIM_PeriodElapsedCallback
                0x08002e34       0xb0 ./Core/Src/main.o
                0x08002e34                HAL_TIM_PeriodElapsedCallback
 .text.Error_Handler
                0x08002ee4        0xc ./Core/Src/main.o
                0x08002ee4                Error_Handler
 .text.MX_RTC_Init
                0x08002ef0      0x10c ./Core/Src/rtc.o
                0x08002ef0                MX_RTC_Init
 .text.HAL_RTC_MspInit
                0x08002ffc       0xcc ./Core/Src/rtc.o
                0x08002ffc                HAL_RTC_MspInit
 .text.MX_SPI1_Init
                0x080030c8       0x7c ./Core/Src/spi.o
                0x080030c8                MX_SPI1_Init
 .text.HAL_SPI_MspInit
                0x08003144       0x88 ./Core/Src/spi.o
                0x08003144                HAL_SPI_MspInit
 .text.HAL_MspInit
                0x080031cc       0x54 ./Core/Src/stm32l5xx_hal_msp.o
                0x080031cc                HAL_MspInit
 .text.HAL_InitTick
                0x08003220       0xac ./Core/Src/stm32l5xx_hal_timebase_tim.o
                0x08003220                HAL_InitTick
 .text.NMI_Handler
                0x080032cc        0x8 ./Core/Src/stm32l5xx_it.o
                0x080032cc                NMI_Handler
 .text.HardFault_Handler
                0x080032d4        0x8 ./Core/Src/stm32l5xx_it.o
                0x080032d4                HardFault_Handler
 .text.MemManage_Handler
                0x080032dc        0x8 ./Core/Src/stm32l5xx_it.o
                0x080032dc                MemManage_Handler
 .text.BusFault_Handler
                0x080032e4        0x8 ./Core/Src/stm32l5xx_it.o
                0x080032e4                BusFault_Handler
 .text.UsageFault_Handler
                0x080032ec        0x8 ./Core/Src/stm32l5xx_it.o
                0x080032ec                UsageFault_Handler
 .text.DebugMon_Handler
                0x080032f4        0xe ./Core/Src/stm32l5xx_it.o
                0x080032f4                DebugMon_Handler
 *fill*         0x08003302        0x2 
 .text.DMA1_Channel1_IRQHandler
                0x08003304       0x14 ./Core/Src/stm32l5xx_it.o
                0x08003304                DMA1_Channel1_IRQHandler
 .text.DMA1_Channel2_IRQHandler
                0x08003318       0x14 ./Core/Src/stm32l5xx_it.o
                0x08003318                DMA1_Channel2_IRQHandler
 .text.TIM2_IRQHandler
                0x0800332c       0x14 ./Core/Src/stm32l5xx_it.o
                0x0800332c                TIM2_IRQHandler
 .text.TIM3_IRQHandler
                0x08003340       0x14 ./Core/Src/stm32l5xx_it.o
                0x08003340                TIM3_IRQHandler
 .text.TIM4_IRQHandler
                0x08003354       0x14 ./Core/Src/stm32l5xx_it.o
                0x08003354                TIM4_IRQHandler
 .text.TIM5_IRQHandler
                0x08003368       0x14 ./Core/Src/stm32l5xx_it.o
                0x08003368                TIM5_IRQHandler
 .text.TIM6_IRQHandler
                0x0800337c       0x14 ./Core/Src/stm32l5xx_it.o
                0x0800337c                TIM6_IRQHandler
 .text.USB_FS_IRQHandler
                0x08003390       0x14 ./Core/Src/stm32l5xx_it.o
                0x08003390                USB_FS_IRQHandler
 .text._sbrk    0x080033a4       0x6c ./Core/Src/sysmem.o
                0x080033a4                _sbrk
 .text.SystemInit
                0x08003410       0x24 ./Core/Src/system_stm32l5xx.o
                0x08003410                SystemInit
 .text.SystemCoreClockUpdate
                0x08003434      0x158 ./Core/Src/system_stm32l5xx.o
                0x08003434                SystemCoreClockUpdate
 .text.MX_TIM2_Init
                0x0800358c       0xe8 ./Core/Src/tim.o
                0x0800358c                MX_TIM2_Init
 .text.MX_TIM3_Init
                0x08003674       0xf0 ./Core/Src/tim.o
                0x08003674                MX_TIM3_Init
 .text.MX_TIM4_Init
                0x08003764       0xf0 ./Core/Src/tim.o
                0x08003764                MX_TIM4_Init
 .text.MX_TIM5_Init
                0x08003854       0xa4 ./Core/Src/tim.o
                0x08003854                MX_TIM5_Init
 .text.MX_TIM8_Init
                0x080038f8       0xa8 ./Core/Src/tim.o
                0x080038f8                MX_TIM8_Init
 .text.HAL_TIM_Base_MspInit
                0x080039a0      0x118 ./Core/Src/tim.o
                0x080039a0                HAL_TIM_Base_MspInit
 .text.Reset_Handler
                0x08003ab8       0x50 ./Core/Startup/startup_stm32l552retx.o
                0x08003ab8                Reset_Handler
 .text.Default_Handler
                0x08003b08        0x2 ./Core/Startup/startup_stm32l552retx.o
                0x08003b08                EXTI2_IRQHandler
                0x08003b08                TIM8_TRG_COM_IRQHandler
                0x08003b08                TIM8_CC_IRQHandler
                0x08003b08                EXTI5_IRQHandler
                0x08003b08                FLASH_S_IRQHandler
                0x08003b08                EXTI13_IRQHandler
                0x08003b08                TIM1_CC_IRQHandler
                0x08003b08                TSC_IRQHandler
                0x08003b08                TAMP_IRQHandler
                0x08003b08                EXTI12_IRQHandler
                0x08003b08                DMA2_Channel8_IRQHandler
                0x08003b08                EXTI3_IRQHandler
                0x08003b08                EXTI8_IRQHandler
                0x08003b08                LPTIM2_IRQHandler
                0x08003b08                DFSDM1_FLT1_IRQHandler
                0x08003b08                I2C3_ER_IRQHandler
                0x08003b08                DFSDM1_FLT2_IRQHandler
                0x08003b08                DMAMUX1_IRQHandler
                0x08003b08                LPTIM3_IRQHandler
                0x08003b08                EXTI0_IRQHandler
                0x08003b08                I2C2_EV_IRQHandler
                0x08003b08                FPU_IRQHandler
                0x08003b08                FDCAN1_IT1_IRQHandler
                0x08003b08                ADC1_2_IRQHandler
                0x08003b08                SPI1_IRQHandler
                0x08003b08                OCTOSPI1_IRQHandler
                0x08003b08                TIM8_UP_IRQHandler
                0x08003b08                RCC_S_IRQHandler
                0x08003b08                DMA2_Channel2_IRQHandler
                0x08003b08                DMA1_Channel4_IRQHandler
                0x08003b08                SAI2_IRQHandler
                0x08003b08                DFSDM1_FLT3_IRQHandler
                0x08003b08                EXTI15_IRQHandler
                0x08003b08                TIM17_IRQHandler
                0x08003b08                USART3_IRQHandler
                0x08003b08                RTC_IRQHandler
                0x08003b08                EXTI9_IRQHandler
                0x08003b08                DMA1_Channel7_IRQHandler
                0x08003b08                UART5_IRQHandler
                0x08003b08                DMA2_Channel1_IRQHandler
                0x08003b08                I2C1_EV_IRQHandler
                0x08003b08                DMA1_Channel6_IRQHandler
                0x08003b08                TIM16_IRQHandler
                0x08003b08                UART4_IRQHandler
                0x08003b08                DMA2_Channel4_IRQHandler
                0x08003b08                SecureFault_Handler
                0x08003b08                RCC_IRQHandler
                0x08003b08                TIM1_TRG_COM_IRQHandler
                0x08003b08                Default_Handler
                0x08003b08                DMA2_Channel7_IRQHandler
                0x08003b08                DMA1_Channel8_IRQHandler
                0x08003b08                TIM7_IRQHandler
                0x08003b08                SDMMC1_IRQHandler
                0x08003b08                UCPD1_IRQHandler
                0x08003b08                TIM15_IRQHandler
                0x08003b08                I2C3_EV_IRQHandler
                0x08003b08                PVD_PVM_IRQHandler
                0x08003b08                SPI2_IRQHandler
                0x08003b08                EXTI14_IRQHandler
                0x08003b08                EXTI11_IRQHandler
                0x08003b08                DMA2_Channel5_IRQHandler
                0x08003b08                CRS_IRQHandler
                0x08003b08                DMA1_Channel5_IRQHandler
                0x08003b08                EXTI4_IRQHandler
                0x08003b08                RTC_S_IRQHandler
                0x08003b08                RNG_IRQHandler
                0x08003b08                DMAMUX1_S_IRQHandler
                0x08003b08                DMA1_Channel3_IRQHandler
                0x08003b08                COMP_IRQHandler
                0x08003b08                TIM1_UP_IRQHandler
                0x08003b08                WWDG_IRQHandler
                0x08003b08                I2C4_EV_IRQHandler
                0x08003b08                LPUART1_IRQHandler
                0x08003b08                DMA2_Channel6_IRQHandler
                0x08003b08                FDCAN1_IT0_IRQHandler
                0x08003b08                TAMP_S_IRQHandler
                0x08003b08                EXTI7_IRQHandler
                0x08003b08                TIM1_BRK_IRQHandler
                0x08003b08                DAC_IRQHandler
                0x08003b08                EXTI1_IRQHandler
                0x08003b08                GTZC_IRQHandler
                0x08003b08                USART2_IRQHandler
                0x08003b08                DFSDM1_FLT0_IRQHandler
                0x08003b08                I2C2_ER_IRQHandler
                0x08003b08                TIM8_BRK_IRQHandler
                0x08003b08                FLASH_IRQHandler
                0x08003b08                USART1_IRQHandler
                0x08003b08                EXTI10_IRQHandler
                0x08003b08                SPI3_IRQHandler
                0x08003b08                I2C1_ER_IRQHandler
                0x08003b08                FMC_IRQHandler
                0x08003b08                EXTI6_IRQHandler
                0x08003b08                LPTIM1_IRQHandler
                0x08003b08                I2C4_ER_IRQHandler
                0x08003b08                ICACHE_IRQHandler
                0x08003b08                SAI1_IRQHandler
                0x08003b08                HASH_IRQHandler
                0x08003b08                DMA2_Channel3_IRQHandler
 .text.HAL_Init
                0x08003b0a       0x34 ./Drivers/STM32L5xx_HAL_Driver/Src/stm32l5xx_hal.o
                0x08003b0a                HAL_Init
 *fill*         0x08003b3e        0x2 
 .text.HAL_IncTick
                0x08003b40       0x28 ./Drivers/STM32L5xx_HAL_Driver/Src/stm32l5xx_hal.o
                0x08003b40                HAL_IncTick
 .text.HAL_GetTick
                0x08003b68       0x18 ./Drivers/STM32L5xx_HAL_Driver/Src/stm32l5xx_hal.o
                0x08003b68                HAL_GetTick
 .text.HAL_Delay
                0x08003b80       0x48 ./Drivers/STM32L5xx_HAL_Driver/Src/stm32l5xx_hal.o
                0x08003b80                HAL_Delay
 .text.LL_ADC_SetCommonClock
                0x08003bc8       0x26 ./Drivers/STM32L5xx_HAL_Driver/Src/stm32l5xx_hal_adc.o
 .text.LL_ADC_SetCommonPathInternalCh
                0x08003bee       0x26 ./Drivers/STM32L5xx_HAL_Driver/Src/stm32l5xx_hal_adc.o
 .text.LL_ADC_GetCommonPathInternalCh
                0x08003c14       0x1c ./Drivers/STM32L5xx_HAL_Driver/Src/stm32l5xx_hal_adc.o
 .text.LL_ADC_SetOffset
                0x08003c30       0x48 ./Drivers/STM32L5xx_HAL_Driver/Src/stm32l5xx_hal_adc.o
 .text.LL_ADC_GetOffsetChannel
                0x08003c78       0x2c ./Drivers/STM32L5xx_HAL_Driver/Src/stm32l5xx_hal_adc.o
 .text.LL_ADC_SetOffsetState
                0x08003ca4       0x36 ./Drivers/STM32L5xx_HAL_Driver/Src/stm32l5xx_hal_adc.o
 .text.LL_ADC_SetSamplingTimeCommonConfig
                0x08003cda       0x26 ./Drivers/STM32L5xx_HAL_Driver/Src/stm32l5xx_hal_adc.o
 .text.LL_ADC_REG_IsTriggerSourceSWStart
                0x08003d00       0x26 ./Drivers/STM32L5xx_HAL_Driver/Src/stm32l5xx_hal_adc.o
 .text.LL_ADC_REG_SetSequencerRanks
                0x08003d26       0x58 ./Drivers/STM32L5xx_HAL_Driver/Src/stm32l5xx_hal_adc.o
 .text.LL_ADC_SetChannelSamplingTime
                0x08003d7e       0x56 ./Drivers/STM32L5xx_HAL_Driver/Src/stm32l5xx_hal_adc.o
 .text.LL_ADC_SetChannelSingleDiff
                0x08003dd4       0x48 ./Drivers/STM32L5xx_HAL_Driver/Src/stm32l5xx_hal_adc.o
 .text.LL_ADC_GetMultimode
                0x08003e1c       0x1c ./Drivers/STM32L5xx_HAL_Driver/Src/stm32l5xx_hal_adc.o
 .text.LL_ADC_DisableDeepPowerDown
                0x08003e38       0x24 ./Drivers/STM32L5xx_HAL_Driver/Src/stm32l5xx_hal_adc.o
 .text.LL_ADC_IsDeepPowerDownEnabled
                0x08003e5c       0x28 ./Drivers/STM32L5xx_HAL_Driver/Src/stm32l5xx_hal_adc.o
 .text.LL_ADC_EnableInternalRegulator
                0x08003e84       0x28 ./Drivers/STM32L5xx_HAL_Driver/Src/stm32l5xx_hal_adc.o
 .text.LL_ADC_IsInternalRegulatorEnabled
                0x08003eac       0x28 ./Drivers/STM32L5xx_HAL_Driver/Src/stm32l5xx_hal_adc.o
 .text.LL_ADC_Enable
                0x08003ed4       0x28 ./Drivers/STM32L5xx_HAL_Driver/Src/stm32l5xx_hal_adc.o
 .text.LL_ADC_IsEnabled
                0x08003efc       0x26 ./Drivers/STM32L5xx_HAL_Driver/Src/stm32l5xx_hal_adc.o
 .text.LL_ADC_REG_StartConversion
                0x08003f22       0x28 ./Drivers/STM32L5xx_HAL_Driver/Src/stm32l5xx_hal_adc.o
 .text.LL_ADC_REG_IsConversionOngoing
                0x08003f4a       0x26 ./Drivers/STM32L5xx_HAL_Driver/Src/stm32l5xx_hal_adc.o
 .text.LL_ADC_INJ_IsConversionOngoing
                0x08003f70       0x26 ./Drivers/STM32L5xx_HAL_Driver/Src/stm32l5xx_hal_adc.o
 *fill*         0x08003f96        0x2 
 .text.HAL_ADC_Init
                0x08003f98      0x298 ./Drivers/STM32L5xx_HAL_Driver/Src/stm32l5xx_hal_adc.o
                0x08003f98                HAL_ADC_Init
 .text.HAL_ADC_Start_DMA
                0x08004230      0x168 ./Drivers/STM32L5xx_HAL_Driver/Src/stm32l5xx_hal_adc.o
                0x08004230                HAL_ADC_Start_DMA
 .text.HAL_ADC_ConvCpltCallback
                0x08004398       0x14 ./Drivers/STM32L5xx_HAL_Driver/Src/stm32l5xx_hal_adc.o
                0x08004398                HAL_ADC_ConvCpltCallback
 .text.HAL_ADC_ErrorCallback
                0x080043ac       0x14 ./Drivers/STM32L5xx_HAL_Driver/Src/stm32l5xx_hal_adc.o
                0x080043ac                HAL_ADC_ErrorCallback
 .text.HAL_ADC_ConfigChannel
                0x080043c0      0x7d4 ./Drivers/STM32L5xx_HAL_Driver/Src/stm32l5xx_hal_adc.o
                0x080043c0                HAL_ADC_ConfigChannel
 .text.ADC_Enable
                0x08004b94      0x10c ./Drivers/STM32L5xx_HAL_Driver/Src/stm32l5xx_hal_adc.o
                0x08004b94                ADC_Enable
 .text.ADC_DMAConvCplt
                0x08004ca0       0xd8 ./Drivers/STM32L5xx_HAL_Driver/Src/stm32l5xx_hal_adc.o
                0x08004ca0                ADC_DMAConvCplt
 .text.ADC_DMAHalfConvCplt
                0x08004d78       0x1c ./Drivers/STM32L5xx_HAL_Driver/Src/stm32l5xx_hal_adc.o
                0x08004d78                ADC_DMAHalfConvCplt
 .text.ADC_DMAError
                0x08004d94       0x34 ./Drivers/STM32L5xx_HAL_Driver/Src/stm32l5xx_hal_adc.o
                0x08004d94                ADC_DMAError
 .text.LL_ADC_IsEnabled
                0x08004dc8       0x26 ./Drivers/STM32L5xx_HAL_Driver/Src/stm32l5xx_hal_adc_ex.o
 .text.LL_ADC_REG_IsConversionOngoing
                0x08004dee       0x26 ./Drivers/STM32L5xx_HAL_Driver/Src/stm32l5xx_hal_adc_ex.o
 .text.HAL_ADCEx_MultiModeConfigChannel
                0x08004e14      0x148 ./Drivers/STM32L5xx_HAL_Driver/Src/stm32l5xx_hal_adc_ex.o
                0x08004e14                HAL_ADCEx_MultiModeConfigChannel
 .text.__NVIC_SetPriorityGrouping
                0x08004f5c       0x48 ./Drivers/STM32L5xx_HAL_Driver/Src/stm32l5xx_hal_cortex.o
 .text.__NVIC_GetPriorityGrouping
                0x08004fa4       0x1c ./Drivers/STM32L5xx_HAL_Driver/Src/stm32l5xx_hal_cortex.o
 .text.__NVIC_EnableIRQ
                0x08004fc0       0x3c ./Drivers/STM32L5xx_HAL_Driver/Src/stm32l5xx_hal_cortex.o
 .text.__NVIC_SetPriority
                0x08004ffc       0x54 ./Drivers/STM32L5xx_HAL_Driver/Src/stm32l5xx_hal_cortex.o
 .text.NVIC_EncodePriority
                0x08005050       0x66 ./Drivers/STM32L5xx_HAL_Driver/Src/stm32l5xx_hal_cortex.o
 .text.HAL_NVIC_SetPriorityGrouping
                0x080050b6       0x16 ./Drivers/STM32L5xx_HAL_Driver/Src/stm32l5xx_hal_cortex.o
                0x080050b6                HAL_NVIC_SetPriorityGrouping
 .text.HAL_NVIC_SetPriority
                0x080050cc       0x34 ./Drivers/STM32L5xx_HAL_Driver/Src/stm32l5xx_hal_cortex.o
                0x080050cc                HAL_NVIC_SetPriority
 .text.HAL_NVIC_EnableIRQ
                0x08005100       0x1c ./Drivers/STM32L5xx_HAL_Driver/Src/stm32l5xx_hal_cortex.o
                0x08005100                HAL_NVIC_EnableIRQ
 .text.HAL_DMA_Init
                0x0800511c      0x150 ./Drivers/STM32L5xx_HAL_Driver/Src/stm32l5xx_hal_dma.o
                0x0800511c                HAL_DMA_Init
 .text.HAL_DMA_Start_IT
                0x0800526c       0xf6 ./Drivers/STM32L5xx_HAL_Driver/Src/stm32l5xx_hal_dma.o
                0x0800526c                HAL_DMA_Start_IT
 .text.HAL_DMA_IRQHandler
                0x08005362      0x200 ./Drivers/STM32L5xx_HAL_Driver/Src/stm32l5xx_hal_dma.o
                0x08005362                HAL_DMA_IRQHandler
 .text.HAL_DMA_ConfigChannelAttributes
                0x08005562       0x60 ./Drivers/STM32L5xx_HAL_Driver/Src/stm32l5xx_hal_dma.o
                0x08005562                HAL_DMA_ConfigChannelAttributes
 .text.DMA_SetConfig
                0x080055c2       0x7c ./Drivers/STM32L5xx_HAL_Driver/Src/stm32l5xx_hal_dma.o
 *fill*         0x0800563e        0x2 
 .text.DMA_CalcDMAMUXChannelBaseAndMask
                0x08005640       0x7c ./Drivers/STM32L5xx_HAL_Driver/Src/stm32l5xx_hal_dma.o
 .text.DMA_CalcDMAMUXRequestGenBaseAndMask
                0x080056bc       0x48 ./Drivers/STM32L5xx_HAL_Driver/Src/stm32l5xx_hal_dma.o
 .text.HAL_FDCAN_Init
                0x08005704      0x2a4 ./Drivers/STM32L5xx_HAL_Driver/Src/stm32l5xx_hal_fdcan.o
                0x08005704                HAL_FDCAN_Init
 .text.FDCAN_CalcultateRamBlockAddresses
                0x080059a8       0xac ./Drivers/STM32L5xx_HAL_Driver/Src/stm32l5xx_hal_fdcan.o
 .text.HAL_GPIO_Init
                0x08005a54      0x300 ./Drivers/STM32L5xx_HAL_Driver/Src/stm32l5xx_hal_gpio.o
                0x08005a54                HAL_GPIO_Init
 .text.HAL_GPIO_WritePin
                0x08005d54       0x30 ./Drivers/STM32L5xx_HAL_Driver/Src/stm32l5xx_hal_gpio.o
                0x08005d54                HAL_GPIO_WritePin
 .text.HAL_GPIO_TogglePin
                0x08005d84       0x34 ./Drivers/STM32L5xx_HAL_Driver/Src/stm32l5xx_hal_gpio.o
                0x08005d84                HAL_GPIO_TogglePin
 .text.HAL_ICACHE_ConfigAssociativityMode
                0x08005db8       0x40 ./Drivers/STM32L5xx_HAL_Driver/Src/stm32l5xx_hal_icache.o
                0x08005db8                HAL_ICACHE_ConfigAssociativityMode
 .text.HAL_ICACHE_Enable
                0x08005df8       0x20 ./Drivers/STM32L5xx_HAL_Driver/Src/stm32l5xx_hal_icache.o
                0x08005df8                HAL_ICACHE_Enable
 .text.HAL_PCD_IRQHandler
                0x08005e18      0x24e ./Drivers/STM32L5xx_HAL_Driver/Src/stm32l5xx_hal_pcd.o
                0x08005e18                HAL_PCD_IRQHandler
 .text.HAL_PCD_SetAddress
                0x08006066       0x48 ./Drivers/STM32L5xx_HAL_Driver/Src/stm32l5xx_hal_pcd.o
                0x08006066                HAL_PCD_SetAddress
 .text.HAL_PCD_EP_Open
                0x080060ae       0xba ./Drivers/STM32L5xx_HAL_Driver/Src/stm32l5xx_hal_pcd.o
                0x080060ae                HAL_PCD_EP_Open
 .text.HAL_PCD_EP_Receive
                0x08006168       0x62 ./Drivers/STM32L5xx_HAL_Driver/Src/stm32l5xx_hal_pcd.o
                0x08006168                HAL_PCD_EP_Receive
 .text.HAL_PCD_EP_Transmit
                0x080061ca       0x6e ./Drivers/STM32L5xx_HAL_Driver/Src/stm32l5xx_hal_pcd.o
                0x080061ca                HAL_PCD_EP_Transmit
 .text.HAL_PCD_EP_SetStall
                0x08006238       0xa4 ./Drivers/STM32L5xx_HAL_Driver/Src/stm32l5xx_hal_pcd.o
                0x08006238                HAL_PCD_EP_SetStall
 .text.HAL_PCD_EP_ClrStall
                0x080062dc       0xa8 ./Drivers/STM32L5xx_HAL_Driver/Src/stm32l5xx_hal_pcd.o
                0x080062dc                HAL_PCD_EP_ClrStall
 .text.PCD_EP_ISR_Handler
                0x08006384      0x782 ./Drivers/STM32L5xx_HAL_Driver/Src/stm32l5xx_hal_pcd.o
 .text.HAL_PCD_EP_DB_Receive
                0x08006b06      0x212 ./Drivers/STM32L5xx_HAL_Driver/Src/stm32l5xx_hal_pcd.o
 .text.HAL_PCD_EP_DB_Transmit
                0x08006d18      0x7ec ./Drivers/STM32L5xx_HAL_Driver/Src/stm32l5xx_hal_pcd.o
 .text.HAL_PWR_EnableBkUpAccess
                0x08007504       0x20 ./Drivers/STM32L5xx_HAL_Driver/Src/stm32l5xx_hal_pwr.o
                0x08007504                HAL_PWR_EnableBkUpAccess
 .text.HAL_PWREx_GetVoltageRange
                0x08007524       0x1c ./Drivers/STM32L5xx_HAL_Driver/Src/stm32l5xx_hal_pwr_ex.o
                0x08007524                HAL_PWREx_GetVoltageRange
 .text.HAL_PWREx_ControlVoltageScaling
                0x08007540       0xb8 ./Drivers/STM32L5xx_HAL_Driver/Src/stm32l5xx_hal_pwr_ex.o
                0x08007540                HAL_PWREx_ControlVoltageScaling
 .text.HAL_PWREx_DisableUCPDDeadBattery
                0x080075f8       0x20 ./Drivers/STM32L5xx_HAL_Driver/Src/stm32l5xx_hal_pwr_ex.o
                0x080075f8                HAL_PWREx_DisableUCPDDeadBattery
 .text.HAL_PWREx_SMPS_GetEffectiveMode
                0x08007618       0x48 ./Drivers/STM32L5xx_HAL_Driver/Src/stm32l5xx_hal_pwr_ex.o
                0x08007618                HAL_PWREx_SMPS_GetEffectiveMode
 .text.HAL_RCC_OscConfig
                0x08007660      0x9ac ./Drivers/STM32L5xx_HAL_Driver/Src/stm32l5xx_hal_rcc.o
                0x08007660                HAL_RCC_OscConfig
 .text.HAL_RCC_ClockConfig
                0x0800800c      0x270 ./Drivers/STM32L5xx_HAL_Driver/Src/stm32l5xx_hal_rcc.o
                0x0800800c                HAL_RCC_ClockConfig
 .text.HAL_RCC_GetSysClockFreq
                0x0800827c      0x138 ./Drivers/STM32L5xx_HAL_Driver/Src/stm32l5xx_hal_rcc.o
                0x0800827c                HAL_RCC_GetSysClockFreq
 .text.HAL_RCC_GetHCLKFreq
                0x080083b4       0x28 ./Drivers/STM32L5xx_HAL_Driver/Src/stm32l5xx_hal_rcc.o
                0x080083b4                HAL_RCC_GetHCLKFreq
 .text.HAL_RCC_GetPCLK1Freq
                0x080083dc       0x28 ./Drivers/STM32L5xx_HAL_Driver/Src/stm32l5xx_hal_rcc.o
                0x080083dc                HAL_RCC_GetPCLK1Freq
 .text.HAL_RCC_GetClockConfig
                0x08008404       0x64 ./Drivers/STM32L5xx_HAL_Driver/Src/stm32l5xx_hal_rcc.o
                0x08008404                HAL_RCC_GetClockConfig
 .text.RCC_SetFlashLatencyFromMSIRange
                0x08008468       0xc8 ./Drivers/STM32L5xx_HAL_Driver/Src/stm32l5xx_hal_rcc.o
 .text.RCC_GetSysClockFreqFromPLLSource
                0x08008530       0xd8 ./Drivers/STM32L5xx_HAL_Driver/Src/stm32l5xx_hal_rcc.o
 .text.HAL_RCCEx_PeriphCLKConfig
                0x08008608      0x708 ./Drivers/STM32L5xx_HAL_Driver/Src/stm32l5xx_hal_rcc_ex.o
                0x08008608                HAL_RCCEx_PeriphCLKConfig
 .text.HAL_RCCEx_EnableMSIPLLMode
                0x08008d10       0x20 ./Drivers/STM32L5xx_HAL_Driver/Src/stm32l5xx_hal_rcc_ex.o
                0x08008d10                HAL_RCCEx_EnableMSIPLLMode
 .text.RCCEx_PLLSAI1_Config
                0x08008d30      0x1cc ./Drivers/STM32L5xx_HAL_Driver/Src/stm32l5xx_hal_rcc_ex.o
 .text.RCCEx_PLLSAI2_Config
                0x08008efc      0x158 ./Drivers/STM32L5xx_HAL_Driver/Src/stm32l5xx_hal_rcc_ex.o
 .text.HAL_RTC_Init
                0x08009054       0xf0 ./Drivers/STM32L5xx_HAL_Driver/Src/stm32l5xx_hal_rtc.o
                0x08009054                HAL_RTC_Init
 .text.HAL_RTC_SetTime
                0x08009144      0x12c ./Drivers/STM32L5xx_HAL_Driver/Src/stm32l5xx_hal_rtc.o
                0x08009144                HAL_RTC_SetTime
 .text.HAL_RTC_SetDate
                0x08009270      0x10c ./Drivers/STM32L5xx_HAL_Driver/Src/stm32l5xx_hal_rtc.o
                0x08009270                HAL_RTC_SetDate
 .text.HAL_RTC_WaitForSynchro
                0x0800937c       0x48 ./Drivers/STM32L5xx_HAL_Driver/Src/stm32l5xx_hal_rtc.o
                0x0800937c                HAL_RTC_WaitForSynchro
 .text.RTC_EnterInitMode
                0x080093c4       0x68 ./Drivers/STM32L5xx_HAL_Driver/Src/stm32l5xx_hal_rtc.o
                0x080093c4                RTC_EnterInitMode
 .text.RTC_ExitInitMode
                0x0800942c       0x7c ./Drivers/STM32L5xx_HAL_Driver/Src/stm32l5xx_hal_rtc.o
                0x0800942c                RTC_ExitInitMode
 .text.RTC_ByteToBcd2
                0x080094a8       0x40 ./Drivers/STM32L5xx_HAL_Driver/Src/stm32l5xx_hal_rtc.o
                0x080094a8                RTC_ByteToBcd2
 .text.HAL_RTCEx_SetCalibrationOutPut
                0x080094e8       0x78 ./Drivers/STM32L5xx_HAL_Driver/Src/stm32l5xx_hal_rtc_ex.o
                0x080094e8                HAL_RTCEx_SetCalibrationOutPut
 .text.HAL_RTCEx_PrivilegeModeSet
                0x08009560       0x58 ./Drivers/STM32L5xx_HAL_Driver/Src/stm32l5xx_hal_rtc_ex.o
                0x08009560                HAL_RTCEx_PrivilegeModeSet
 .text.HAL_SPI_Init
                0x080095b8      0x146 ./Drivers/STM32L5xx_HAL_Driver/Src/stm32l5xx_hal_spi.o
                0x080095b8                HAL_SPI_Init
 .text.HAL_SPI_TransmitReceive
                0x080096fe      0x444 ./Drivers/STM32L5xx_HAL_Driver/Src/stm32l5xx_hal_spi.o
                0x080096fe                HAL_SPI_TransmitReceive
 *fill*         0x08009b42        0x2 
 .text.SPI_WaitFlagStateUntilTimeout
                0x08009b44      0x110 ./Drivers/STM32L5xx_HAL_Driver/Src/stm32l5xx_hal_spi.o
 .text.SPI_WaitFifoStateUntilTimeout
                0x08009c54      0x12c ./Drivers/STM32L5xx_HAL_Driver/Src/stm32l5xx_hal_spi.o
 .text.SPI_EndRxTxTransaction
                0x08009d80       0x8c ./Drivers/STM32L5xx_HAL_Driver/Src/stm32l5xx_hal_spi.o
 .text.HAL_TIM_Base_Init
                0x08009e0c       0xae ./Drivers/STM32L5xx_HAL_Driver/Src/stm32l5xx_hal_tim.o
                0x08009e0c                HAL_TIM_Base_Init
 *fill*         0x08009eba        0x2 
 .text.HAL_TIM_Base_Start
                0x08009ebc       0xd0 ./Drivers/STM32L5xx_HAL_Driver/Src/stm32l5xx_hal_tim.o
                0x08009ebc                HAL_TIM_Base_Start
 .text.HAL_TIM_Base_Start_IT
                0x08009f8c       0xe0 ./Drivers/STM32L5xx_HAL_Driver/Src/stm32l5xx_hal_tim.o
                0x08009f8c                HAL_TIM_Base_Start_IT
 .text.HAL_TIM_OC_Init
                0x0800a06c       0xae ./Drivers/STM32L5xx_HAL_Driver/Src/stm32l5xx_hal_tim.o
                0x0800a06c                HAL_TIM_OC_Init
 .text.HAL_TIM_OC_MspInit
                0x0800a11a       0x14 ./Drivers/STM32L5xx_HAL_Driver/Src/stm32l5xx_hal_tim.o
                0x0800a11a                HAL_TIM_OC_MspInit
 .text.HAL_TIM_IRQHandler
                0x0800a12e      0x20e ./Drivers/STM32L5xx_HAL_Driver/Src/stm32l5xx_hal_tim.o
                0x0800a12e                HAL_TIM_IRQHandler
 .text.HAL_TIM_OC_ConfigChannel
                0x0800a33c       0xf4 ./Drivers/STM32L5xx_HAL_Driver/Src/stm32l5xx_hal_tim.o
                0x0800a33c                HAL_TIM_OC_ConfigChannel
 .text.HAL_TIM_ConfigClockSource
                0x0800a430      0x192 ./Drivers/STM32L5xx_HAL_Driver/Src/stm32l5xx_hal_tim.o
                0x0800a430                HAL_TIM_ConfigClockSource
 .text.HAL_TIM_SlaveConfigSynchro
                0x0800a5c2       0x84 ./Drivers/STM32L5xx_HAL_Driver/Src/stm32l5xx_hal_tim.o
                0x0800a5c2                HAL_TIM_SlaveConfigSynchro
 .text.HAL_TIM_OC_DelayElapsedCallback
                0x0800a646       0x14 ./Drivers/STM32L5xx_HAL_Driver/Src/stm32l5xx_hal_tim.o
                0x0800a646                HAL_TIM_OC_DelayElapsedCallback
 .text.HAL_TIM_IC_CaptureCallback
                0x0800a65a       0x14 ./Drivers/STM32L5xx_HAL_Driver/Src/stm32l5xx_hal_tim.o
                0x0800a65a                HAL_TIM_IC_CaptureCallback
 .text.HAL_TIM_PWM_PulseFinishedCallback
                0x0800a66e       0x14 ./Drivers/STM32L5xx_HAL_Driver/Src/stm32l5xx_hal_tim.o
                0x0800a66e                HAL_TIM_PWM_PulseFinishedCallback
 .text.HAL_TIM_TriggerCallback
                0x0800a682       0x14 ./Drivers/STM32L5xx_HAL_Driver/Src/stm32l5xx_hal_tim.o
                0x0800a682                HAL_TIM_TriggerCallback
 *fill*         0x0800a696        0x2 
 .text.TIM_Base_SetConfig
                0x0800a698      0x14c ./Drivers/STM32L5xx_HAL_Driver/Src/stm32l5xx_hal_tim.o
                0x0800a698                TIM_Base_SetConfig
 .text.TIM_OC1_SetConfig
                0x0800a7e4      0x120 ./Drivers/STM32L5xx_HAL_Driver/Src/stm32l5xx_hal_tim.o
 .text.TIM_OC2_SetConfig
                0x0800a904      0x114 ./Drivers/STM32L5xx_HAL_Driver/Src/stm32l5xx_hal_tim.o
                0x0800a904                TIM_OC2_SetConfig
 .text.TIM_OC3_SetConfig
                0x0800aa18      0x110 ./Drivers/STM32L5xx_HAL_Driver/Src/stm32l5xx_hal_tim.o
 .text.TIM_OC4_SetConfig
                0x0800ab28       0xd4 ./Drivers/STM32L5xx_HAL_Driver/Src/stm32l5xx_hal_tim.o
 .text.TIM_OC5_SetConfig
                0x0800abfc       0xc8 ./Drivers/STM32L5xx_HAL_Driver/Src/stm32l5xx_hal_tim.o
 .text.TIM_OC6_SetConfig
                0x0800acc4       0xcc ./Drivers/STM32L5xx_HAL_Driver/Src/stm32l5xx_hal_tim.o
 .text.TIM_SlaveTimer_SetConfig
                0x0800ad90      0x12a ./Drivers/STM32L5xx_HAL_Driver/Src/stm32l5xx_hal_tim.o
 .text.TIM_TI1_ConfigInputStage
                0x0800aeba       0x5e ./Drivers/STM32L5xx_HAL_Driver/Src/stm32l5xx_hal_tim.o
 .text.TIM_TI2_ConfigInputStage
                0x0800af18       0x60 ./Drivers/STM32L5xx_HAL_Driver/Src/stm32l5xx_hal_tim.o
 .text.TIM_ITRx_SetConfig
                0x0800af78       0x3a ./Drivers/STM32L5xx_HAL_Driver/Src/stm32l5xx_hal_tim.o
 .text.TIM_ETR_SetConfig
                0x0800afb2       0x40 ./Drivers/STM32L5xx_HAL_Driver/Src/stm32l5xx_hal_tim.o
                0x0800afb2                TIM_ETR_SetConfig
 *fill*         0x0800aff2        0x2 
 .text.HAL_TIMEx_MasterConfigSynchronization
                0x0800aff4      0x110 ./Drivers/STM32L5xx_HAL_Driver/Src/stm32l5xx_hal_tim_ex.o
                0x0800aff4                HAL_TIMEx_MasterConfigSynchronization
 .text.HAL_TIMEx_CommutCallback
                0x0800b104       0x14 ./Drivers/STM32L5xx_HAL_Driver/Src/stm32l5xx_hal_tim_ex.o
                0x0800b104                HAL_TIMEx_CommutCallback
 .text.HAL_TIMEx_BreakCallback
                0x0800b118       0x14 ./Drivers/STM32L5xx_HAL_Driver/Src/stm32l5xx_hal_tim_ex.o
                0x0800b118                HAL_TIMEx_BreakCallback
 .text.HAL_TIMEx_Break2Callback
                0x0800b12c       0x14 ./Drivers/STM32L5xx_HAL_Driver/Src/stm32l5xx_hal_tim_ex.o
                0x0800b12c                HAL_TIMEx_Break2Callback
 .text.USB_ActivateEndpoint
                0x0800b140      0x788 ./Drivers/STM32L5xx_HAL_Driver/Src/stm32l5xx_ll_usb.o
                0x0800b140                USB_ActivateEndpoint
 .text.USB_EPStartXfer
                0x0800b8c8     0x1764 ./Drivers/STM32L5xx_HAL_Driver/Src/stm32l5xx_ll_usb.o
                0x0800b8c8                USB_EPStartXfer
 .text.USB_EPSetStall
                0x0800d02c       0xa2 ./Drivers/STM32L5xx_HAL_Driver/Src/stm32l5xx_ll_usb.o
                0x0800d02c                USB_EPSetStall
 .text.USB_EPClearStall
                0x0800d0ce      0x15c ./Drivers/STM32L5xx_HAL_Driver/Src/stm32l5xx_ll_usb.o
                0x0800d0ce                USB_EPClearStall
 .text.USB_SetDevAddress
                0x0800d22a       0x28 ./Drivers/STM32L5xx_HAL_Driver/Src/stm32l5xx_ll_usb.o
                0x0800d22a                USB_SetDevAddress
 .text.USB_ReadInterrupts
                0x0800d252       0x20 ./Drivers/STM32L5xx_HAL_Driver/Src/stm32l5xx_ll_usb.o
                0x0800d252                USB_ReadInterrupts
 .text.USB_WritePMA
                0x0800d272       0x86 ./Drivers/STM32L5xx_HAL_Driver/Src/stm32l5xx_ll_usb.o
                0x0800d272                USB_WritePMA
 .text.USB_ReadPMA
                0x0800d2f8       0x98 ./Drivers/STM32L5xx_HAL_Driver/Src/stm32l5xx_ll_usb.o
                0x0800d2f8                USB_ReadPMA
 .text.USBD_RunTestMode
                0x0800d390       0x16 ./Middlewares/ST/STM32_USB_Device_Library/Core/Src/usbd_core.o
                0x0800d390                USBD_RunTestMode
 .text.USBD_SetClassConfig
                0x0800d3a6       0x38 ./Middlewares/ST/STM32_USB_Device_Library/Core/Src/usbd_core.o
                0x0800d3a6                USBD_SetClassConfig
 .text.USBD_ClrClassConfig
                0x0800d3de       0x34 ./Middlewares/ST/STM32_USB_Device_Library/Core/Src/usbd_core.o
                0x0800d3de                USBD_ClrClassConfig
 .text.USBD_LL_SetupStage
                0x0800d412       0xaa ./Middlewares/ST/STM32_USB_Device_Library/Core/Src/usbd_core.o
                0x0800d412                USBD_LL_SetupStage
 .text.USBD_LL_DataOutStage
                0x0800d4bc      0x166 ./Middlewares/ST/STM32_USB_Device_Library/Core/Src/usbd_core.o
                0x0800d4bc                USBD_LL_DataOutStage
 .text.USBD_LL_DataInStage
                0x0800d622      0x164 ./Middlewares/ST/STM32_USB_Device_Library/Core/Src/usbd_core.o
                0x0800d622                USBD_LL_DataInStage
 .text.USBD_LL_Reset
                0x0800d786       0xa4 ./Middlewares/ST/STM32_USB_Device_Library/Core/Src/usbd_core.o
                0x0800d786                USBD_LL_Reset
 .text.USBD_LL_SetSpeed
                0x0800d82a       0x20 ./Middlewares/ST/STM32_USB_Device_Library/Core/Src/usbd_core.o
                0x0800d82a                USBD_LL_SetSpeed
 .text.USBD_LL_Suspend
                0x0800d84a       0x38 ./Middlewares/ST/STM32_USB_Device_Library/Core/Src/usbd_core.o
                0x0800d84a                USBD_LL_Suspend
 .text.USBD_LL_Resume
                0x0800d882       0x30 ./Middlewares/ST/STM32_USB_Device_Library/Core/Src/usbd_core.o
                0x0800d882                USBD_LL_Resume
 .text.USBD_LL_SOF
                0x0800d8b2       0x40 ./Middlewares/ST/STM32_USB_Device_Library/Core/Src/usbd_core.o
                0x0800d8b2                USBD_LL_SOF
 .text.USBD_CoreFindIF
                0x0800d8f2       0x1a ./Middlewares/ST/STM32_USB_Device_Library/Core/Src/usbd_core.o
                0x0800d8f2                USBD_CoreFindIF
 .text.USBD_CoreFindEP
                0x0800d90c       0x1a ./Middlewares/ST/STM32_USB_Device_Library/Core/Src/usbd_core.o
                0x0800d90c                USBD_CoreFindEP
 .text.SWAPBYTE
                0x0800d926       0x3e ./Middlewares/ST/STM32_USB_Device_Library/Core/Src/usbd_ctlreq.o
 .text.USBD_StdDevReq
                0x0800d964       0xe4 ./Middlewares/ST/STM32_USB_Device_Library/Core/Src/usbd_ctlreq.o
                0x0800d964                USBD_StdDevReq
 .text.USBD_StdItfReq
                0x0800da48       0xd8 ./Middlewares/ST/STM32_USB_Device_Library/Core/Src/usbd_ctlreq.o
                0x0800da48                USBD_StdItfReq
 .text.USBD_StdEPReq
                0x0800db20      0x33a ./Middlewares/ST/STM32_USB_Device_Library/Core/Src/usbd_ctlreq.o
                0x0800db20                USBD_StdEPReq
 *fill*         0x0800de5a        0x2 
 .text.USBD_GetDescriptor
                0x0800de5c      0x328 ./Middlewares/ST/STM32_USB_Device_Library/Core/Src/usbd_ctlreq.o
 .text.USBD_SetAddress
                0x0800e184       0x88 ./Middlewares/ST/STM32_USB_Device_Library/Core/Src/usbd_ctlreq.o
 .text.USBD_SetConfig
                0x0800e20c      0x154 ./Middlewares/ST/STM32_USB_Device_Library/Core/Src/usbd_ctlreq.o
 .text.USBD_GetConfig
                0x0800e360       0x6c ./Middlewares/ST/STM32_USB_Device_Library/Core/Src/usbd_ctlreq.o
 .text.USBD_GetStatus
                0x0800e3cc       0x68 ./Middlewares/ST/STM32_USB_Device_Library/Core/Src/usbd_ctlreq.o
 .text.USBD_SetFeature
                0x0800e434       0x52 ./Middlewares/ST/STM32_USB_Device_Library/Core/Src/usbd_ctlreq.o
 .text.USBD_ClrFeature
                0x0800e486       0x44 ./Middlewares/ST/STM32_USB_Device_Library/Core/Src/usbd_ctlreq.o
 .text.USBD_ParseSetupRequest
                0x0800e4ca       0x74 ./Middlewares/ST/STM32_USB_Device_Library/Core/Src/usbd_ctlreq.o
                0x0800e4ca                USBD_ParseSetupRequest
 .text.USBD_CtlError
                0x0800e53e       0x22 ./Middlewares/ST/STM32_USB_Device_Library/Core/Src/usbd_ctlreq.o
                0x0800e53e                USBD_CtlError
 .text.USBD_CtlSendData
                0x0800e560       0x36 ./Middlewares/ST/STM32_USB_Device_Library/Core/Src/usbd_ioreq.o
                0x0800e560                USBD_CtlSendData
 .text.USBD_CtlContinueSendData
                0x0800e596       0x22 ./Middlewares/ST/STM32_USB_Device_Library/Core/Src/usbd_ioreq.o
                0x0800e596                USBD_CtlContinueSendData
 .text.USBD_CtlContinueRx
                0x0800e5b8       0x22 ./Middlewares/ST/STM32_USB_Device_Library/Core/Src/usbd_ioreq.o
                0x0800e5b8                USBD_CtlContinueRx
 .text.USBD_CtlSendStatus
                0x0800e5da       0x26 ./Middlewares/ST/STM32_USB_Device_Library/Core/Src/usbd_ioreq.o
                0x0800e5da                USBD_CtlSendStatus
 .text.USBD_CtlReceiveStatus
                0x0800e600       0x26 ./Middlewares/ST/STM32_USB_Device_Library/Core/Src/usbd_ioreq.o
                0x0800e600                USBD_CtlReceiveStatus
 *fill*         0x0800e626        0x2 
 .text.SysTick_Handler
                0x0800e628       0x20 ./Middlewares/Third_Party/FreeRTOS/Source/CMSIS_RTOS_V2/cmsis_os2.o
                0x0800e628                SysTick_Handler
 .text.vListInsertEnd
                0x0800e648       0x48 ./Middlewares/Third_Party/FreeRTOS/Source/list.o
                0x0800e648                vListInsertEnd
 .text.uxListRemove
                0x0800e690       0x54 ./Middlewares/Third_Party/FreeRTOS/Source/list.o
                0x0800e690                uxListRemove
 .text.xTaskIncrementTick
                0x0800e6e4      0x164 ./Middlewares/Third_Party/FreeRTOS/Source/tasks.o
                0x0800e6e4                xTaskIncrementTick
 .text.vTaskSwitchContext
                0x0800e848       0xb8 ./Middlewares/Third_Party/FreeRTOS/Source/tasks.o
                0x0800e848                vTaskSwitchContext
 .text.prvResetNextTaskUnblockTime
                0x0800e900       0x40 ./Middlewares/Third_Party/FreeRTOS/Source/tasks.o
 .text.xTaskGetSchedulerState
                0x0800e940       0x3c ./Middlewares/Third_Party/FreeRTOS/Source/tasks.o
                0x0800e940                xTaskGetSchedulerState
 .text.prvSetupFPU
                0x0800e97c       0x30 ./Middlewares/Third_Party/FreeRTOS/Source/portable/GCC/ARM_CM33_NTZ/non_secure/port.o
 .text.xPortSysTickHandler
                0x0800e9ac       0x30 ./Middlewares/Third_Party/FreeRTOS/Source/portable/GCC/ARM_CM33_NTZ/non_secure/port.o
                0x0800e9ac                xPortSysTickHandler
 .text.vPortSVCHandler_C
                0x0800e9dc       0x36 ./Middlewares/Third_Party/FreeRTOS/Source/portable/GCC/ARM_CM33_NTZ/non_secure/port.o
                0x0800e9dc                vPortSVCHandler_C
 *fill*         0x0800ea12        0xe 
 .text.vRestoreContextOfFirstTask
                0x0800ea20       0x28 ./Middlewares/Third_Party/FreeRTOS/Source/portable/GCC/ARM_CM33_NTZ/non_secure/portasm.o
                0x0800ea20                vRestoreContextOfFirstTask
 .text.ulSetInterruptMask
                0x0800ea48       0x1a ./Middlewares/Third_Party/FreeRTOS/Source/portable/GCC/ARM_CM33_NTZ/non_secure/portasm.o
                0x0800ea48                ulSetInterruptMask
 .text.vClearInterruptMask
                0x0800ea62       0x10 ./Middlewares/Third_Party/FreeRTOS/Source/portable/GCC/ARM_CM33_NTZ/non_secure/portasm.o
                0x0800ea62                vClearInterruptMask
 *fill*         0x0800ea72        0xe 
 .text.PendSV_Handler
                0x0800ea80       0x68 ./Middlewares/Third_Party/FreeRTOS/Source/portable/GCC/ARM_CM33_NTZ/non_secure/portasm.o
                0x0800ea80                PendSV_Handler
 *fill*         0x0800eae8        0x8 
 .text.SVC_Handler
                0x0800eaf0       0x28 ./Middlewares/Third_Party/FreeRTOS/Source/portable/GCC/ARM_CM33_NTZ/non_secure/portasm.o
                0x0800eaf0                SVC_Handler
 .text.HAL_PCD_SetupStageCallback
                0x0800eb18       0x24 ./USB_Device/Target/usbd_conf.o
                0x0800eb18                HAL_PCD_SetupStageCallback
 .text.HAL_PCD_DataOutStageCallback
                0x0800eb3c       0x36 ./USB_Device/Target/usbd_conf.o
                0x0800eb3c                HAL_PCD_DataOutStageCallback
 .text.HAL_PCD_DataInStageCallback
                0x0800eb72       0x34 ./USB_Device/Target/usbd_conf.o
                0x0800eb72                HAL_PCD_DataInStageCallback
 .text.HAL_PCD_SOFCallback
                0x0800eba6       0x1c ./USB_Device/Target/usbd_conf.o
                0x0800eba6                HAL_PCD_SOFCallback
 .text.HAL_PCD_ResetCallback
                0x0800ebc2       0x3c ./USB_Device/Target/usbd_conf.o
                0x0800ebc2                HAL_PCD_ResetCallback
 *fill*         0x0800ebfe        0x2 
 .text.HAL_PCD_SuspendCallback
                0x0800ec00       0x34 ./USB_Device/Target/usbd_conf.o
                0x0800ec00                HAL_PCD_SuspendCallback
 .text.HAL_PCD_ResumeCallback
                0x0800ec34       0x38 ./USB_Device/Target/usbd_conf.o
                0x0800ec34                HAL_PCD_ResumeCallback
 .text.USBD_LL_OpenEP
                0x0800ec6c       0x4c ./USB_Device/Target/usbd_conf.o
                0x0800ec6c                USBD_LL_OpenEP
 .text.USBD_LL_StallEP
                0x0800ecb8       0x3e ./USB_Device/Target/usbd_conf.o
                0x0800ecb8                USBD_LL_StallEP
 .text.USBD_LL_ClearStallEP
                0x0800ecf6       0x3e ./USB_Device/Target/usbd_conf.o
                0x0800ecf6                USBD_LL_ClearStallEP
 .text.USBD_LL_IsStallEP
                0x0800ed34       0x58 ./USB_Device/Target/usbd_conf.o
                0x0800ed34                USBD_LL_IsStallEP
 .text.USBD_LL_SetUSBAddress
                0x0800ed8c       0x3e ./USB_Device/Target/usbd_conf.o
                0x0800ed8c                USBD_LL_SetUSBAddress
 .text.USBD_LL_Transmit
                0x0800edca       0x42 ./USB_Device/Target/usbd_conf.o
                0x0800edca                USBD_LL_Transmit
 .text.USBD_LL_PrepareReceive
                0x0800ee0c       0x42 ./USB_Device/Target/usbd_conf.o
                0x0800ee0c                USBD_LL_PrepareReceive
 *fill*         0x0800ee4e        0x2 
 .text.HAL_PCDEx_LPM_Callback
                0x0800ee50       0x6c ./USB_Device/Target/usbd_conf.o
                0x0800ee50                HAL_PCDEx_LPM_Callback
 .text.SystemClockConfig_Resume
                0x0800eebc        0xc ./USB_Device/Target/usbd_conf.o
 .text.USBD_Get_USB_Status
                0x0800eec8       0x58 ./USB_Device/Target/usbd_conf.o
 .text.malloc   0x0800ef20       0x10 /opt/stm32cubeide/plugins/com.st.stm32cube.ide.mcu.externaltools.gnu-tools-for-stm32.13.3.rel1.linux64_1.0.0.202410170706/tools/bin/../lib/gcc/arm-none-eabi/13.3.1/../../../../arm-none-eabi/lib/thumb/v8-m.main+fp/hard/libc_nano.a(libc_a-malloc.o)
                0x0800ef20                malloc
 .text.free     0x0800ef30       0x10 /opt/stm32cubeide/plugins/com.st.stm32cube.ide.mcu.externaltools.gnu-tools-for-stm32.13.3.rel1.linux64_1.0.0.202410170706/tools/bin/../lib/gcc/arm-none-eabi/13.3.1/../../../../arm-none-eabi/lib/thumb/v8-m.main+fp/hard/libc_nano.a(libc_a-malloc.o)
                0x0800ef30                free
 .text.sbrk_aligned
                0x0800ef40       0x44 /opt/stm32cubeide/plugins/com.st.stm32cube.ide.mcu.externaltools.gnu-tools-for-stm32.13.3.rel1.linux64_1.0.0.202410170706/tools/bin/../lib/gcc/arm-none-eabi/13.3.1/../../../../arm-none-eabi/lib/thumb/v8-m.main+fp/hard/libc_nano.a(libc_a-mallocr.o)
 .text._malloc_r
                0x0800ef84      0x100 /opt/stm32cubeide/plugins/com.st.stm32cube.ide.mcu.externaltools.gnu-tools-for-stm32.13.3.rel1.linux64_1.0.0.202410170706/tools/bin/../lib/gcc/arm-none-eabi/13.3.1/../../../../arm-none-eabi/lib/thumb/v8-m.main+fp/hard/libc_nano.a(libc_a-mallocr.o)
                0x0800ef84                _malloc_r
 .text.__malloc_lock
                0x0800f084        0xc /opt/stm32cubeide/plugins/com.st.stm32cube.ide.mcu.externaltools.gnu-tools-for-stm32.13.3.rel1.linux64_1.0.0.202410170706/tools/bin/../lib/gcc/arm-none-eabi/13.3.1/../../../../arm-none-eabi/lib/thumb/v8-m.main+fp/hard/libc_nano.a(libc_a-mlock.o)
                0x0800f084                __malloc_lock
 .text.__malloc_unlock
                0x0800f090        0xc /opt/stm32cubeide/plugins/com.st.stm32cube.ide.mcu.externaltools.gnu-tools-for-stm32.13.3.rel1.linux64_1.0.0.202410170706/tools/bin/../lib/gcc/arm-none-eabi/13.3.1/../../../../arm-none-eabi/lib/thumb/v8-m.main+fp/hard/libc_nano.a(libc_a-mlock.o)
                0x0800f090                __malloc_unlock
 .text.memset   0x0800f09c       0x10 /opt/stm32cubeide/plugins/com.st.stm32cube.ide.mcu.externaltools.gnu-tools-for-stm32.13.3.rel1.linux64_1.0.0.202410170706/tools/bin/../lib/gcc/arm-none-eabi/13.3.1/../../../../arm-none-eabi/lib/thumb/v8-m.main+fp/hard/libc_nano.a(libc_a-memset.o)
                0x0800f09c                memset
 .text._sbrk_r  0x0800f0ac       0x20 /opt/stm32cubeide/plugins/com.st.stm32cube.ide.mcu.externaltools.gnu-tools-for-stm32.13.3.rel1.linux64_1.0.0.202410170706/tools/bin/../lib/gcc/arm-none-eabi/13.3.1/../../../../arm-none-eabi/lib/thumb/v8-m.main+fp/hard/libc_nano.a(libc_a-sbrkr.o)
                0x0800f0ac                _sbrk_r
 .text.__errno  0x0800f0cc        0xc /opt/stm32cubeide/plugins/com.st.stm32cube.ide.mcu.externaltools.gnu-tools-for-stm32.13.3.rel1.linux64_1.0.0.202410170706/tools/bin/../lib/gcc/arm-none-eabi/13.3.1/../../../../arm-none-eabi/lib/thumb/v8-m.main+fp/hard/libc_nano.a(libc_a-errno.o)
                0x0800f0cc                __errno
 .text.__libc_init_array
                0x0800f0d8       0x48 /opt/stm32cubeide/plugins/com.st.stm32cube.ide.mcu.externaltools.gnu-tools-for-stm32.13.3.rel1.linux64_1.0.0.202410170706/tools/bin/../lib/gcc/arm-none-eabi/13.3.1/../../../../arm-none-eabi/lib/thumb/v8-m.main+fp/hard/libc_nano.a(libc_a-init.o)
                0x0800f0d8                __libc_init_array
 .text.__retarget_lock_acquire_recursive
                0x0800f120        0x2 /opt/stm32cubeide/plugins/com.st.stm32cube.ide.mcu.externaltools.gnu-tools-for-stm32.13.3.rel1.linux64_1.0.0.202410170706/tools/bin/../lib/gcc/arm-none-eabi/13.3.1/../../../../arm-none-eabi/lib/thumb/v8-m.main+fp/hard/libc_nano.a(libc_a-lock.o)
                0x0800f120                __retarget_lock_acquire_recursive
 .text.__retarget_lock_release_recursive
                0x0800f122        0x2 /opt/stm32cubeide/plugins/com.st.stm32cube.ide.mcu.externaltools.gnu-tools-for-stm32.13.3.rel1.linux64_1.0.0.202410170706/tools/bin/../lib/gcc/arm-none-eabi/13.3.1/../../../../arm-none-eabi/lib/thumb/v8-m.main+fp/hard/libc_nano.a(libc_a-lock.o)
                0x0800f122                __retarget_lock_release_recursive
 .text._free_r  0x0800f124       0x94 /opt/stm32cubeide/plugins/com.st.stm32cube.ide.mcu.externaltools.gnu-tools-for-stm32.13.3.rel1.linux64_1.0.0.202410170706/tools/bin/../lib/gcc/arm-none-eabi/13.3.1/../../../../arm-none-eabi/lib/thumb/v8-m.main+fp/hard/libc_nano.a(libc_a-freer.o)
                0x0800f124                _free_r
 .text.log      0x0800f1b8       0x7c /opt/stm32cubeide/plugins/com.st.stm32cube.ide.mcu.externaltools.gnu-tools-for-stm32.13.3.rel1.linux64_1.0.0.202410170706/tools/bin/../lib/gcc/arm-none-eabi/13.3.1/../../../../arm-none-eabi/lib/thumb/v8-m.main+fp/hard/libm.a(libm_a-w_log.o)
                0x0800f1b8                log
 *fill*         0x0800f234        0x4 
 .text.nan      0x0800f238       0x10 /opt/stm32cubeide/plugins/com.st.stm32cube.ide.mcu.externaltools.gnu-tools-for-stm32.13.3.rel1.linux64_1.0.0.202410170706/tools/bin/../lib/gcc/arm-none-eabi/13.3.1/../../../../arm-none-eabi/lib/thumb/v8-m.main+fp/hard/libm.a(libm_a-s_nan.o)
                0x0800f238                nan
 .text.__ieee754_log
                0x0800f248      0x364 /opt/stm32cubeide/plugins/com.st.stm32cube.ide.mcu.externaltools.gnu-tools-for-stm32.13.3.rel1.linux64_1.0.0.202410170706/tools/bin/../lib/gcc/arm-none-eabi/13.3.1/../../../../arm-none-eabi/lib/thumb/v8-m.main+fp/hard/libm.a(libm_a-e_log.o)
                0x0800f248                __ieee754_log
 *(.glue_7)
 .glue_7        0x0800f5ac        0x0 linker stubs
 *(.glue_7t)
 .glue_7t       0x0800f5ac        0x0 linker stubs
 *(.eh_frame)
 .eh_frame      0x0800f5ac        0x0 /opt/stm32cubeide/plugins/com.st.stm32cube.ide.mcu.externaltools.gnu-tools-for-stm32.13.3.rel1.linux64_1.0.0.202410170706/tools/bin/../lib/gcc/arm-none-eabi/13.3.1/thumb/v8-m.main+fp/hard/crtbegin.o
 *(.init)
 .init          0x0800f5ac        0x4 /opt/stm32cubeide/plugins/com.st.stm32cube.ide.mcu.externaltools.gnu-tools-for-stm32.13.3.rel1.linux64_1.0.0.202410170706/tools/bin/../lib/gcc/arm-none-eabi/13.3.1/thumb/v8-m.main+fp/hard/crti.o
                0x0800f5ac                _init
 .init          0x0800f5b0        0x8 /opt/stm32cubeide/plugins/com.st.stm32cube.ide.mcu.externaltools.gnu-tools-for-stm32.13.3.rel1.linux64_1.0.0.202410170706/tools/bin/../lib/gcc/arm-none-eabi/13.3.1/thumb/v8-m.main+fp/hard/crtn.o
 *(.fini)
 .fini          0x0800f5b8        0x4 /opt/stm32cubeide/plugins/com.st.stm32cube.ide.mcu.externaltools.gnu-tools-for-stm32.13.3.rel1.linux64_1.0.0.202410170706/tools/bin/../lib/gcc/arm-none-eabi/13.3.1/thumb/v8-m.main+fp/hard/crti.o
                0x0800f5b8                _fini
 .fini          0x0800f5bc        0x8 /opt/stm32cubeide/plugins/com.st.stm32cube.ide.mcu.externaltools.gnu-tools-for-stm32.13.3.rel1.linux64_1.0.0.202410170706/tools/bin/../lib/gcc/arm-none-eabi/13.3.1/thumb/v8-m.main+fp/hard/crtn.o
                0x0800f5c4                        . = ALIGN (0x4)
                0x0800f5c4                        _etext = .

.vfp11_veneer   0x0800f5c4        0x0
 .vfp11_veneer  0x0800f5c4        0x0 linker stubs

.v4_bx          0x0800f5c4        0x0
 .v4_bx         0x0800f5c4        0x0 linker stubs

.iplt           0x0800f5c4        0x0
 .iplt          0x0800f5c4        0x0 /opt/stm32cubeide/plugins/com.st.stm32cube.ide.mcu.externaltools.gnu-tools-for-stm32.13.3.rel1.linux64_1.0.0.202410170706/tools/bin/../lib/gcc/arm-none-eabi/13.3.1/thumb/v8-m.main+fp/hard/crtbegin.o

.rodata         0x0800f5c4      0x25c
                0x0800f5c4                        . = ALIGN (0x4)
 *(.rodata)
 *(.rodata*)
 .rodata.crc15Table
                0x0800f5c4      0x200 ./BMS/LTC681x.o
                0x0800f5c4                crc15Table
 .rodata.AHBPrescTable
                0x0800f7c4       0x10 ./Core/Src/system_stm32l5xx.o
                0x0800f7c4                AHBPrescTable
 .rodata.APBPrescTable
                0x0800f7d4        0x8 ./Core/Src/system_stm32l5xx.o
                0x0800f7d4                APBPrescTable
 .rodata.MSIRangeTable
                0x0800f7dc       0x40 ./Core/Src/system_stm32l5xx.o
                0x0800f7dc                MSIRangeTable
 .rodata.log.str1.1
                0x0800f81c        0x1 /opt/stm32cubeide/plugins/com.st.stm32cube.ide.mcu.externaltools.gnu-tools-for-stm32.13.3.rel1.linux64_1.0.0.202410170706/tools/bin/../lib/gcc/arm-none-eabi/13.3.1/../../../../arm-none-eabi/lib/thumb/v8-m.main+fp/hard/libm.a(libm_a-w_log.o)
                0x0800f820                        . = ALIGN (0x4)
 *fill*         0x0800f81d        0x3 

.ARM.extab      0x0800f820        0x0
                0x0800f820                        . = ALIGN (0x4)
 *(.ARM.extab* .gnu.linkonce.armextab.*)
                0x0800f820                        . = ALIGN (0x4)

.ARM            0x0800f820        0x0
                0x0800f820                        . = ALIGN (0x4)
                0x0800f820                        __exidx_start = .
 *(.ARM.exidx*)
                0x0800f820                        __exidx_end = .
                0x0800f820                        . = ALIGN (0x4)

.preinit_array  0x0800f820        0x0
                0x0800f820                        . = ALIGN (0x4)
                0x0800f820                        PROVIDE (__preinit_array_start = .)
 *(.preinit_array*)
                0x0800f820                        PROVIDE (__preinit_array_end = .)
                0x0800f820                        . = ALIGN (0x4)

.init_array     0x0800f820        0x4
                0x0800f820                        . = ALIGN (0x4)
                0x0800f820                        PROVIDE (__init_array_start = .)
 *(SORT_BY_NAME(.init_array.*))
 *(.init_array*)
 .init_array    0x0800f820        0x4 /opt/stm32cubeide/plugins/com.st.stm32cube.ide.mcu.externaltools.gnu-tools-for-stm32.13.3.rel1.linux64_1.0.0.202410170706/tools/bin/../lib/gcc/arm-none-eabi/13.3.1/thumb/v8-m.main+fp/hard/crtbegin.o
                0x0800f824                        PROVIDE (__init_array_end = .)
                0x0800f824                        . = ALIGN (0x4)

.fini_array     0x0800f824        0x4
                0x0800f824                        . = ALIGN (0x4)
                [!provide]                        PROVIDE (__fini_array_start = .)
 *(SORT_BY_NAME(.fini_array.*))
 *(.fini_array*)
 .fini_array    0x0800f824        0x4 /opt/stm32cubeide/plugins/com.st.stm32cube.ide.mcu.externaltools.gnu-tools-for-stm32.13.3.rel1.linux64_1.0.0.202410170706/tools/bin/../lib/gcc/arm-none-eabi/13.3.1/thumb/v8-m.main+fp/hard/crtbegin.o
                [!provide]                        PROVIDE (__fini_array_end = .)
                0x0800f828                        . = ALIGN (0x4)
                0x0800f828                        _sidata = LOADADDR (.data)

.rel.dyn        0x0800f828        0x0
 .rel.iplt      0x0800f828        0x0 /opt/stm32cubeide/plugins/com.st.stm32cube.ide.mcu.externaltools.gnu-tools-for-stm32.13.3.rel1.linux64_1.0.0.202410170706/tools/bin/../lib/gcc/arm-none-eabi/13.3.1/thumb/v8-m.main+fp/hard/crtbegin.o

.data           0x20000000       0x70 load address 0x0800f828
                0x20000000                        . = ALIGN (0x4)
                0x20000000                        _sdata = .
 *(.data)
 *(.data*)
 .data.ThermB   0x20000000        0x4 ./BMS/BMS.o
                0x20000000                ThermB
 .data.ThermR25
                0x20000004        0x4 ./BMS/BMS.o
                0x20000004                ThermR25
 .data.ThermRs  0x20000008        0x4 ./BMS/BMS.o
                0x20000008                ThermRs
 .data.REFON    0x2000000c        0x1 ./BMS/BMS.o
                0x2000000c                REFON
 .data.ADCOPT   0x2000000d        0x1 ./BMS/BMS.o
                0x2000000d                ADCOPT
 .data.uv_a     0x2000000e        0x2 ./BMS/BMS.o
                0x2000000e                uv_a
 .data.ov_a     0x20000010        0x2 ./BMS/BMS.o
                0x20000010                ov_a
 *fill*         0x20000012        0x2 
 .data.SystemCoreClock
                0x20000014        0x4 ./Core/Src/system_stm32l5xx.o
                0x20000014                SystemCoreClock
 .data.uwTickPrio
                0x20000018        0x4 ./Drivers/STM32L5xx_HAL_Driver/Src/stm32l5xx_hal.o
                0x20000018                uwTickPrio
 .data.uwTickFreq
                0x2000001c        0x1 ./Drivers/STM32L5xx_HAL_Driver/Src/stm32l5xx_hal.o
                0x2000001c                uwTickFreq
 *fill*         0x2000001d        0x3 
 .data._impure_ptr
                0x20000020        0x4 /opt/stm32cubeide/plugins/com.st.stm32cube.ide.mcu.externaltools.gnu-tools-for-stm32.13.3.rel1.linux64_1.0.0.202410170706/tools/bin/../lib/gcc/arm-none-eabi/13.3.1/../../../../arm-none-eabi/lib/thumb/v8-m.main+fp/hard/libc_nano.a(libc_a-impure.o)
                0x20000020                _impure_ptr
 .data._impure_data
                0x20000024       0x4c /opt/stm32cubeide/plugins/com.st.stm32cube.ide.mcu.externaltools.gnu-tools-for-stm32.13.3.rel1.linux64_1.0.0.202410170706/tools/bin/../lib/gcc/arm-none-eabi/13.3.1/../../../../arm-none-eabi/lib/thumb/v8-m.main+fp/hard/libc_nano.a(libc_a-impure.o)
                0x20000024                _impure_data
 *(.RamFunc)
 *(.RamFunc*)
                0x20000070                        . = ALIGN (0x4)
                0x20000070                        _edata = .

.igot.plt       0x20000070        0x0 load address 0x0800f898
 .igot.plt      0x20000070        0x0 /opt/stm32cubeide/plugins/com.st.stm32cube.ide.mcu.externaltools.gnu-tools-for-stm32.13.3.rel1.linux64_1.0.0.202410170706/tools/bin/../lib/gcc/arm-none-eabi/13.3.1/thumb/v8-m.main+fp/hard/crtbegin.o
                0x20000070                        . = ALIGN (0x4)

.bss            0x20000070      0xe74 load address 0x0800f898
                0x20000070                        _sbss = .
                0x20000070                        __bss_start__ = _sbss
 *(.bss)
 .bss           0x20000070       0x1c /opt/stm32cubeide/plugins/com.st.stm32cube.ide.mcu.externaltools.gnu-tools-for-stm32.13.3.rel1.linux64_1.0.0.202410170706/tools/bin/../lib/gcc/arm-none-eabi/13.3.1/thumb/v8-m.main+fp/hard/crtbegin.o
 *(.bss*)
 .bss.bms_ic    0x2000008c       0xe8 ./BMS/BMS.o
                0x2000008c                bms_ic
 .bss.voltages  0x20000174       0x1c ./BMS/BMS.o
                0x20000174                voltages
 .bss.temperatures
                0x20000190        0xc ./BMS/BMS.o
                0x20000190                temperatures
 .bss.currents  0x2000019c        0x8 ./BMS/BMS.o
                0x2000019c                currents
 .bss.adcVal    0x200001a4        0x8 ./BMS/BMS.o
                0x200001a4                adcVal
 .bss.gpioBits_a
                0x200001ac        0x5 ./BMS/BMS.o
                0x200001ac                gpioBits_a
 *fill*         0x200001b1        0x3 
 .bss.dccBits_a
                0x200001b4        0xc ./BMS/BMS.o
                0x200001b4                dccBits_a
 .bss.dctoBits_a
                0x200001c0        0x4 ./BMS/BMS.o
                0x200001c0                dctoBits_a
 .bss.cvError   0x200001c4        0x1 ./BMS/BMS.o
                0x200001c4                cvError
 .bss.auxError  0x200001c5        0x1 ./BMS/BMS.o
                0x200001c5                auxError
 *fill*         0x200001c6        0x2 
 .bss.hadc1     0x200001c8       0x68 ./Core/Src/adc.o
                0x200001c8                hadc1
 .bss.hadc2     0x20000230       0x68 ./Core/Src/adc.o
                0x20000230                hadc2
 .bss.hdma_adc1
                0x20000298       0x68 ./Core/Src/adc.o
                0x20000298                hdma_adc1
 .bss.hdma_adc2
                0x20000300       0x68 ./Core/Src/adc.o
                0x20000300                hdma_adc2
 .bss.HAL_RCC_ADC_CLK_ENABLED
                0x20000368        0x4 ./Core/Src/adc.o
 .bss.hfdcan1   0x2000036c       0x64 ./Core/Src/fdcan.o
                0x2000036c                hfdcan1
 .bss.flagTIM2  0x200003d0        0x1 ./Core/Src/main.o
                0x200003d0                flagTIM2
 .bss.FLAG_TIM3
                0x200003d1        0x1 ./Core/Src/main.o
                0x200003d1                FLAG_TIM3
 .bss.FLAG_TIM4
                0x200003d2        0x1 ./Core/Src/main.o
                0x200003d2                FLAG_TIM4
 .bss.FLAG_TIM5
                0x200003d3        0x1 ./Core/Src/main.o
                0x200003d3                FLAG_TIM5
 .bss.hrtc      0x200003d4       0x28 ./Core/Src/rtc.o
                0x200003d4                hrtc
 .bss.hspi1     0x200003fc       0x64 ./Core/Src/spi.o
                0x200003fc                hspi1
 .bss.htim6     0x20000460       0x4c ./Core/Src/stm32l5xx_hal_timebase_tim.o
                0x20000460                htim6
 .bss.__sbrk_heap_end
                0x200004ac        0x4 ./Core/Src/sysmem.o
 .bss.htim2     0x200004b0       0x4c ./Core/Src/tim.o
                0x200004b0                htim2
 .bss.htim3     0x200004fc       0x4c ./Core/Src/tim.o
                0x200004fc                htim3
 .bss.htim4     0x20000548       0x4c ./Core/Src/tim.o
                0x20000548                htim4
 .bss.htim5     0x20000594       0x4c ./Core/Src/tim.o
                0x20000594                htim5
 .bss.htim8     0x200005e0       0x4c ./Core/Src/tim.o
                0x200005e0                htim8
 .bss.uwTick    0x2000062c        0x4 ./Drivers/STM32L5xx_HAL_Driver/Src/stm32l5xx_hal.o
                0x2000062c                uwTick
 .bss.cfgidx.0  0x20000630        0x1 ./Middlewares/ST/STM32_USB_Device_Library/Core/Src/usbd_ctlreq.o
 *fill*         0x20000631        0x3 
 .bss.pxCurrentTCB
                0x20000634        0x4 ./Middlewares/Third_Party/FreeRTOS/Source/tasks.o
                0x20000634                pxCurrentTCB
 .bss.pxReadyTasksLists
                0x20000638      0x460 ./Middlewares/Third_Party/FreeRTOS/Source/tasks.o
 .bss.pxDelayedTaskList
                0x20000a98        0x4 ./Middlewares/Third_Party/FreeRTOS/Source/tasks.o
 .bss.pxOverflowDelayedTaskList
                0x20000a9c        0x4 ./Middlewares/Third_Party/FreeRTOS/Source/tasks.o
 .bss.xTickCount
                0x20000aa0        0x4 ./Middlewares/Third_Party/FreeRTOS/Source/tasks.o
 .bss.uxTopReadyPriority
                0x20000aa4        0x4 ./Middlewares/Third_Party/FreeRTOS/Source/tasks.o
 .bss.xSchedulerRunning
                0x20000aa8        0x4 ./Middlewares/Third_Party/FreeRTOS/Source/tasks.o
 .bss.xPendedTicks
                0x20000aac        0x4 ./Middlewares/Third_Party/FreeRTOS/Source/tasks.o
 .bss.xYieldPending
                0x20000ab0        0x4 ./Middlewares/Third_Party/FreeRTOS/Source/tasks.o
 .bss.xNumOfOverflows
                0x20000ab4        0x4 ./Middlewares/Third_Party/FreeRTOS/Source/tasks.o
 .bss.xNextTaskUnblockTime
                0x20000ab8        0x4 ./Middlewares/Third_Party/FreeRTOS/Source/tasks.o
 .bss.uxSchedulerSuspended
                0x20000abc        0x4 ./Middlewares/Third_Party/FreeRTOS/Source/tasks.o
 .bss.hpcd_USB_FS
                0x20000ac0      0x2dc ./USB_Device/Target/usbd_conf.o
                0x20000ac0                hpcd_USB_FS
 .bss.__malloc_sbrk_start
                0x20000d9c        0x4 /opt/stm32cubeide/plugins/com.st.stm32cube.ide.mcu.externaltools.gnu-tools-for-stm32.13.3.rel1.linux64_1.0.0.202410170706/tools/bin/../lib/gcc/arm-none-eabi/13.3.1/../../../../arm-none-eabi/lib/thumb/v8-m.main+fp/hard/libc_nano.a(libc_a-mallocr.o)
                0x20000d9c                __malloc_sbrk_start
 .bss.__malloc_free_list
                0x20000da0        0x4 /opt/stm32cubeide/plugins/com.st.stm32cube.ide.mcu.externaltools.gnu-tools-for-stm32.13.3.rel1.linux64_1.0.0.202410170706/tools/bin/../lib/gcc/arm-none-eabi/13.3.1/../../../../arm-none-eabi/lib/thumb/v8-m.main+fp/hard/libc_nano.a(libc_a-mallocr.o)
                0x20000da0                __malloc_free_list
 .bss.__sf      0x20000da4      0x138 /opt/stm32cubeide/plugins/com.st.stm32cube.ide.mcu.externaltools.gnu-tools-for-stm32.13.3.rel1.linux64_1.0.0.202410170706/tools/bin/../lib/gcc/arm-none-eabi/13.3.1/../../../../arm-none-eabi/lib/thumb/v8-m.main+fp/hard/libc_nano.a(libc_a-findfp.o)
                0x20000da4                __sf
 .bss.errno     0x20000edc        0x4 /opt/stm32cubeide/plugins/com.st.stm32cube.ide.mcu.externaltools.gnu-tools-for-stm32.13.3.rel1.linux64_1.0.0.202410170706/tools/bin/../lib/gcc/arm-none-eabi/13.3.1/../../../../arm-none-eabi/lib/thumb/v8-m.main+fp/hard/libc_nano.a(libc_a-reent.o)
                0x20000edc                errno
 .bss.__lock___malloc_recursive_mutex
                0x20000ee0        0x1 /opt/stm32cubeide/plugins/com.st.stm32cube.ide.mcu.externaltools.gnu-tools-for-stm32.13.3.rel1.linux64_1.0.0.202410170706/tools/bin/../lib/gcc/arm-none-eabi/13.3.1/../../../../arm-none-eabi/lib/thumb/v8-m.main+fp/hard/libc_nano.a(libc_a-lock.o)
                0x20000ee0                __lock___malloc_recursive_mutex
 *(COMMON)
                0x20000ee4                        . = ALIGN (0x4)
 *fill*         0x20000ee1        0x3 
                0x20000ee4                        _ebss = .
                0x20000ee4                        __bss_end__ = _ebss

._user_heap_stack
                0x20000ee4      0x604 load address 0x0800f898
                0x20000ee8                        . = ALIGN (0x8)
 *fill*         0x20000ee4        0x4 
                [!provide]                        PROVIDE (end = .)
                0x20000ee8                        PROVIDE (_end = .)
                0x200010e8                        . = (. + _Min_Heap_Size)
 *fill*         0x20000ee8      0x200 
                0x200014e8                        . = (. + _Min_Stack_Size)
 *fill*         0x200010e8      0x400 
                0x200014e8                        . = ALIGN (0x8)

/DISCARD/
 libc.a(*)
 libm.a(*)
 libgcc.a(*)

.ARM.attributes
                0x00000000       0x36
 *(.ARM.attributes)
 .ARM.attributes
                0x00000000       0x26 /opt/stm32cubeide/plugins/com.st.stm32cube.ide.mcu.externaltools.gnu-tools-for-stm32.13.3.rel1.linux64_1.0.0.202410170706/tools/bin/../lib/gcc/arm-none-eabi/13.3.1/thumb/v8-m.main+fp/hard/crti.o
 .ARM.attributes
                0x00000026       0x38 /opt/stm32cubeide/plugins/com.st.stm32cube.ide.mcu.externaltools.gnu-tools-for-stm32.13.3.rel1.linux64_1.0.0.202410170706/tools/bin/../lib/gcc/arm-none-eabi/13.3.1/thumb/v8-m.main+fp/hard/crtbegin.o
 .ARM.attributes
                0x0000005e       0x3a ./BMS/BMS.o
 .ARM.attributes
                0x00000098       0x3a ./BMS/LTC6811.o
 .ARM.attributes
                0x000000d2       0x3a ./BMS/LTC681x.o
 .ARM.attributes
                0x0000010c       0x3a ./BMS/LT_SPI.o
 .ARM.attributes
                0x00000146       0x3a ./Core/Src/adc.o
 .ARM.attributes
                0x00000180       0x3a ./Core/Src/dma.o
 .ARM.attributes
                0x000001ba       0x3a ./Core/Src/fdcan.o
 .ARM.attributes
                0x000001f4       0x3a ./Core/Src/gpio.o
 .ARM.attributes
                0x0000022e       0x3a ./Core/Src/icache.o
 .ARM.attributes
                0x00000268       0x3a ./Core/Src/main.o
 .ARM.attributes
                0x000002a2       0x3a ./Core/Src/rtc.o
 .ARM.attributes
                0x000002dc       0x3a ./Core/Src/spi.o
 .ARM.attributes
                0x00000316       0x3a ./Core/Src/stm32l5xx_hal_msp.o
 .ARM.attributes
                0x00000350       0x3a ./Core/Src/stm32l5xx_hal_timebase_tim.o
 .ARM.attributes
                0x0000038a       0x3a ./Core/Src/stm32l5xx_it.o
 .ARM.attributes
                0x000003c4       0x3a ./Core/Src/sysmem.o
 .ARM.attributes
                0x000003fe       0x3a ./Core/Src/system_stm32l5xx.o
 .ARM.attributes
                0x00000438       0x3a ./Core/Src/tim.o
 .ARM.attributes
                0x00000472       0x24 ./Core/Startup/startup_stm32l552retx.o
 .ARM.attributes
                0x00000496       0x3a ./Drivers/STM32L5xx_HAL_Driver/Src/stm32l5xx_hal.o
 .ARM.attributes
                0x000004d0       0x3a ./Drivers/STM32L5xx_HAL_Driver/Src/stm32l5xx_hal_adc.o
 .ARM.attributes
                0x0000050a       0x3a ./Drivers/STM32L5xx_HAL_Driver/Src/stm32l5xx_hal_adc_ex.o
 .ARM.attributes
                0x00000544       0x3a ./Drivers/STM32L5xx_HAL_Driver/Src/stm32l5xx_hal_cortex.o
 .ARM.attributes
                0x0000057e       0x3a ./Drivers/STM32L5xx_HAL_Driver/Src/stm32l5xx_hal_dma.o
 .ARM.attributes
                0x000005b8       0x3a ./Drivers/STM32L5xx_HAL_Driver/Src/stm32l5xx_hal_fdcan.o
 .ARM.attributes
                0x000005f2       0x3a ./Drivers/STM32L5xx_HAL_Driver/Src/stm32l5xx_hal_gpio.o
 .ARM.attributes
                0x0000062c       0x3a ./Drivers/STM32L5xx_HAL_Driver/Src/stm32l5xx_hal_icache.o
 .ARM.attributes
                0x00000666       0x3a ./Drivers/STM32L5xx_HAL_Driver/Src/stm32l5xx_hal_pcd.o
 .ARM.attributes
                0x000006a0       0x3a ./Drivers/STM32L5xx_HAL_Driver/Src/stm32l5xx_hal_pwr.o
 .ARM.attributes
                0x000006da       0x3a ./Drivers/STM32L5xx_HAL_Driver/Src/stm32l5xx_hal_pwr_ex.o
 .ARM.attributes
                0x00000714       0x3a ./Drivers/STM32L5xx_HAL_Driver/Src/stm32l5xx_hal_rcc.o
 .ARM.attributes
                0x0000074e       0x3a ./Drivers/STM32L5xx_HAL_Driver/Src/stm32l5xx_hal_rcc_ex.o
 .ARM.attributes
                0x00000788       0x3a ./Drivers/STM32L5xx_HAL_Driver/Src/stm32l5xx_hal_rtc.o
 .ARM.attributes
                0x000007c2       0x3a ./Drivers/STM32L5xx_HAL_Driver/Src/stm32l5xx_hal_rtc_ex.o
 .ARM.attributes
                0x000007fc       0x3a ./Drivers/STM32L5xx_HAL_Driver/Src/stm32l5xx_hal_spi.o
 .ARM.attributes
                0x00000836       0x3a ./Drivers/STM32L5xx_HAL_Driver/Src/stm32l5xx_hal_tim.o
 .ARM.attributes
                0x00000870       0x3a ./Drivers/STM32L5xx_HAL_Driver/Src/stm32l5xx_hal_tim_ex.o
 .ARM.attributes
                0x000008aa       0x3a ./Drivers/STM32L5xx_HAL_Driver/Src/stm32l5xx_ll_usb.o
 .ARM.attributes
                0x000008e4       0x3a ./Middlewares/ST/STM32_USB_Device_Library/Core/Src/usbd_core.o
 .ARM.attributes
                0x0000091e       0x3a ./Middlewares/ST/STM32_USB_Device_Library/Core/Src/usbd_ctlreq.o
 .ARM.attributes
                0x00000958       0x3a ./Middlewares/ST/STM32_USB_Device_Library/Core/Src/usbd_ioreq.o
 .ARM.attributes
                0x00000992       0x3a ./Middlewares/Third_Party/FreeRTOS/Source/CMSIS_RTOS_V2/cmsis_os2.o
 .ARM.attributes
                0x000009cc       0x3a ./Middlewares/Third_Party/FreeRTOS/Source/list.o
 .ARM.attributes
                0x00000a06       0x3a ./Middlewares/Third_Party/FreeRTOS/Source/tasks.o
 .ARM.attributes
                0x00000a40       0x3a ./Middlewares/Third_Party/FreeRTOS/Source/portable/GCC/ARM_CM33_NTZ/non_secure/port.o
 .ARM.attributes
                0x00000a7a       0x3a ./Middlewares/Third_Party/FreeRTOS/Source/portable/GCC/ARM_CM33_NTZ/non_secure/portasm.o
 .ARM.attributes
                0x00000ab4       0x3a ./USB_Device/Target/usbd_conf.o
 .ARM.attributes
                0x00000aee       0x38 /opt/stm32cubeide/plugins/com.st.stm32cube.ide.mcu.externaltools.gnu-tools-for-stm32.13.3.rel1.linux64_1.0.0.202410170706/tools/bin/../lib/gcc/arm-none-eabi/13.3.1/../../../../arm-none-eabi/lib/thumb/v8-m.main+fp/hard/libc_nano.a(libc_a-malloc.o)
 .ARM.attributes
                0x00000b26       0x38 /opt/stm32cubeide/plugins/com.st.stm32cube.ide.mcu.externaltools.gnu-tools-for-stm32.13.3.rel1.linux64_1.0.0.202410170706/tools/bin/../lib/gcc/arm-none-eabi/13.3.1/../../../../arm-none-eabi/lib/thumb/v8-m.main+fp/hard/libc_nano.a(libc_a-mallocr.o)
 .ARM.attributes
                0x00000b5e       0x38 /opt/stm32cubeide/plugins/com.st.stm32cube.ide.mcu.externaltools.gnu-tools-for-stm32.13.3.rel1.linux64_1.0.0.202410170706/tools/bin/../lib/gcc/arm-none-eabi/13.3.1/../../../../arm-none-eabi/lib/thumb/v8-m.main+fp/hard/libc_nano.a(libc_a-mlock.o)
 .ARM.attributes
                0x00000b96       0x38 /opt/stm32cubeide/plugins/com.st.stm32cube.ide.mcu.externaltools.gnu-tools-for-stm32.13.3.rel1.linux64_1.0.0.202410170706/tools/bin/../lib/gcc/arm-none-eabi/13.3.1/../../../../arm-none-eabi/lib/thumb/v8-m.main+fp/hard/libc_nano.a(libc_a-findfp.o)
 .ARM.attributes
                0x00000bce       0x38 /opt/stm32cubeide/plugins/com.st.stm32cube.ide.mcu.externaltools.gnu-tools-for-stm32.13.3.rel1.linux64_1.0.0.202410170706/tools/bin/../lib/gcc/arm-none-eabi/13.3.1/../../../../arm-none-eabi/lib/thumb/v8-m.main+fp/hard/libc_nano.a(libc_a-memset.o)
 .ARM.attributes
                0x00000c06       0x38 /opt/stm32cubeide/plugins/com.st.stm32cube.ide.mcu.externaltools.gnu-tools-for-stm32.13.3.rel1.linux64_1.0.0.202410170706/tools/bin/../lib/gcc/arm-none-eabi/13.3.1/../../../../arm-none-eabi/lib/thumb/v8-m.main+fp/hard/libc_nano.a(libc_a-reent.o)
 .ARM.attributes
                0x00000c3e       0x38 /opt/stm32cubeide/plugins/com.st.stm32cube.ide.mcu.externaltools.gnu-tools-for-stm32.13.3.rel1.linux64_1.0.0.202410170706/tools/bin/../lib/gcc/arm-none-eabi/13.3.1/../../../../arm-none-eabi/lib/thumb/v8-m.main+fp/hard/libc_nano.a(libc_a-impure.o)
 .ARM.attributes
                0x00000c76       0x38 /opt/stm32cubeide/plugins/com.st.stm32cube.ide.mcu.externaltools.gnu-tools-for-stm32.13.3.rel1.linux64_1.0.0.202410170706/tools/bin/../lib/gcc/arm-none-eabi/13.3.1/../../../../arm-none-eabi/lib/thumb/v8-m.main+fp/hard/libc_nano.a(libc_a-sbrkr.o)
 .ARM.attributes
                0x00000cae       0x38 /opt/stm32cubeide/plugins/com.st.stm32cube.ide.mcu.externaltools.gnu-tools-for-stm32.13.3.rel1.linux64_1.0.0.202410170706/tools/bin/../lib/gcc/arm-none-eabi/13.3.1/../../../../arm-none-eabi/lib/thumb/v8-m.main+fp/hard/libc_nano.a(libc_a-errno.o)
 .ARM.attributes
                0x00000ce6       0x38 /opt/stm32cubeide/plugins/com.st.stm32cube.ide.mcu.externaltools.gnu-tools-for-stm32.13.3.rel1.linux64_1.0.0.202410170706/tools/bin/../lib/gcc/arm-none-eabi/13.3.1/../../../../arm-none-eabi/lib/thumb/v8-m.main+fp/hard/libc_nano.a(libc_a-init.o)
 .ARM.attributes
                0x00000d1e       0x38 /opt/stm32cubeide/plugins/com.st.stm32cube.ide.mcu.externaltools.gnu-tools-for-stm32.13.3.rel1.linux64_1.0.0.202410170706/tools/bin/../lib/gcc/arm-none-eabi/13.3.1/../../../../arm-none-eabi/lib/thumb/v8-m.main+fp/hard/libc_nano.a(libc_a-lock.o)
 .ARM.attributes
                0x00000d56       0x38 /opt/stm32cubeide/plugins/com.st.stm32cube.ide.mcu.externaltools.gnu-tools-for-stm32.13.3.rel1.linux64_1.0.0.202410170706/tools/bin/../lib/gcc/arm-none-eabi/13.3.1/../../../../arm-none-eabi/lib/thumb/v8-m.main+fp/hard/libc_nano.a(libc_a-freer.o)
 .ARM.attributes
                0x00000d8e       0x38 /opt/stm32cubeide/plugins/com.st.stm32cube.ide.mcu.externaltools.gnu-tools-for-stm32.13.3.rel1.linux64_1.0.0.202410170706/tools/bin/../lib/gcc/arm-none-eabi/13.3.1/../../../../arm-none-eabi/lib/thumb/v8-m.main+fp/hard/libm.a(libm_a-w_log.o)
 .ARM.attributes
                0x00000dc6       0x38 /opt/stm32cubeide/plugins/com.st.stm32cube.ide.mcu.externaltools.gnu-tools-for-stm32.13.3.rel1.linux64_1.0.0.202410170706/tools/bin/../lib/gcc/arm-none-eabi/13.3.1/../../../../arm-none-eabi/lib/thumb/v8-m.main+fp/hard/libm.a(libm_a-s_nan.o)
 .ARM.attributes
                0x00000dfe       0x38 /opt/stm32cubeide/plugins/com.st.stm32cube.ide.mcu.externaltools.gnu-tools-for-stm32.13.3.rel1.linux64_1.0.0.202410170706/tools/bin/../lib/gcc/arm-none-eabi/13.3.1/../../../../arm-none-eabi/lib/thumb/v8-m.main+fp/hard/libm.a(libm_a-e_log.o)
 .ARM.attributes
                0x00000e36       0x26 /opt/stm32cubeide/plugins/com.st.stm32cube.ide.mcu.externaltools.gnu-tools-for-stm32.13.3.rel1.linux64_1.0.0.202410170706/tools/bin/../lib/gcc/arm-none-eabi/13.3.1/thumb/v8-m.main+fp/hard/libgcc.a(_arm_addsubdf3.o)
 .ARM.attributes