Archive member included to satisfy reference by file (symbol)

/opt/stm32cubeide/plugins/com.st.stm32cube.ide.mcu.externaltools.gnu-tools-for-stm32.13.3.rel1.linux64_1.0.0.202410170706/tools/bin/../lib/gcc/arm-none-eabi/13.3.1/../../../../arm-none-eabi/lib/thumb/v8-m.main+fp/hard/libc_nano.a(libc_a-exit.o)
                              /opt/stm32cubeide/plugins/com.st.stm32cube.ide.mcu.externaltools.gnu-tools-for-stm32.13.3.rel1.linux64_1.0.0.202410170706/tools/bin/../lib/gcc/arm-none-eabi/13.3.1/../../../../arm-none-eabi/lib/thumb/v8-m.main+fp/hard/crt0.o (exit)
/opt/stm32cubeide/plugins/com.st.stm32cube.ide.mcu.externaltools.gnu-tools-for-stm32.13.3.rel1.linux64_1.0.0.202410170706/tools/bin/../lib/gcc/arm-none-eabi/13.3.1/../../../../arm-none-eabi/lib/thumb/v8-m.main+fp/hard/libc_nano.a(libc_a-malloc.o)
                              ./BMS/LTC681x.o (malloc)
/opt/stm32cubeide/plugins/com.st.stm32cube.ide.mcu.externaltools.gnu-tools-for-stm32.13.3.rel1.linux64_1.0.0.202410170706/tools/bin/../lib/gcc/arm-none-eabi/13.3.1/../../../../arm-none-eabi/lib/thumb/v8-m.main+fp/hard/libc_nano.a(libc_a-mallocr.o)
                              /opt/stm32cubeide/plugins/com.st.stm32cube.ide.mcu.externaltools.gnu-tools-for-stm32.13.3.rel1.linux64_1.0.0.202410170706/tools/bin/../lib/gcc/arm-none-eabi/13.3.1/../../../../arm-none-eabi/lib/thumb/v8-m.main+fp/hard/libc_nano.a(libc_a-malloc.o) (_malloc_r)
/opt/stm32cubeide/plugins/com.st.stm32cube.ide.mcu.externaltools.gnu-tools-for-stm32.13.3.rel1.linux64_1.0.0.202410170706/tools/bin/../lib/gcc/arm-none-eabi/13.3.1/../../../../arm-none-eabi/lib/thumb/v8-m.main+fp/hard/libc_nano.a(libc_a-mlock.o)
                              /opt/stm32cubeide/plugins/com.st.stm32cube.ide.mcu.externaltools.gnu-tools-for-stm32.13.3.rel1.linux64_1.0.0.202410170706/tools/bin/../lib/gcc/arm-none-eabi/13.3.1/../../../../arm-none-eabi/lib/thumb/v8-m.main+fp/hard/libc_nano.a(libc_a-mallocr.o) (__malloc_lock)
/opt/stm32cubeide/plugins/com.st.stm32cube.ide.mcu.externaltools.gnu-tools-for-stm32.13.3.rel1.linux64_1.0.0.202410170706/tools/bin/../lib/gcc/arm-none-eabi/13.3.1/../../../../arm-none-eabi/lib/thumb/v8-m.main+fp/hard/libc_nano.a(libc_a-findfp.o)
                              /opt/stm32cubeide/plugins/com.st.stm32cube.ide.mcu.externaltools.gnu-tools-for-stm32.13.3.rel1.linux64_1.0.0.202410170706/tools/bin/../lib/gcc/arm-none-eabi/13.3.1/../../../../arm-none-eabi/lib/thumb/v8-m.main+fp/hard/libc_nano.a(libc_a-exit.o) (__stdio_exit_handler)
/opt/stm32cubeide/plugins/com.st.stm32cube.ide.mcu.externaltools.gnu-tools-for-stm32.13.3.rel1.linux64_1.0.0.202410170706/tools/bin/../lib/gcc/arm-none-eabi/13.3.1/../../../../arm-none-eabi/lib/thumb/v8-m.main+fp/hard/libc_nano.a(libc_a-fwalk.o)
                              /opt/stm32cubeide/plugins/com.st.stm32cube.ide.mcu.externaltools.gnu-tools-for-stm32.13.3.rel1.linux64_1.0.0.202410170706/tools/bin/../lib/gcc/arm-none-eabi/13.3.1/../../../../arm-none-eabi/lib/thumb/v8-m.main+fp/hard/libc_nano.a(libc_a-findfp.o) (_fwalk_sglue)
/opt/stm32cubeide/plugins/com.st.stm32cube.ide.mcu.externaltools.gnu-tools-for-stm32.13.3.rel1.linux64_1.0.0.202410170706/tools/bin/../lib/gcc/arm-none-eabi/13.3.1/../../../../arm-none-eabi/lib/thumb/v8-m.main+fp/hard/libc_nano.a(libc_a-sprintf.o)
                              ./Core/Src/rtc.o (sprintf)
/opt/stm32cubeide/plugins/com.st.stm32cube.ide.mcu.externaltools.gnu-tools-for-stm32.13.3.rel1.linux64_1.0.0.202410170706/tools/bin/../lib/gcc/arm-none-eabi/13.3.1/../../../../arm-none-eabi/lib/thumb/v8-m.main+fp/hard/libc_nano.a(libc_a-stdio.o)
                              /opt/stm32cubeide/plugins/com.st.stm32cube.ide.mcu.externaltools.gnu-tools-for-stm32.13.3.rel1.linux64_1.0.0.202410170706/tools/bin/../lib/gcc/arm-none-eabi/13.3.1/../../../../arm-none-eabi/lib/thumb/v8-m.main+fp/hard/libc_nano.a(libc_a-findfp.o) (__sread)
/opt/stm32cubeide/plugins/com.st.stm32cube.ide.mcu.externaltools.gnu-tools-for-stm32.13.3.rel1.linux64_1.0.0.202410170706/tools/bin/../lib/gcc/arm-none-eabi/13.3.1/../../../../arm-none-eabi/lib/thumb/v8-m.main+fp/hard/libc_nano.a(libc_a-memset.o)
                              /opt/stm32cubeide/plugins/com.st.stm32cube.ide.mcu.externaltools.gnu-tools-for-stm32.13.3.rel1.linux64_1.0.0.202410170706/tools/bin/../lib/gcc/arm-none-eabi/13.3.1/../../../../arm-none-eabi/lib/thumb/v8-m.main+fp/hard/crt0.o (memset)
/opt/stm32cubeide/plugins/com.st.stm32cube.ide.mcu.externaltools.gnu-tools-for-stm32.13.3.rel1.linux64_1.0.0.202410170706/tools/bin/../lib/gcc/arm-none-eabi/13.3.1/../../../../arm-none-eabi/lib/thumb/v8-m.main+fp/hard/libc_nano.a(libc_a-closer.o)
                              /opt/stm32cubeide/plugins/com.st.stm32cube.ide.mcu.externaltools.gnu-tools-for-stm32.13.3.rel1.linux64_1.0.0.202410170706/tools/bin/../lib/gcc/arm-none-eabi/13.3.1/../../../../arm-none-eabi/lib/thumb/v8-m.main+fp/hard/libc_nano.a(libc_a-stdio.o) (_close_r)
[...]
Memory Configuration

Name             Origin             Length             Attributes
RAM              0x20000000         0x00030000         xrw
RAM2             0x20030000         0x00010000         xrw
FLASH            0x08000000         0x00080000         xr
*default*        0x00000000         0xffffffff

Linker script and memory map

LOAD /opt/stm32cubeide/plugins/com.st.stm32cube.ide.mcu.externaltools.gnu-tools-for-stm32.13.3.rel1.linux64_1.0.0.202410170706/tools/bin/../lib/gcc/arm-none-eabi/13.3.1/thumb/v8-m.main+fp/hard/crti.o
LOAD /opt/stm32cubeide/plugins/com.st.stm32cube.ide.mcu.externaltools.gnu-tools-for-stm32.13.3.rel1.linux64_1.0.0.202410170706/tools/bin/../lib/gcc/arm-none-eabi/13.3.1/thumb/v8-m.main+fp/hard/crtbegin.o
LOAD /opt/stm32cubeide/plugins/com.st.stm32cube.ide.mcu.externaltools.gnu-tools-for-stm32.13.3.rel1.linux64_1.0.0.202410170706/tools/bin/../lib/gcc/arm-none-eabi/13.3.1/../../../../arm-none-eabi/lib/thumb/v8-m.main+fp/hard/crt0.o
LOAD ./BMS/BMS.o
LOAD ./BMS/LTC6811.o
LOAD ./BMS/LTC681x.o
LOAD ./BMS/LT_SPI.o
LOAD ./Core/Src/adc.o
LOAD ./Core/Src/dma.o
LOAD ./Core/Src/fdcan.o
LOAD ./Core/Src/gpio.o
LOAD ./Core/Src/icache.o
LOAD ./Core/Src/main.o
LOAD ./Core/Src/rtc.o
LOAD ./Core/Src/spi.o
LOAD ./Core/Src/stm32l5xx_hal_msp.o
LOAD ./Core/Src/stm32l5xx_hal_timebase_tim.o
LOAD ./Core/Src/stm32l5xx_it.o
LOAD ./Core/Src/syscalls.o
LOAD ./Core/Src/sysmem.o
LOAD ./Core/Src/system_stm32l5xx.o
LOAD ./Core/Src/tim.o
LOAD ./Core/Startup/startup_stm32l552retx.o
LOAD ./Drivers/STM32L5xx_HAL_Driver/Src/stm32l5xx_hal.o
LOAD ./Drivers/STM32L5xx_HAL_Driver/Src/stm32l5xx_hal_adc.o
LOAD ./Drivers/STM32L5xx_HAL_Driver/Src/stm32l5xx_hal_adc_ex.o
LOAD ./Drivers/STM32L5xx_HAL_Driver/Src/stm32l5xx_hal_cortex.o
LOAD ./Drivers/STM32L5xx_HAL_Driver/Src/stm32l5xx_hal_dma.o
LOAD ./Drivers/STM32L5xx_HAL_Driver/Src/stm32l5xx_hal_dma_ex.o
LOAD ./Drivers/STM32L5xx_HAL_Driver/Src/stm32l5xx_hal_exti.o
LOAD ./Drivers/STM32L5xx_HAL_Driver/Src/stm32l5xx_hal_fdcan.o
LOAD ./Drivers/STM32L5xx_HAL_Driver/Src/stm32l5xx_hal_flash.o
LOAD ./Drivers/STM32L5xx_HAL_Driver/Src/stm32l5xx_hal_flash_ex.o
LOAD ./Drivers/STM32L5xx_HAL_Driver/Src/stm32l5xx_hal_flash_ramfunc.o
LOAD ./Drivers/STM32L5xx_HAL_Driver/Src/stm32l5xx_hal_gpio.o
LOAD ./Drivers/STM32L5xx_HAL_Driver/Src/stm32l5xx_hal_i2c.o
LOAD ./Drivers/STM32L5xx_HAL_Driver/Src/stm32l5xx_hal_i2c_ex.o
LOAD ./Drivers/STM32L5xx_HAL_Driver/Src/stm32l5xx_hal_icache.o
LOAD ./Drivers/STM32L5xx_HAL_Driver/Src/stm32l5xx_hal_pcd.o
LOAD ./Drivers/STM32L5xx_HAL_Driver/Src/stm32l5xx_hal_pcd_ex.o
LOAD ./Drivers/STM32L5xx_HAL_Driver/Src/stm32l5xx_hal_pwr.o
LOAD ./Drivers/STM32L5xx_HAL_Driver/Src/stm32l5xx_hal_pwr_ex.o
LOAD ./Drivers/STM32L5xx_HAL_Driver/Src/stm32l5xx_hal_rcc.o
LOAD ./Drivers/STM32L5xx_HAL_Driver/Src/stm32l5xx_hal_rcc_ex.o
LOAD ./Drivers/STM32L5xx_HAL_Driver/Src/stm32l5xx_hal_rtc.o
LOAD ./Drivers/STM32L5xx_HAL_Driver/Src/stm32l5xx_hal_rtc_ex.o
LOAD ./Drivers/STM32L5xx_HAL_Driver/Src/stm32l5xx_hal_spi.o
LOAD ./Drivers/STM32L5xx_HAL_Driver/Src/stm32l5xx_hal_spi_ex.o
LOAD ./Drivers/STM32L5xx_HAL_Driver/Src/stm32l5xx_hal_tim.o
LOAD ./Drivers/STM32L5xx_HAL_Driver/Src/stm32l5xx_hal_tim_ex.o
LOAD ./Drivers/STM32L5xx_HAL_Driver/Src/stm32l5xx_ll_usb.o
LOAD ./Middlewares/ST/STM32_USB_Device_Library/Class/CDC/Src/usbd_cdc.o
LOAD ./Middlewares/ST/STM32_USB_Device_Library/Core/Src/usbd_core.o
LOAD ./Middlewares/ST/STM32_USB_Device_Library/Core/Src/usbd_ctlreq.o
LOAD ./Middlewares/ST/STM32_USB_Device_Library/Core/Src/usbd_ioreq.o
LOAD ./USB_Device/App/usb_device.o
LOAD ./USB_Device/App/usbd_cdc_if.o
LOAD ./USB_Device/App/usbd_desc.o
LOAD ./USB_Device/Target/usbd_conf.o
START GROUP
LOAD /opt/stm32cubeide/plugins/com.st.stm32cube.ide.mcu.externaltools.gnu-tools-for-stm32.13.3.rel1.linux64_1.0.0.202410170706/tools/bin/../lib/gcc/arm-none-eabi/13.3.1/../../../../arm-none-eabi/lib/thumb/v8-m.main+fp/hard/libc_nano.a
LOAD /opt/stm32cubeide/plugins/com.st.stm32cube.ide.mcu.externaltools.gnu-tools-for-stm32.13.3.rel1.linux64_1.0.0.202410170706/tools/bin/../lib/gcc/arm-none-eabi/13.3.1/../../../../arm-none-eabi/lib/thumb/v8-m.main+fp/hard/libm.a
END GROUP
START GROUP
LOAD /opt/stm32cubeide/plugins/com.st.stm32cube.ide.mcu.externaltools.gnu-tools-for-stm32.13.3.rel1.linux64_1.0.0.202410170706/tools/bin/../lib/gcc/arm-none-eabi/13.3.1/thumb/v8-m.main+fp/hard/libgcc.a
LOAD /opt/stm32cubeide/plugins/com.st.stm32cube.ide.mcu.externaltools.gnu-tools-for-stm32.13.3.rel1.linux64_1.0.0.202410170706/tools/bin/../lib/gcc/arm-none-eabi/13.3.1/../../../../arm-none-eabi/lib/thumb/v8-m.main+fp/hard/libc_nano.a
END GROUP
START GROUP
LOAD /opt/stm32cubeide/plugins/com.st.stm32cube.ide.mcu.externaltools.gnu-tools-for-stm32.13.3.rel1.linux64_1.0.0.202410170706/tools/bin/../lib/gcc/arm-none-eabi/13.3.1/thumb/v8-m.main+fp/hard/libgcc.a
LOAD /opt/stm32cubeide/plugins/com.st.stm32cube.ide.mcu.externaltools.gnu-tools-for-stm32.13.3.rel1.linux64_1.0.0.202410170706/tools/bin/../lib/gcc/arm-none-eabi/13.3.1/../../../../arm-none-eabi/lib/thumb/v8-m.main+fp/hard/libc_nano.a
LOAD /opt/stm32cubeide/plugins/com.st.stm32cube.ide.mcu.externaltools.gnu-tools-for-stm32.13.3.rel1.linux64_1.0.0.202410170706/tools/bin/../lib/gcc/arm-none-eabi/13.3.1/../../../../arm-none-eabi/lib/thumb/v8-m.main+fp/hard/libnosys.a
END GROUP
START GROUP
LOAD /opt/stm32cubeide/plugins/com.st.stm32cube.ide.mcu.externaltools.gnu-tools-for-stm32.13.3.rel1.linux64_1.0.0.202410170706/tools/bin/../lib/gcc/arm-none-eabi/13.3.1/thumb/v8-m.main+fp/hard/libgcc.a
LOAD /opt/stm32cubeide/plugins/com.st.stm32cube.ide.mcu.externaltools.gnu-tools-for-stm32.13.3.rel1.linux64_1.0.0.202410170706/tools/bin/../lib/gcc/arm-none-eabi/13.3.1/../../../../arm-none-eabi/lib/thumb/v8-m.main+fp/hard/libc_nano.a
LOAD /opt/stm32cubeide/plugins/com.st.stm32cube.ide.mcu.externaltools.gnu-tools-for-stm32.13.3.rel1.linux64_1.0.0.202410170706/tools/bin/../lib/gcc/arm-none-eabi/13.3.1/../../../../arm-none-eabi/lib/thumb/v8-m.main+fp/hard/libnosys.a
END GROUP
LOAD /opt/stm32cubeide/plugins/com.st.stm32cube.ide.mcu.externaltools.gnu-tools-for-stm32.13.3.rel1.linux64_1.0.0.202410170706/tools/bin/../lib/gcc/arm-none-eabi/13.3.1/thumb/v8-m.main+fp/hard/crtend.o
LOAD /opt/stm32cubeide/plugins/com.st.stm32cube.ide.mcu.externaltools.gnu-tools-for-stm32.13.3.rel1.linux64_1.0.0.202410170706/tools/bin/../lib/gcc/arm-none-eabi/13.3.1/thumb/v8-m.main+fp/hard/crtn.o
                0x20030000                        _estack = (ORIGIN (RAM) + LENGTH (RAM))
                0x00000200                        _Min_Heap_Size = 0x200
                0x00000400                        _Min_Stack_Size = 0x400

.isr_vector     0x08000000      0x1f4
                0x08000000                        . = ALIGN (0x4)
 *(.isr_vector)
 .isr_vector    0x08000000      0x1f4 ./Core/Startup/startup_stm32l552retx.o
                0x08000000                g_pfnVectors
                0x080001f4                        . = ALIGN (0x4)

.text           0x080001f8    0x1137c
                0x080001f8                        . = ALIGN (0x4)
 *(.text)
 .text          0x080001f8       0x40 /opt/stm32cubeide/plugins/com.st.stm32cube.ide.mcu.externaltools.gnu-tools-for-stm32.13.3.rel1.linux64_1.0.0.202410170706/tools/bin/../lib/gcc/arm-none-eabi/13.3.1/thumb/v8-m.main+fp/hard/crtbegin.o
 .text          0x08000238      0x378 /opt/stm32cubeide/plugins/com.st.stm32cube.ide.mcu.externaltools.gnu-tools-for-stm32.13.3.rel1.linux64_1.0.0.202410170706/tools/bin/../lib/gcc/arm-none-eabi/13.3.1/thumb/v8-m.main+fp/hard/libgcc.a(_arm_addsubdf3.o)
                0x08000238                __aeabi_drsub
                0x08000240                __aeabi_dsub
                0x08000240                __subdf3
                0x08000244                __adddf3
                0x08000244                __aeabi_dadd
                0x080004bc                __aeabi_ui2d
                0x080004bc                __floatunsidf
                0x080004dc                __floatsidf
                0x080004dc                __aeabi_i2d
                0x08000500                __extendsfdf2
                0x08000500                __aeabi_f2d
                0x08000544                __aeabi_ul2d
                0x08000544                __floatundidf
                0x08000554                __floatdidf
                0x08000554                __aeabi_l2d
 .text          0x080005b0      0x424 /opt/stm32cubeide/plugins/com.st.stm32cube.ide.mcu.externaltools.gnu-tools-for-stm32.13.3.rel1.linux64_1.0.0.202410170706/tools/bin/../lib/gcc/arm-none-eabi/13.3.1/thumb/v8-m.main+fp/hard/libgcc.a(_arm_muldivdf3.o)
                0x080005b0                __aeabi_dmul
                0x080005b0                __muldf3
                0x08000804                __aeabi_ddiv
                0x08000804                __divdf3
 .text          0x080009d4      0x110 /opt/stm32cubeide/plugins/com.st.stm32cube.ide.mcu.externaltools.gnu-tools-for-stm32.13.3.rel1.linux64_1.0.0.202410170706/tools/bin/../lib/gcc/arm-none-eabi/13.3.1/thumb/v8-m.main+fp/hard/libgcc.a(_arm_cmpdf2.o)
                0x080009d4                __gtdf2
                0x080009d4                __gedf2
                0x080009dc                __ltdf2
                0x080009dc                __ledf2
                0x080009e4                __cmpdf2
                0x080009e4                __eqdf2
                0x080009e4                __nedf2
                0x08000a60                __aeabi_cdrcmple
                0x08000a70                __aeabi_cdcmple
                0x08000a70                __aeabi_cdcmpeq
                0x08000a80                __aeabi_dcmpeq
                0x08000a94                __aeabi_dcmplt
                0x08000aa8                __aeabi_dcmple
                0x08000abc                __aeabi_dcmpge
                0x08000ad0                __aeabi_dcmpgt
 .text          0x08000ae4       0x2c /opt/stm32cubeide/plugins/com.st.stm32cube.ide.mcu.externaltools.gnu-tools-for-stm32.13.3.rel1.linux64_1.0.0.202410170706/tools/bin/../lib/gcc/arm-none-eabi/13.3.1/thumb/v8-m.main+fp/hard/libgcc.a(_arm_unorddf2.o)
                0x08000ae4                __aeabi_dcmpun
                0x08000ae4                __unorddf2
 .text          0x08000b10       0xa0 /opt/stm32cubeide/plugins/com.st.stm32cube.ide.mcu.externaltools.gnu-tools-for-stm32.13.3.rel1.linux64_1.0.0.202410170706/tools/bin/../lib/gcc/arm-none-eabi/13.3.1/thumb/v8-m.main+fp/hard/libgcc.a(_arm_truncdfsf2.o)
                0x08000b10                __aeabi_d2f
                0x08000b10                __truncdfsf2
 *(.text*)
 .text.LTC6811_init
                0x08000bb0       0x94 ./BMS/BMS.o
                0x08000bb0                LTC6811_init
 *fill*         0x08000c44        0x4 
 .text.tempConvert
                0x08000c48      0x17c ./BMS/BMS.o
                0x08000c48                tempConvert
 *fill*         0x08000dc4        0x4 
 .text.readVoltages
                0x08000dc8       0xb4 ./BMS/BMS.o
                0x08000dc8                readVoltages
 .text.readTemperatures
                0x08000e7c       0x24 ./BMS/BMS.o
                0x08000e7c                readTemperatures
 .text.adcOffsetZero
                0x08000ea0       0xb4 ./BMS/BMS.o
                0x08000ea0                adcOffsetZero
 *fill*         0x08000f54        0x4 
 .text.currentConvert
                0x08000f58       0x94 ./BMS/BMS.o
                0x08000f58                currentConvert
 .text.resetOutputLatch
                0x08000fec       0x5c ./BMS/BMS.o
                0x08000fec                resetOutputLatch
 .text.errorCheck
                0x08001048      0x534 ./BMS/BMS.o
                0x08001048                errorCheck
 .text.LEDControl
                0x0800157c       0x84 ./BMS/BMS.o
                0x0800157c                LEDControl
 .text.outputControl
                0x08001600       0x34 ./BMS/BMS.o
                0x08001600                outputControl
 .text.SetHardwareProtection
                0x08001634      0x17c ./BMS/BMS.o
                0x08001634                SetHardwareProtection
 .text.LTC6811_init_reg_limits
                0x080017b0       0x9a ./BMS/LTC6811.o
                0x080017b0                LTC6811_init_reg_limits
 .text.LTC6811_adcv
                0x0800184a       0x26 ./BMS/LTC6811.o
                0x0800184a                LTC6811_adcv
 .text.LTC6811_adax
                0x08001870       0x24 ./BMS/LTC6811.o
                0x08001870                LTC6811_adax
 .text.LTC6811_rdcv
                0x08001894       0x2e ./BMS/LTC6811.o
                0x08001894                LTC6811_rdcv
 .text.LTC6811_rdaux
                0x080018c2       0x30 ./BMS/LTC6811.o
                0x080018c2                LTC6811_rdaux
 .text.LTC6811_wrcfg
                0x080018f2       0x1e ./BMS/LTC6811.o
                0x080018f2                LTC6811_wrcfg
 .text.LTC6811_reset_crc_count
                0x08001910       0x1e ./BMS/LTC6811.o
                0x08001910                LTC6811_reset_crc_count
 .text.LTC6811_init_cfg
                0x0800192e       0x1e ./BMS/LTC6811.o
                0x0800192e                LTC6811_init_cfg
 .text.LTC6811_set_cfgr
                0x0800194c       0x42 ./BMS/LTC6811.o
                0x0800194c                LTC6811_set_cfgr
 .text.wakeup_idle
                0x0800198e       0x3c ./BMS/LTC681x.o
                0x0800198e                wakeup_idle
 .text.wakeup_sleep
                0x080019ca       0x36 ./BMS/LTC681x.o
                0x080019ca                wakeup_sleep
 .text.cmd_68   0x08001a00       0x50 ./BMS/LTC681x.o
                0x08001a00                cmd_68
 .text.write_68
                0x08001a50      0x114 ./BMS/LTC681x.o
                0x08001a50                write_68
 .text.pec15_calc
                0x08001b64       0x68 ./BMS/LTC681x.o
                0x08001b64                pec15_calc
 .text.LTC681x_adcv
                0x08001bcc       0x56 ./BMS/LTC681x.o
                0x08001bcc                LTC681x_adcv
 .text.LTC681x_adax
                0x08001c22       0x4a ./BMS/LTC681x.o
                0x08001c22                LTC681x_adax
 .text.LTC681x_rdcv_reg
                0x08001c6c       0xb8 ./BMS/LTC681x.o
                0x08001c6c                LTC681x_rdcv_reg
 .text.parse_cells
                0x08001d24       0xe2 ./BMS/LTC681x.o
                0x08001d24                parse_cells
 .text.LTC681x_rdaux_reg
                0x08001e06       0xa2 ./BMS/LTC681x.o
                0x08001e06                LTC681x_rdaux_reg
 .text.LTC681x_rdcv
                0x08001ea8      0x168 ./BMS/LTC681x.o
                0x08001ea8                LTC681x_rdcv
 .text.LTC681x_rdaux
                0x08002010      0x150 ./BMS/LTC681x.o
                0x08002010                LTC681x_rdaux
 .text.LTC681x_wrcfg
                0x08002160       0xf8 ./BMS/LTC681x.o
                0x08002160                LTC681x_wrcfg
 .text.LTC681x_check_pec
                0x08002258      0x348 ./BMS/LTC681x.o
                0x08002258                LTC681x_check_pec
 .text.LTC681x_reset_crc_count
                0x080025a0       0xcc ./BMS/LTC681x.o
                0x080025a0                LTC681x_reset_crc_count
 .text.LTC681x_init_cfg
                0x0800266c       0x54 ./BMS/LTC681x.o
                0x0800266c                LTC681x_init_cfg
 .text.LTC681x_set_cfgr
                0x080026c0       0x74 ./BMS/LTC681x.o
                0x080026c0                LTC681x_set_cfgr
 .text.LTC681x_set_cfgr_refon
                0x08002734       0x68 ./BMS/LTC681x.o
                0x08002734                LTC681x_set_cfgr_refon
 .text.LTC681x_set_cfgr_adcopt
                0x0800279c       0x68 ./BMS/LTC681x.o
                0x0800279c                LTC681x_set_cfgr_adcopt
 .text.LTC681x_set_cfgr_gpio
                0x08002804       0xa0 ./BMS/LTC681x.o
                0x08002804                LTC681x_set_cfgr_gpio
 .text.LTC681x_set_cfgr_dis
                0x080028a4      0x11e ./BMS/LTC681x.o
                0x080028a4                LTC681x_set_cfgr_dis
 .text.LTC681x_set_cfgr_dcto
                0x080029c2       0xa0 ./BMS/LTC681x.o
                0x080029c2                LTC681x_set_cfgr_dcto
 .text.LTC681x_set_cfgr_uv
                0x08002a62       0x8c ./BMS/LTC681x.o
                0x08002a62                LTC681x_set_cfgr_uv
 .text.LTC681x_set_cfgr_ov
                0x08002aee       0x86 ./BMS/LTC681x.o
                0x08002aee                LTC681x_set_cfgr_ov
 .text.cs_low   0x08002b74       0x18 ./BMS/LT_SPI.o
                0x08002b74                cs_low
 .text.cs_high  0x08002b8c       0x18 ./BMS/LT_SPI.o
                0x08002b8c                cs_high
 .text.spi_write_array
                0x08002ba4       0x48 ./BMS/LT_SPI.o
                0x08002ba4                spi_write_array
 .text.spi_write_read
                0x08002bec       0x80 ./BMS/LT_SPI.o
                0x08002bec                spi_write_read
 .text.spi_read_byte
                0x08002c6c       0x38 ./BMS/LT_SPI.o
                0x08002c6c                spi_read_byte
 .text.MX_ADC1_Init
                0x08002ca4      0x100 ./Core/Src/adc.o
                0x08002ca4                MX_ADC1_Init
 .text.MX_ADC2_Init
                0x08002da4       0xc0 ./Core/Src/adc.o
                0x08002da4                MX_ADC2_Init
 .text.HAL_ADC_MspInit
                0x08002e64      0x1e8 ./Core/Src/adc.o
                0x08002e64                HAL_ADC_MspInit
 .text.MX_DMA_Init
                0x0800304c       0x64 ./Core/Src/dma.o
                0x0800304c                MX_DMA_Init
 .text.MX_FDCAN1_Init
                0x080030b0       0x8c ./Core/Src/fdcan.o
                0x080030b0                MX_FDCAN1_Init
 .text.HAL_FDCAN_MspInit
                0x0800313c       0xc0 ./Core/Src/fdcan.o
                0x0800313c                HAL_FDCAN_MspInit
 .text.MX_GPIO_Init
                0x080031fc      0x1f4 ./Core/Src/gpio.o
                0x080031fc                MX_GPIO_Init
 .text.MX_ICACHE_Init
                0x080033f0       0x26 ./Core/Src/icache.o
                0x080033f0                MX_ICACHE_Init
 *fill*         0x08003416        0x2 
 .text.main     0x08003418      0x1fc ./Core/Src/main.o
                0x08003418                main
 .text.SystemClock_Config
                0x08003614       0xd4 ./Core/Src/main.o
                0x08003614                SystemClock_Config
 .text.PeriphCommonClock_Config
                0x080036e8       0x5e ./Core/Src/main.o
                0x080036e8                PeriphCommonClock_Config
 *fill*         0x08003746        0x2 
 .text.HAL_TIM_PeriodElapsedCallback
                0x08003748       0xac ./Core/Src/main.o
                0x08003748                HAL_TIM_PeriodElapsedCallback
 .text.Error_Handler
                0x080037f4        0xc ./Core/Src/main.o
                0x080037f4                Error_Handler
 .text.MX_RTC_Init
                0x08003800       0xf8 ./Core/Src/rtc.o
                0x08003800                MX_RTC_Init
 .text.HAL_RTC_MspInit
                0x080038f8       0x7c ./Core/Src/rtc.o
                0x080038f8                HAL_RTC_MspInit
 .text.MX_SPI1_Init
                0x08003974       0x7c ./Core/Src/spi.o
                0x08003974                MX_SPI1_Init
 .text.HAL_SPI_MspInit
                0x080039f0       0x88 ./Core/Src/spi.o
                0x080039f0                HAL_SPI_MspInit
 .text.HAL_MspInit
                0x08003a78       0x48 ./Core/Src/stm32l5xx_hal_msp.o
                0x08003a78                HAL_MspInit
 .text.HAL_InitTick
                0x08003ac0       0xac ./Core/Src/stm32l5xx_hal_timebase_tim.o
                0x08003ac0                HAL_InitTick
 .text.NMI_Handler
                0x08003b6c        0x8 ./Core/Src/stm32l5xx_it.o
                0x08003b6c                NMI_Handler
 .text.HardFault_Handler
                0x08003b74        0x8 ./Core/Src/stm32l5xx_it.o
                0x08003b74                HardFault_Handler
 .text.MemManage_Handler
                0x08003b7c        0x8 ./Core/Src/stm32l5xx_it.o
                0x08003b7c                MemManage_Handler
 .text.BusFault_Handler
                0x08003b84        0x8 ./Core/Src/stm32l5xx_it.o
                0x08003b84                BusFault_Handler
 .text.UsageFault_Handler
                0x08003b8c        0x8 ./Core/Src/stm32l5xx_it.o
                0x08003b8c                UsageFault_Handler
 .text.SVC_Handler
                0x08003b94        0xe ./Core/Src/stm32l5xx_it.o
                0x08003b94                SVC_Handler
 .text.DebugMon_Handler
                0x08003ba2        0xe ./Core/Src/stm32l5xx_it.o
                0x08003ba2                DebugMon_Handler
 .text.PendSV_Handler
                0x08003bb0        0xe ./Core/Src/stm32l5xx_it.o
                0x08003bb0                PendSV_Handler
 .text.SysTick_Handler
                0x08003bbe        0xe ./Core/Src/stm32l5xx_it.o
                0x08003bbe                SysTick_Handler
 .text.DMA1_Channel1_IRQHandler
                0x08003bcc       0x14 ./Core/Src/stm32l5xx_it.o
                0x08003bcc                DMA1_Channel1_IRQHandler
 .text.DMA1_Channel2_IRQHandler
                0x08003be0       0x14 ./Core/Src/stm32l5xx_it.o
                0x08003be0                DMA1_Channel2_IRQHandler
 .text.TIM1_UP_IRQHandler
                0x08003bf4       0x14 ./Core/Src/stm32l5xx_it.o
                0x08003bf4                TIM1_UP_IRQHandler
 .text.TIM2_IRQHandler
                0x08003c08       0x14 ./Core/Src/stm32l5xx_it.o
                0x08003c08                TIM2_IRQHandler
 .text.TIM3_IRQHandler
                0x08003c1c       0x14 ./Core/Src/stm32l5xx_it.o
                0x08003c1c                TIM3_IRQHandler
 .text.TIM4_IRQHandler
                0x08003c30       0x14 ./Core/Src/stm32l5xx_it.o
                0x08003c30                TIM4_IRQHandler
 .text.TIM5_IRQHandler
                0x08003c44       0x14 ./Core/Src/stm32l5xx_it.o
                0x08003c44                TIM5_IRQHandler
 .text.TIM6_IRQHandler
                0x08003c58       0x14 ./Core/Src/stm32l5xx_it.o
                0x08003c58                TIM6_IRQHandler
 .text.TIM7_IRQHandler
                0x08003c6c       0x14 ./Core/Src/stm32l5xx_it.o
                0x08003c6c                TIM7_IRQHandler
 .text.USB_FS_IRQHandler
                0x08003c80       0x14 ./Core/Src/stm32l5xx_it.o
                0x08003c80                USB_FS_IRQHandler
 .text._sbrk    0x08003c94       0x6c ./Core/Src/sysmem.o
                0x08003c94                _sbrk
 .text.SystemInit
                0x08003d00       0x24 ./Core/Src/system_stm32l5xx.o
                0x08003d00                SystemInit
 .text.SystemCoreClockUpdate
                0x08003d24      0x158 ./Core/Src/system_stm32l5xx.o
                0x08003d24                SystemCoreClockUpdate
 .text.MX_TIM1_Init
                0x08003e7c       0xa8 ./Core/Src/tim.o
                0x08003e7c                MX_TIM1_Init
 .text.MX_TIM2_Init
                0x08003f24       0xe8 ./Core/Src/tim.o
                0x08003f24                MX_TIM2_Init
 .text.MX_TIM3_Init
                0x0800400c       0xf0 ./Core/Src/tim.o
                0x0800400c                MX_TIM3_Init
 .text.MX_TIM4_Init
                0x080040fc       0xf0 ./Core/Src/tim.o
                0x080040fc                MX_TIM4_Init
 .text.MX_TIM5_Init
                0x080041ec       0xa4 ./Core/Src/tim.o
                0x080041ec                MX_TIM5_Init
 .text.MX_TIM7_Init
                0x08004290       0x6c ./Core/Src/tim.o
                0x08004290                MX_TIM7_Init
 .text.HAL_TIM_Base_MspInit
                0x080042fc      0x160 ./Core/Src/tim.o
                0x080042fc                HAL_TIM_Base_MspInit
 .text.Reset_Handler
                0x0800445c       0x50 ./Core/Startup/startup_stm32l552retx.o
                0x0800445c                Reset_Handler
 .text.Default_Handler
                0x080044ac        0x2 ./Core/Startup/startup_stm32l552retx.o
                0x080044ac                EXTI2_IRQHandler
                0x080044ac                TIM8_TRG_COM_IRQHandler
                0x080044ac                TIM8_CC_IRQHandler
                0x080044ac                EXTI5_IRQHandler
                0x080044ac                FLASH_S_IRQHandler
                0x080044ac                EXTI13_IRQHandler
                0x080044ac                TIM1_CC_IRQHandler
                0x080044ac                TSC_IRQHandler
                0x080044ac                TAMP_IRQHandler
                0x080044ac                EXTI12_IRQHandler
                0x080044ac                DMA2_Channel8_IRQHandler
                0x080044ac                EXTI3_IRQHandler
                0x080044ac                EXTI8_IRQHandler
                0x080044ac                LPTIM2_IRQHandler
                0x080044ac                DFSDM1_FLT1_IRQHandler
                0x080044ac                I2C3_ER_IRQHandler
                0x080044ac                DFSDM1_FLT2_IRQHandler
                0x080044ac                DMAMUX1_IRQHandler
                0x080044ac                LPTIM3_IRQHandler
                0x080044ac                EXTI0_IRQHandler
                0x080044ac                I2C2_EV_IRQHandler
                0x080044ac                FPU_IRQHandler
                0x080044ac                FDCAN1_IT1_IRQHandler
                0x080044ac                ADC1_2_IRQHandler
                0x080044ac                SPI1_IRQHandler
                0x080044ac                OCTOSPI1_IRQHandler
                0x080044ac                TIM8_UP_IRQHandler
                0x080044ac                RCC_S_IRQHandler
                0x080044ac                DMA2_Channel2_IRQHandler
                0x080044ac                DMA1_Channel4_IRQHandler
                0x080044ac                SAI2_IRQHandler
                0x080044ac                DFSDM1_FLT3_IRQHandler
                0x080044ac                EXTI15_IRQHandler
                0x080044ac                TIM17_IRQHandler
                0x080044ac                USART3_IRQHandler
                0x080044ac                RTC_IRQHandler
                0x080044ac                EXTI9_IRQHandler
                0x080044ac                DMA1_Channel7_IRQHandler
                0x080044ac                UART5_IRQHandler
                0x080044ac                DMA2_Channel1_IRQHandler
                0x080044ac                I2C1_EV_IRQHandler
                0x080044ac                DMA1_Channel6_IRQHandler
                0x080044ac                TIM16_IRQHandler
                0x080044ac                UART4_IRQHandler
                0x080044ac                DMA2_Channel4_IRQHandler
                0x080044ac                SecureFault_Handler
                0x080044ac                RCC_IRQHandler
                0x080044ac                TIM1_TRG_COM_IRQHandler
                0x080044ac                Default_Handler
                0x080044ac                DMA2_Channel7_IRQHandler
                0x080044ac                DMA1_Channel8_IRQHandler
                0x080044ac                SDMMC1_IRQHandler
                0x080044ac                UCPD1_IRQHandler
                0x080044ac                TIM15_IRQHandler
                0x080044ac                I2C3_EV_IRQHandler
                0x080044ac                PVD_PVM_IRQHandler
                0x080044ac                SPI2_IRQHandler
                0x080044ac                EXTI14_IRQHandler
                0x080044ac                EXTI11_IRQHandler
                0x080044ac                DMA2_Channel5_IRQHandler
                0x080044ac                CRS_IRQHandler
                0x080044ac                DMA1_Channel5_IRQHandler
                0x080044ac                EXTI4_IRQHandler
                0x080044ac                RTC_S_IRQHandler
                0x080044ac                RNG_IRQHandler
                0x080044ac                DMAMUX1_S_IRQHandler
                0x080044ac                DMA1_Channel3_IRQHandler
                0x080044ac                COMP_IRQHandler
                0x080044ac                WWDG_IRQHandler
                0x080044ac                I2C4_EV_IRQHandler
                0x080044ac                LPUART1_IRQHandler
                0x080044ac                DMA2_Channel6_IRQHandler
                0x080044ac                FDCAN1_IT0_IRQHandler
                0x080044ac                TAMP_S_IRQHandler
                0x080044ac                EXTI7_IRQHandler
                0x080044ac                TIM1_BRK_IRQHandler
                0x080044ac                DAC_IRQHandler
                0x080044ac                EXTI1_IRQHandler
                0x080044ac                GTZC_IRQHandler
                0x080044ac                USART2_IRQHandler
                0x080044ac                DFSDM1_FLT0_IRQHandler
                0x080044ac                I2C2_ER_IRQHandler
                0x080044ac                TIM8_BRK_IRQHandler
                0x080044ac                FLASH_IRQHandler
                0x080044ac                USART1_IRQHandler
                0x080044ac                EXTI10_IRQHandler
                0x080044ac                SPI3_IRQHandler
                0x080044ac                I2C1_ER_IRQHandler
                0x080044ac                FMC_IRQHandler
                0x080044ac                EXTI6_IRQHandler
                0x080044ac                LPTIM1_IRQHandler
                0x080044ac                I2C4_ER_IRQHandler
                0x080044ac                ICACHE_IRQHandler
                0x080044ac                SAI1_IRQHandler
                0x080044ac                HASH_IRQHandler
                0x080044ac                DMA2_Channel3_IRQHandler
 .text.HAL_Init
                0x080044ae       0x34 ./Drivers/STM32L5xx_HAL_Driver/Src/stm32l5xx_hal.o
                0x080044ae                HAL_Init
 *fill*         0x080044e2        0x2 
 .text.HAL_IncTick
                0x080044e4       0x28 ./Drivers/STM32L5xx_HAL_Driver/Src/stm32l5xx_hal.o
                0x080044e4                HAL_IncTick
 .text.HAL_GetTick
                0x0800450c       0x18 ./Drivers/STM32L5xx_HAL_Driver/Src/stm32l5xx_hal.o
                0x0800450c                HAL_GetTick
 .text.HAL_Delay
                0x08004524       0x48 ./Drivers/STM32L5xx_HAL_Driver/Src/stm32l5xx_hal.o
                0x08004524                HAL_Delay
 .text.LL_ADC_SetCommonClock
                0x0800456c       0x26 ./Drivers/STM32L5xx_HAL_Driver/Src/stm32l5xx_hal_adc.o
 .text.LL_ADC_SetCommonPathInternalCh
                0x08004592       0x26 ./Drivers/STM32L5xx_HAL_Driver/Src/stm32l5xx_hal_adc.o
 .text.LL_ADC_GetCommonPathInternalCh
                0x080045b8       0x1c ./Drivers/STM32L5xx_HAL_Driver/Src/stm32l5xx_hal_adc.o
 .text.LL_ADC_SetOffset
                0x080045d4       0x48 ./Drivers/STM32L5xx_HAL_Driver/Src/stm32l5xx_hal_adc.o
 .text.LL_ADC_GetOffsetChannel
                0x0800461c       0x2c ./Drivers/STM32L5xx_HAL_Driver/Src/stm32l5xx_hal_adc.o
 .text.LL_ADC_SetOffsetState
                0x08004648       0x36 ./Drivers/STM32L5xx_HAL_Driver/Src/stm32l5xx_hal_adc.o
 .text.LL_ADC_SetSamplingTimeCommonConfig
                0x0800467e       0x26 ./Drivers/STM32L5xx_HAL_Driver/Src/stm32l5xx_hal_adc.o
 .text.LL_ADC_REG_IsTriggerSourceSWStart
                0x080046a4       0x26 ./Drivers/STM32L5xx_HAL_Driver/Src/stm32l5xx_hal_adc.o
 .text.LL_ADC_REG_SetSequencerRanks
                0x080046ca       0x58 ./Drivers/STM32L5xx_HAL_Driver/Src/stm32l5xx_hal_adc.o
 .text.LL_ADC_SetChannelSamplingTime
                0x08004722       0x56 ./Drivers/STM32L5xx_HAL_Driver/Src/stm32l5xx_hal_adc.o
 .text.LL_ADC_SetChannelSingleDiff
                0x08004778       0x48 ./Drivers/STM32L5xx_HAL_Driver/Src/stm32l5xx_hal_adc.o
 .text.LL_ADC_GetMultimode
                0x080047c0       0x1c ./Drivers/STM32L5xx_HAL_Driver/Src/stm32l5xx_hal_adc.o
 .text.LL_ADC_GetMultiDMATransfer
                0x080047dc       0x1c ./Drivers/STM32L5xx_HAL_Driver/Src/stm32l5xx_hal_adc.o
 .text.LL_ADC_DisableDeepPowerDown
                0x080047f8       0x24 ./Drivers/STM32L5xx_HAL_Driver/Src/stm32l5xx_hal_adc.o
 .text.LL_ADC_IsDeepPowerDownEnabled
                0x0800481c       0x28 ./Drivers/STM32L5xx_HAL_Driver/Src/stm32l5xx_hal_adc.o
 .text.LL_ADC_EnableInternalRegulator
                0x08004844       0x28 ./Drivers/STM32L5xx_HAL_Driver/Src/stm32l5xx_hal_adc.o
 .text.LL_ADC_IsInternalRegulatorEnabled
                0x0800486c       0x28 ./Drivers/STM32L5xx_HAL_Driver/Src/stm32l5xx_hal_adc.o
 .text.LL_ADC_Enable
                0x08004894       0x28 ./Drivers/STM32L5xx_HAL_Driver/Src/stm32l5xx_hal_adc.o
 .text.LL_ADC_Disable
                0x080048bc       0x28 ./Drivers/STM32L5xx_HAL_Driver/Src/stm32l5xx_hal_adc.o
 .text.LL_ADC_IsEnabled
                0x080048e4       0x26 ./Drivers/STM32L5xx_HAL_Driver/Src/stm32l5xx_hal_adc.o
 .text.LL_ADC_IsDisableOngoing
                0x0800490a       0x26 ./Drivers/STM32L5xx_HAL_Driver/Src/stm32l5xx_hal_adc.o
 .text.LL_ADC_REG_StartConversion
                0x08004930       0x28 ./Drivers/STM32L5xx_HAL_Driver/Src/stm32l5xx_hal_adc.o
 .text.LL_ADC_REG_IsConversionOngoing
                0x08004958       0x26 ./Drivers/STM32L5xx_HAL_Driver/Src/stm32l5xx_hal_adc.o
 .text.LL_ADC_INJ_IsConversionOngoing
                0x0800497e       0x26 ./Drivers/STM32L5xx_HAL_Driver/Src/stm32l5xx_hal_adc.o
 .text.HAL_ADC_Init
                0x080049a4      0x298 ./Drivers/STM32L5xx_HAL_Driver/Src/stm32l5xx_hal_adc.o
                0x080049a4                HAL_ADC_Init
 .text.HAL_ADC_Start
                0x08004c3c      0x174 ./Drivers/STM32L5xx_HAL_Driver/Src/stm32l5xx_hal_adc.o
                0x08004c3c                HAL_ADC_Start
 .text.HAL_ADC_PollForConversion
                0x08004db0      0x1b0 ./Drivers/STM32L5xx_HAL_Driver/Src/stm32l5xx_hal_adc.o
                0x08004db0                HAL_ADC_PollForConversion
 .text.HAL_ADC_Start_IT
                0x08004f60      0x25c ./Drivers/STM32L5xx_HAL_Driver/Src/stm32l5xx_hal_adc.o
                0x08004f60                HAL_ADC_Start_IT
 .text.HAL_ADC_GetValue
                0x080051bc       0x1a ./Drivers/STM32L5xx_HAL_Driver/Src/stm32l5xx_hal_adc.o
                0x080051bc                HAL_ADC_GetValue
 *fill*         0x080051d6        0x2 
 .text.HAL_ADC_ConfigChannel
                0x080051d8      0x7d4 ./Drivers/STM32L5xx_HAL_Driver/Src/stm32l5xx_hal_adc.o
                0x080051d8                HAL_ADC_ConfigChannel
 .text.ADC_Enable
                0x080059ac      0x10c ./Drivers/STM32L5xx_HAL_Driver/Src/stm32l5xx_hal_adc.o
                0x080059ac                ADC_Enable
 .text.ADC_Disable
                0x08005ab8       0xbe ./Drivers/STM32L5xx_HAL_Driver/Src/stm32l5xx_hal_adc.o
                0x08005ab8                ADC_Disable
 .text.LL_ADC_IsEnabled
                0x08005b76       0x26 ./Drivers/STM32L5xx_HAL_Driver/Src/stm32l5xx_hal_adc_ex.o
 .text.LL_ADC_StartCalibration
                0x08005b9c       0x32 ./Drivers/STM32L5xx_HAL_Driver/Src/stm32l5xx_hal_adc_ex.o
 .text.LL_ADC_IsCalibrationOnGoing
                0x08005bce       0x28 ./Drivers/STM32L5xx_HAL_Driver/Src/stm32l5xx_hal_adc_ex.o
 .text.LL_ADC_REG_IsConversionOngoing
                0x08005bf6       0x26 ./Drivers/STM32L5xx_HAL_Driver/Src/stm32l5xx_hal_adc_ex.o
 .text.HAL_ADCEx_Calibration_Start
                0x08005c1c       0xc4 ./Drivers/STM32L5xx_HAL_Driver/Src/stm32l5xx_hal_adc_ex.o
                0x08005c1c                HAL_ADCEx_Calibration_Start
 .text.HAL_ADCEx_MultiModeConfigChannel
                0x08005ce0      0x148 ./Drivers/STM32L5xx_HAL_Driver/Src/stm32l5xx_hal_adc_ex.o
                0x08005ce0                HAL_ADCEx_MultiModeConfigChannel
 .text.__NVIC_SetPriorityGrouping
                0x08005e28       0x48 ./Drivers/STM32L5xx_HAL_Driver/Src/stm32l5xx_hal_cortex.o
 .text.__NVIC_GetPriorityGrouping
                0x08005e70       0x1c ./Drivers/STM32L5xx_HAL_Driver/Src/stm32l5xx_hal_cortex.o
 .text.__NVIC_EnableIRQ
                0x08005e8c       0x3c ./Drivers/STM32L5xx_HAL_Driver/Src/stm32l5xx_hal_cortex.o
 .text.__NVIC_SetPriority
                0x08005ec8       0x54 ./Drivers/STM32L5xx_HAL_Driver/Src/stm32l5xx_hal_cortex.o
 .text.NVIC_EncodePriority
                0x08005f1c       0x66 ./Drivers/STM32L5xx_HAL_Driver/Src/stm32l5xx_hal_cortex.o
 .text.HAL_NVIC_SetPriorityGrouping
                0x08005f82       0x16 ./Drivers/STM32L5xx_HAL_Driver/Src/stm32l5xx_hal_cortex.o
                0x08005f82                HAL_NVIC_SetPriorityGrouping
 .text.HAL_NVIC_SetPriority
                0x08005f98       0x34 ./Drivers/STM32L5xx_HAL_Driver/Src/stm32l5xx_hal_cortex.o
                0x08005f98                HAL_NVIC_SetPriority
 .text.HAL_NVIC_EnableIRQ
                0x08005fcc       0x1c ./Drivers/STM32L5xx_HAL_Driver/Src/stm32l5xx_hal_cortex.o
                0x08005fcc                HAL_NVIC_EnableIRQ
 .text.HAL_DMA_Init
                0x08005fe8      0x150 ./Drivers/STM32L5xx_HAL_Driver/Src/stm32l5xx_hal_dma.o
                0x08005fe8                HAL_DMA_Init
 .text.HAL_DMA_IRQHandler
                0x08006138      0x200 ./Drivers/STM32L5xx_HAL_Driver/Src/stm32l5xx_hal_dma.o
                0x08006138                HAL_DMA_IRQHandler
 .text.HAL_DMA_ConfigChannelAttributes
                0x08006338       0x60 ./Drivers/STM32L5xx_HAL_Driver/Src/stm32l5xx_hal_dma.o
                0x08006338                HAL_DMA_ConfigChannelAttributes
 .text.DMA_CalcDMAMUXChannelBaseAndMask
                0x08006398       0x7c ./Drivers/STM32L5xx_HAL_Driver/Src/stm32l5xx_hal_dma.o
 .text.DMA_CalcDMAMUXRequestGenBaseAndMask
                0x08006414       0x48 ./Drivers/STM32L5xx_HAL_Driver/Src/stm32l5xx_hal_dma.o
 .text.HAL_FDCAN_Init
                0x0800645c      0x2a4 ./Drivers/STM32L5xx_HAL_Driver/Src/stm32l5xx_hal_fdcan.o
                0x0800645c                HAL_FDCAN_Init
 .text.FDCAN_CalcultateRamBlockAddresses
                0x08006700       0xac ./Drivers/STM32L5xx_HAL_Driver/Src/stm32l5xx_hal_fdcan.o
 .text.HAL_GPIO_Init
                0x080067ac      0x300 ./Drivers/STM32L5xx_HAL_Driver/Src/stm32l5xx_hal_gpio.o
                0x080067ac                HAL_GPIO_Init
 .text.HAL_GPIO_ReadPin
                0x08006aac       0x30 ./Drivers/STM32L5xx_HAL_Driver/Src/stm32l5xx_hal_gpio.o
                0x08006aac                HAL_GPIO_ReadPin
 .text.HAL_GPIO_WritePin
                0x08006adc       0x30 ./Drivers/STM32L5xx_HAL_Driver/Src/stm32l5xx_hal_gpio.o
                0x08006adc                HAL_GPIO_WritePin
 .text.HAL_GPIO_TogglePin
                0x08006b0c       0x34 ./Drivers/STM32L5xx_HAL_Driver/Src/stm32l5xx_hal_gpio.o
                0x08006b0c                HAL_GPIO_TogglePin
 .text.HAL_ICACHE_ConfigAssociativityMode
                0x08006b40       0x40 ./Drivers/STM32L5xx_HAL_Driver/Src/stm32l5xx_hal_icache.o
                0x08006b40                HAL_ICACHE_ConfigAssociativityMode
 .text.HAL_ICACHE_Enable
                0x08006b80       0x20 ./Drivers/STM32L5xx_HAL_Driver/Src/stm32l5xx_hal_icache.o
                0x08006b80                HAL_ICACHE_Enable
 .text.HAL_PCD_Init
                0x08006ba0      0x19c ./Drivers/STM32L5xx_HAL_Driver/Src/stm32l5xx_hal_pcd.o
                0x08006ba0                HAL_PCD_Init
 .text.HAL_PCD_Start
                0x08006d3c       0x44 ./Drivers/STM32L5xx_HAL_Driver/Src/stm32l5xx_hal_pcd.o
                0x08006d3c                HAL_PCD_Start
 .text.HAL_PCD_IRQHandler
                0x08006d80      0x24e ./Drivers/STM32L5xx_HAL_Driver/Src/stm32l5xx_hal_pcd.o
                0x08006d80                HAL_PCD_IRQHandler
 .text.HAL_PCD_SetAddress
                0x08006fce       0x48 ./Drivers/STM32L5xx_HAL_Driver/Src/stm32l5xx_hal_pcd.o
                0x08006fce                HAL_PCD_SetAddress
 .text.HAL_PCD_EP_Open
                0x08007016       0xba ./Drivers/STM32L5xx_HAL_Driver/Src/stm32l5xx_hal_pcd.o
                0x08007016                HAL_PCD_EP_Open
 .text.HAL_PCD_EP_Close
                0x080070d0       0x90 ./Drivers/STM32L5xx_HAL_Driver/Src/stm32l5xx_hal_pcd.o
                0x080070d0                HAL_PCD_EP_Close
 .text.HAL_PCD_EP_Receive
                0x08007160       0x62 ./Drivers/STM32L5xx_HAL_Driver/Src/stm32l5xx_hal_pcd.o
                0x08007160                HAL_PCD_EP_Receive
 .text.HAL_PCD_EP_GetRxCount
                0x080071c2       0x30 ./Drivers/STM32L5xx_HAL_Driver/Src/stm32l5xx_hal_pcd.o
                0x080071c2                HAL_PCD_EP_GetRxCount
 .text.HAL_PCD_EP_Transmit
                0x080071f2       0x6e ./Drivers/STM32L5xx_HAL_Driver/Src/stm32l5xx_hal_pcd.o
                0x080071f2                HAL_PCD_EP_Transmit
 .text.HAL_PCD_EP_SetStall
                0x08007260       0xa4 ./Drivers/STM32L5xx_HAL_Driver/Src/stm32l5xx_hal_pcd.o
                0x08007260                HAL_PCD_EP_SetStall
 .text.HAL_PCD_EP_ClrStall
                0x08007304       0xa8 ./Drivers/STM32L5xx_HAL_Driver/Src/stm32l5xx_hal_pcd.o
                0x08007304                HAL_PCD_EP_ClrStall
 .text.PCD_EP_ISR_Handler
                0x080073ac      0x782 ./Drivers/STM32L5xx_HAL_Driver/Src/stm32l5xx_hal_pcd.o
 .text.HAL_PCD_EP_DB_Receive
                0x08007b2e      0x212 ./Drivers/STM32L5xx_HAL_Driver/Src/stm32l5xx_hal_pcd.o
 .text.HAL_PCD_EP_DB_Transmit
                0x08007d40      0x7ec ./Drivers/STM32L5xx_HAL_Driver/Src/stm32l5xx_hal_pcd.o
 .text.HAL_PCDEx_ActivateLPM
                0x0800852c       0x54 ./Drivers/STM32L5xx_HAL_Driver/Src/stm32l5xx_hal_pcd_ex.o
                0x0800852c                HAL_PCDEx_ActivateLPM
 .text.HAL_PWR_EnableBkUpAccess
                0x08008580       0x20 ./Drivers/STM32L5xx_HAL_Driver/Src/stm32l5xx_hal_pwr.o
                0x08008580                HAL_PWR_EnableBkUpAccess
 .text.HAL_PWREx_GetVoltageRange
                0x080085a0       0x1c ./Drivers/STM32L5xx_HAL_Driver/Src/stm32l5xx_hal_pwr_ex.o
                0x080085a0                HAL_PWREx_GetVoltageRange
 .text.HAL_PWREx_ControlVoltageScaling
                0x080085bc       0xb8 ./Drivers/STM32L5xx_HAL_Driver/Src/stm32l5xx_hal_pwr_ex.o
                0x080085bc                HAL_PWREx_ControlVoltageScaling
 .text.HAL_PWREx_EnableVddUSB
                0x08008674       0x20 ./Drivers/STM32L5xx_HAL_Driver/Src/stm32l5xx_hal_pwr_ex.o
                0x08008674                HAL_PWREx_EnableVddUSB
 .text.HAL_PWREx_DisableUCPDDeadBattery
                0x08008694       0x20 ./Drivers/STM32L5xx_HAL_Driver/Src/stm32l5xx_hal_pwr_ex.o
                0x08008694                HAL_PWREx_DisableUCPDDeadBattery
 .text.HAL_PWREx_SMPS_GetEffectiveMode
                0x080086b4       0x48 ./Drivers/STM32L5xx_HAL_Driver/Src/stm32l5xx_hal_pwr_ex.o
                0x080086b4                HAL_PWREx_SMPS_GetEffectiveMode
 .text.HAL_RCC_OscConfig
                0x080086fc      0x9ac ./Drivers/STM32L5xx_HAL_Driver/Src/stm32l5xx_hal_rcc.o
                0x080086fc                HAL_RCC_OscConfig
 .text.HAL_RCC_ClockConfig
                0x080090a8      0x270 ./Drivers/STM32L5xx_HAL_Driver/Src/stm32l5xx_hal_rcc.o
                0x080090a8                HAL_RCC_ClockConfig
 .text.HAL_RCC_GetSysClockFreq
                0x08009318      0x138 ./Drivers/STM32L5xx_HAL_Driver/Src/stm32l5xx_hal_rcc.o
                0x08009318                HAL_RCC_GetSysClockFreq
 .text.HAL_RCC_GetHCLKFreq
                0x08009450       0x28 ./Drivers/STM32L5xx_HAL_Driver/Src/stm32l5xx_hal_rcc.o
                0x08009450                HAL_RCC_GetHCLKFreq
 .text.HAL_RCC_GetPCLK1Freq
                0x08009478       0x28 ./Drivers/STM32L5xx_HAL_Driver/Src/stm32l5xx_hal_rcc.o
                0x08009478                HAL_RCC_GetPCLK1Freq
 .text.HAL_RCC_GetClockConfig
                0x080094a0       0x64 ./Drivers/STM32L5xx_HAL_Driver/Src/stm32l5xx_hal_rcc.o
                0x080094a0                HAL_RCC_GetClockConfig
 .text.RCC_SetFlashLatencyFromMSIRange
                0x08009504       0xc8 ./Drivers/STM32L5xx_HAL_Driver/Src/stm32l5xx_hal_rcc.o
 .text.RCC_GetSysClockFreqFromPLLSource
                0x080095cc       0xd8 ./Drivers/STM32L5xx_HAL_Driver/Src/stm32l5xx_hal_rcc.o
 .text.HAL_RCCEx_PeriphCLKConfig
                0x080096a4      0x708 ./Drivers/STM32L5xx_HAL_Driver/Src/stm32l5xx_hal_rcc_ex.o
                0x080096a4                HAL_RCCEx_PeriphCLKConfig
 .text.HAL_RCCEx_EnableMSIPLLMode
                0x08009dac       0x20 ./Drivers/STM32L5xx_HAL_Driver/Src/stm32l5xx_hal_rcc_ex.o
                0x08009dac                HAL_RCCEx_EnableMSIPLLMode
 .text.RCCEx_PLLSAI1_Config
                0x08009dcc      0x1cc ./Drivers/STM32L5xx_HAL_Driver/Src/stm32l5xx_hal_rcc_ex.o
 .text.RCCEx_PLLSAI2_Config
                0x08009f98      0x158 ./Drivers/STM32L5xx_HAL_Driver/Src/stm32l5xx_hal_rcc_ex.o
 .text.HAL_RTC_Init
                0x0800a0f0       0xf0 ./Drivers/STM32L5xx_HAL_Driver/Src/stm32l5xx_hal_rtc.o
                0x0800a0f0                HAL_RTC_Init
 .text.HAL_RTC_SetTime
                0x0800a1e0      0x12c ./Drivers/STM32L5xx_HAL_Driver/Src/stm32l5xx_hal_rtc.o
                0x0800a1e0                HAL_RTC_SetTime
 .text.HAL_RTC_SetDate
                0x0800a30c      0x10c ./Drivers/STM32L5xx_HAL_Driver/Src/stm32l5xx_hal_rtc.o
                0x0800a30c                HAL_RTC_SetDate
 .text.HAL_RTC_WaitForSynchro
                0x0800a418       0x48 ./Drivers/STM32L5xx_HAL_Driver/Src/stm32l5xx_hal_rtc.o
                0x0800a418                HAL_RTC_WaitForSynchro
 .text.RTC_EnterInitMode
                0x0800a460       0x68 ./Drivers/STM32L5xx_HAL_Driver/Src/stm32l5xx_hal_rtc.o
                0x0800a460                RTC_EnterInitMode
 .text.RTC_ExitInitMode
                0x0800a4c8       0x7c ./Drivers/STM32L5xx_HAL_Driver/Src/stm32l5xx_hal_rtc.o
                0x0800a4c8                RTC_ExitInitMode
 .text.RTC_ByteToBcd2
                0x0800a544       0x40 ./Drivers/STM32L5xx_HAL_Driver/Src/stm32l5xx_hal_rtc.o
                0x0800a544                RTC_ByteToBcd2
 .text.HAL_RTCEx_PrivilegeModeSet
                0x0800a584       0x58 ./Drivers/STM32L5xx_HAL_Driver/Src/stm32l5xx_hal_rtc_ex.o
                0x0800a584                HAL_RTCEx_PrivilegeModeSet
 .text.HAL_SPI_Init
                0x0800a5dc      0x146 ./Drivers/STM32L5xx_HAL_Driver/Src/stm32l5xx_hal_spi.o
                0x0800a5dc                HAL_SPI_Init
 .text.HAL_SPI_TransmitReceive
                0x0800a722      0x444 ./Drivers/STM32L5xx_HAL_Driver/Src/stm32l5xx_hal_spi.o
                0x0800a722                HAL_SPI_TransmitReceive
 *fill*         0x0800ab66        0x2 
 .text.SPI_WaitFlagStateUntilTimeout
                0x0800ab68      0x110 ./Drivers/STM32L5xx_HAL_Driver/Src/stm32l5xx_hal_spi.o
 .text.SPI_WaitFifoStateUntilTimeout
                0x0800ac78      0x12c ./Drivers/STM32L5xx_HAL_Driver/Src/stm32l5xx_hal_spi.o
 .text.SPI_EndRxTxTransaction
                0x0800ada4       0x8c ./Drivers/STM32L5xx_HAL_Driver/Src/stm32l5xx_hal_spi.o
 .text.HAL_TIM_Base_Init
                0x0800ae30       0xae ./Drivers/STM32L5xx_HAL_Driver/Src/stm32l5xx_hal_tim.o
                0x0800ae30                HAL_TIM_Base_Init
 *fill*         0x0800aede        0x2 
 .text.HAL_TIM_Base_Start_IT
                0x0800aee0       0xe0 ./Drivers/STM32L5xx_HAL_Driver/Src/stm32l5xx_hal_tim.o
                0x0800aee0                HAL_TIM_Base_Start_IT
 .text.HAL_TIM_OC_Init
                0x0800afc0       0xae ./Drivers/STM32L5xx_HAL_Driver/Src/stm32l5xx_hal_tim.o
                0x0800afc0                HAL_TIM_OC_Init
 .text.HAL_TIM_OC_MspInit
                0x0800b06e       0x14 ./Drivers/STM32L5xx_HAL_Driver/Src/stm32l5xx_hal_tim.o
                0x0800b06e                HAL_TIM_OC_MspInit
 .text.HAL_TIM_IRQHandler
                0x0800b082      0x20e ./Drivers/STM32L5xx_HAL_Driver/Src/stm32l5xx_hal_tim.o
                0x0800b082                HAL_TIM_IRQHandler
 .text.HAL_TIM_OC_ConfigChannel
                0x0800b290       0xf4 ./Drivers/STM32L5xx_HAL_Driver/Src/stm32l5xx_hal_tim.o
                0x0800b290                HAL_TIM_OC_ConfigChannel
 .text.HAL_TIM_ConfigClockSource
                0x0800b384      0x192 ./Drivers/STM32L5xx_HAL_Driver/Src/stm32l5xx_hal_tim.o
                0x0800b384                HAL_TIM_ConfigClockSource
 .text.HAL_TIM_SlaveConfigSynchro
                0x0800b516       0x84 ./Drivers/STM32L5xx_HAL_Driver/Src/stm32l5xx_hal_tim.o
                0x0800b516                HAL_TIM_SlaveConfigSynchro
 .text.HAL_TIM_OC_DelayElapsedCallback
                0x0800b59a       0x14 ./Drivers/STM32L5xx_HAL_Driver/Src/stm32l5xx_hal_tim.o
                0x0800b59a                HAL_TIM_OC_DelayElapsedCallback
 .text.HAL_TIM_IC_CaptureCallback
                0x0800b5ae       0x14 ./Drivers/STM32L5xx_HAL_Driver/Src/stm32l5xx_hal_tim.o
                0x0800b5ae                HAL_TIM_IC_CaptureCallback
 .text.HAL_TIM_PWM_PulseFinishedCallback
                0x0800b5c2       0x14 ./Drivers/STM32L5xx_HAL_Driver/Src/stm32l5xx_hal_tim.o
                0x0800b5c2                HAL_TIM_PWM_PulseFinishedCallback
 .text.HAL_TIM_TriggerCallback
                0x0800b5d6       0x14 ./Drivers/STM32L5xx_HAL_Driver/Src/stm32l5xx_hal_tim.o
                0x0800b5d6                HAL_TIM_TriggerCallback
 *fill*         0x0800b5ea        0x2 
 .text.TIM_Base_SetConfig
                0x0800b5ec      0x14c ./Drivers/STM32L5xx_HAL_Driver/Src/stm32l5xx_hal_tim.o
                0x0800b5ec                TIM_Base_SetConfig
 .text.TIM_OC1_SetConfig
                0x0800b738      0x120 ./Drivers/STM32L5xx_HAL_Driver/Src/stm32l5xx_hal_tim.o
 .text.TIM_OC2_SetConfig
                0x0800b858      0x114 ./Drivers/STM32L5xx_HAL_Driver/Src/stm32l5xx_hal_tim.o
                0x0800b858                TIM_OC2_SetConfig
 .text.TIM_OC3_SetConfig
                0x0800b96c      0x110 ./Drivers/STM32L5xx_HAL_Driver/Src/stm32l5xx_hal_tim.o
 .text.TIM_OC4_SetConfig
                0x0800ba7c       0xd4 ./Drivers/STM32L5xx_HAL_Driver/Src/stm32l5xx_hal_tim.o
 .text.TIM_OC5_SetConfig
                0x0800bb50       0xc8 ./Drivers/STM32L5xx_HAL_Driver/Src/stm32l5xx_hal_tim.o
 .text.TIM_OC6_SetConfig
                0x0800bc18       0xcc ./Drivers/STM32L5xx_HAL_Driver/Src/stm32l5xx_hal_tim.o
 .text.TIM_SlaveTimer_SetConfig
                0x0800bce4      0x12a ./Drivers/STM32L5xx_HAL_Driver/Src/stm32l5xx_hal_tim.o
 .text.TIM_TI1_ConfigInputStage
                0x0800be0e       0x5e ./Drivers/STM32L5xx_HAL_Driver/Src/stm32l5xx_hal_tim.o
 .text.TIM_TI2_ConfigInputStage
                0x0800be6c       0x60 ./Drivers/STM32L5xx_HAL_Driver/Src/stm32l5xx_hal_tim.o
 .text.TIM_ITRx_SetConfig
                0x0800becc       0x3a ./Drivers/STM32L5xx_HAL_Driver/Src/stm32l5xx_hal_tim.o
 .text.TIM_ETR_SetConfig
                0x0800bf06       0x40 ./Drivers/STM32L5xx_HAL_Driver/Src/stm32l5xx_hal_tim.o
                0x0800bf06                TIM_ETR_SetConfig
 *fill*         0x0800bf46        0x2 
 .text.HAL_TIMEx_MasterConfigSynchronization
                0x0800bf48      0x110 ./Drivers/STM32L5xx_HAL_Driver/Src/stm32l5xx_hal_tim_ex.o
                0x0800bf48                HAL_TIMEx_MasterConfigSynchronization
 .text.HAL_TIMEx_CommutCallback
                0x0800c058       0x14 ./Drivers/STM32L5xx_HAL_Driver/Src/stm32l5xx_hal_tim_ex.o
                0x0800c058                HAL_TIMEx_CommutCallback
 .text.HAL_TIMEx_BreakCallback
                0x0800c06c       0x14 ./Drivers/STM32L5xx_HAL_Driver/Src/stm32l5xx_hal_tim_ex.o
                0x0800c06c                HAL_TIMEx_BreakCallback
 .text.HAL_TIMEx_Break2Callback
                0x0800c080       0x14 ./Drivers/STM32L5xx_HAL_Driver/Src/stm32l5xx_hal_tim_ex.o
                0x0800c080                HAL_TIMEx_Break2Callback
 .text.USB_EnableGlobalInt
                0x0800c094       0x2e ./Drivers/STM32L5xx_HAL_Driver/Src/stm32l5xx_ll_usb.o
                0x0800c094                USB_EnableGlobalInt
 .text.USB_DisableGlobalInt
                0x0800c0c2       0x36 ./Drivers/STM32L5xx_HAL_Driver/Src/stm32l5xx_ll_usb.o
                0x0800c0c2                USB_DisableGlobalInt
 .text.USB_DevInit
                0x0800c0f8       0x3c ./Drivers/STM32L5xx_HAL_Driver/Src/stm32l5xx_ll_usb.o
                0x0800c0f8                USB_DevInit
 .text.USB_ActivateEndpoint
                0x0800c134      0x788 ./Drivers/STM32L5xx_HAL_Driver/Src/stm32l5xx_ll_usb.o
                0x0800c134                USB_ActivateEndpoint
 .text.USB_DeactivateEndpoint
                0x0800c8bc      0x3da ./Drivers/STM32L5xx_HAL_Driver/Src/stm32l5xx_ll_usb.o
                0x0800c8bc                USB_DeactivateEndpoint
 .text.USB_EPStartXfer
                0x0800cc96     0x1764 ./Drivers/STM32L5xx_HAL_Driver/Src/stm32l5xx_ll_usb.o
                0x0800cc96                USB_EPStartXfer
 .text.USB_EPSetStall
                0x0800e3fa       0xa2 ./Drivers/STM32L5xx_HAL_Driver/Src/stm32l5xx_ll_usb.o
                0x0800e3fa                USB_EPSetStall
 .text.USB_EPClearStall
                0x0800e49c      0x15c ./Drivers/STM32L5xx_HAL_Driver/Src/stm32l5xx_ll_usb.o
                0x0800e49c                USB_EPClearStall
 .text.USB_SetDevAddress
                0x0800e5f8       0x28 ./Drivers/STM32L5xx_HAL_Driver/Src/stm32l5xx_ll_usb.o
                0x0800e5f8                USB_SetDevAddress
 .text.USB_DevConnect
                0x0800e620       0x2e ./Drivers/STM32L5xx_HAL_Driver/Src/stm32l5xx_ll_usb.o
                0x0800e620                USB_DevConnect
 .text.USB_ReadInterrupts
                0x0800e64e       0x20 ./Drivers/STM32L5xx_HAL_Driver/Src/stm32l5xx_ll_usb.o
                0x0800e64e                USB_ReadInterrupts
 .text.USB_WritePMA
                0x0800e66e       0x86 ./Drivers/STM32L5xx_HAL_Driver/Src/stm32l5xx_ll_usb.o
                0x0800e66e                USB_WritePMA
 .text.USB_ReadPMA
                0x0800e6f4       0x98 ./Drivers/STM32L5xx_HAL_Driver/Src/stm32l5xx_ll_usb.o
                0x0800e6f4                USB_ReadPMA
 .text.USBD_CDC_Init
                0x0800e78c      0x1f0 ./Middlewares/ST/STM32_USB_Device_Library/Class/CDC/Src/usbd_cdc.o
 .text.USBD_CDC_DeInit
                0x0800e97c      0x104 ./Middlewares/ST/STM32_USB_Device_Library/Class/CDC/Src/usbd_cdc.o
 .text.USBD_CDC_Setup
                0x0800ea80      0x1b8 ./Middlewares/ST/STM32_USB_Device_Library/Class/CDC/Src/usbd_cdc.o
 .text.USBD_CDC_DataIn
                0x0800ec38       0xfe ./Middlewares/ST/STM32_USB_Device_Library/Class/CDC/Src/usbd_cdc.o
 .text.USBD_CDC_DataOut
                0x0800ed36       0x70 ./Middlewares/ST/STM32_USB_Device_Library/Class/CDC/Src/usbd_cdc.o
 .text.USBD_CDC_EP0_RxReady
                0x0800eda6       0x74 ./Middlewares/ST/STM32_USB_Device_Library/Class/CDC/Src/usbd_cdc.o
 *fill*         0x0800ee1a        0x2 
 .text.USBD_CDC_GetFSCfgDesc
                0x0800ee1c       0x70 ./Middlewares/ST/STM32_USB_Device_Library/Class/CDC/Src/usbd_cdc.o
 .text.USBD_CDC_GetHSCfgDesc
                0x0800ee8c       0x70 ./Middlewares/ST/STM32_USB_Device_Library/Class/CDC/Src/usbd_cdc.o
 .text.USBD_CDC_GetOtherSpeedCfgDesc
                0x0800eefc       0x70 ./Middlewares/ST/STM32_USB_Device_Library/Class/CDC/Src/usbd_cdc.o
 .text.USBD_CDC_GetDeviceQualifierDescriptor
                0x0800ef6c       0x20 ./Middlewares/ST/STM32_USB_Device_Library/Class/CDC/Src/usbd_cdc.o
                0x0800ef6c                USBD_CDC_GetDeviceQualifierDescriptor
 .text.USBD_CDC_RegisterInterface
                0x0800ef8c       0x34 ./Middlewares/ST/STM32_USB_Device_Library/Class/CDC/Src/usbd_cdc.o
                0x0800ef8c                USBD_CDC_RegisterInterface
 .text.USBD_CDC_SetTxBuffer
                0x0800efc0       0x44 ./Middlewares/ST/STM32_USB_Device_Library/Class/CDC/Src/usbd_cdc.o
                0x0800efc0                USBD_CDC_SetTxBuffer
 .text.USBD_CDC_SetRxBuffer
                0x0800f004       0x3a ./Middlewares/ST/STM32_USB_Device_Library/Class/CDC/Src/usbd_cdc.o
                0x0800f004                USBD_CDC_SetRxBuffer
 *fill*         0x0800f03e        0x2 
 .text.USBD_CDC_ReceivePacket
                0x0800f040       0x6c ./Middlewares/ST/STM32_USB_Device_Library/Class/CDC/Src/usbd_cdc.o
                0x0800f040                USBD_CDC_ReceivePacket
 .text.USBD_Init
                0x0800f0ac       0x60 ./Middlewares/ST/STM32_USB_Device_Library/Core/Src/usbd_core.o
                0x0800f0ac                USBD_Init
 .text.USBD_RegisterClass
                0x0800f10c       0x6c ./Middlewares/ST/STM32_USB_Device_Library/Core/Src/usbd_core.o
                0x0800f10c                USBD_RegisterClass
 .text.USBD_Start
                0x0800f178       0x18 ./Middlewares/ST/STM32_USB_Device_Library/Core/Src/usbd_core.o
                0x0800f178                USBD_Start
 .text.USBD_RunTestMode
                0x0800f190       0x16 ./Middlewares/ST/STM32_USB_Device_Library/Core/Src/usbd_core.o
                0x0800f190                USBD_RunTestMode
 .text.USBD_SetClassConfig
                0x0800f1a6       0x38 ./Middlewares/ST/STM32_USB_Device_Library/Core/Src/usbd_core.o
                0x0800f1a6                USBD_SetClassConfig
 .text.USBD_ClrClassConfig
                0x0800f1de       0x34 ./Middlewares/ST/STM32_USB_Device_Library/Core/Src/usbd_core.o
                0x0800f1de                USBD_ClrClassConfig
 .text.USBD_LL_SetupStage
                0x0800f212       0xaa ./Middlewares/ST/STM32_USB_Device_Library/Core/Src/usbd_core.o
                0x0800f212                USBD_LL_SetupStage
 .text.USBD_LL_DataOutStage
                0x0800f2bc      0x166 ./Middlewares/ST/STM32_USB_Device_Library/Core/Src/usbd_core.o
                0x0800f2bc                USBD_LL_DataOutStage
 .text.USBD_LL_DataInStage
                0x0800f422      0x164 ./Middlewares/ST/STM32_USB_Device_Library/Core/Src/usbd_core.o
                0x0800f422                USBD_LL_DataInStage
 .text.USBD_LL_Reset
                0x0800f586       0xa4 ./Middlewares/ST/STM32_USB_Device_Library/Core/Src/usbd_core.o
                0x0800f586                USBD_LL_Reset
 .text.USBD_LL_SetSpeed
                0x0800f62a       0x20 ./Middlewares/ST/STM32_USB_Device_Library/Core/Src/usbd_core.o
                0x0800f62a                USBD_LL_SetSpeed
 .text.USBD_LL_Suspend
                0x0800f64a       0x38 ./Middlewares/ST/STM32_USB_Device_Library/Core/Src/usbd_core.o
                0x0800f64a                USBD_LL_Suspend
 .text.USBD_LL_Resume
                0x0800f682       0x30 ./Middlewares/ST/STM32_USB_Device_Library/Core/Src/usbd_core.o
                0x0800f682                USBD_LL_Resume
 .text.USBD_LL_SOF
                0x0800f6b2       0x40 ./Middlewares/ST/STM32_USB_Device_Library/Core/Src/usbd_core.o
                0x0800f6b2                USBD_LL_SOF
 .text.USBD_CoreFindIF
                0x0800f6f2       0x1a ./Middlewares/ST/STM32_USB_Device_Library/Core/Src/usbd_core.o
                0x0800f6f2                USBD_CoreFindIF
 .text.USBD_CoreFindEP
                0x0800f70c       0x1a ./Middlewares/ST/STM32_USB_Device_Library/Core/Src/usbd_core.o
                0x0800f70c                USBD_CoreFindEP
 .text.USBD_GetEpDesc
                0x0800f726       0x70 ./Middlewares/ST/STM32_USB_Device_Library/Core/Src/usbd_core.o
                0x0800f726                USBD_GetEpDesc
 .text.USBD_GetNextDesc
                0x0800f796       0x38 ./Middlewares/ST/STM32_USB_Device_Library/Core/Src/usbd_core.o
                0x0800f796                USBD_GetNextDesc
 .text.SWAPBYTE
                0x0800f7ce       0x3e ./Middlewares/ST/STM32_USB_Device_Library/Core/Src/usbd_ctlreq.o
 .text.USBD_StdDevReq
                0x0800f80c       0xe4 ./Middlewares/ST/STM32_USB_Device_Library/Core/Src/usbd_ctlreq.o
                0x0800f80c                USBD_StdDevReq
 .text.USBD_StdItfReq
                0x0800f8f0       0xd8 ./Middlewares/ST/STM32_USB_Device_Library/Core/Src/usbd_ctlreq.o
                0x0800f8f0                USBD_StdItfReq
 .text.USBD_StdEPReq
                0x0800f9c8      0x33a ./Middlewares/ST/STM32_USB_Device_Library/Core/Src/usbd_ctlreq.o
                0x0800f9c8                USBD_StdEPReq
 *fill*         0x0800fd02        0x2 
 .text.USBD_GetDescriptor
                0x0800fd04      0x328 ./Middlewares/ST/STM32_USB_Device_Library/Core/Src/usbd_ctlreq.o
 .text.USBD_SetAddress
                0x0801002c       0x88 ./Middlewares/ST/STM32_USB_Device_Library/Core/Src/usbd_ctlreq.o
 .text.USBD_SetConfig
                0x080100b4      0x154 ./Middlewares/ST/STM32_USB_Device_Library/Core/Src/usbd_ctlreq.o
 .text.USBD_GetConfig
                0x08010208       0x6c ./Middlewares/ST/STM32_USB_Device_Library/Core/Src/usbd_ctlreq.o
 .text.USBD_GetStatus
                0x08010274       0x68 ./Middlewares/ST/STM32_USB_Device_Library/Core/Src/usbd_ctlreq.o
 .text.USBD_SetFeature
                0x080102dc       0x52 ./Middlewares/ST/STM32_USB_Device_Library/Core/Src/usbd_ctlreq.o
 .text.USBD_ClrFeature
                0x0801032e       0x44 ./Middlewares/ST/STM32_USB_Device_Library/Core/Src/usbd_ctlreq.o
 .text.USBD_ParseSetupRequest
                0x08010372       0x74 ./Middlewares/ST/STM32_USB_Device_Library/Core/Src/usbd_ctlreq.o
                0x08010372                USBD_ParseSetupRequest
 .text.USBD_CtlError
                0x080103e6       0x22 ./Middlewares/ST/STM32_USB_Device_Library/Core/Src/usbd_ctlreq.o
                0x080103e6                USBD_CtlError
 .text.USBD_GetString
                0x08010408       0x8c ./Middlewares/ST/STM32_USB_Device_Library/Core/Src/usbd_ctlreq.o
                0x08010408                USBD_GetString
 .text.USBD_GetLen
                0x08010494       0x34 ./Middlewares/ST/STM32_USB_Device_Library/Core/Src/usbd_ctlreq.o
 .text.USBD_CtlSendData
                0x080104c8       0x36 ./Middlewares/ST/STM32_USB_Device_Library/Core/Src/usbd_ioreq.o
                0x080104c8                USBD_CtlSendData
 .text.USBD_CtlContinueSendData
                0x080104fe       0x22 ./Middlewares/ST/STM32_USB_Device_Library/Core/Src/usbd_ioreq.o
                0x080104fe                USBD_CtlContinueSendData
 .text.USBD_CtlPrepareRx
                0x08010520       0x3a ./Middlewares/ST/STM32_USB_Device_Library/Core/Src/usbd_ioreq.o
                0x08010520                USBD_CtlPrepareRx
 .text.USBD_CtlContinueRx
                0x0801055a       0x22 ./Middlewares/ST/STM32_USB_Device_Library/Core/Src/usbd_ioreq.o
                0x0801055a                USBD_CtlContinueRx
 .text.USBD_CtlSendStatus
                0x0801057c       0x26 ./Middlewares/ST/STM32_USB_Device_Library/Core/Src/usbd_ioreq.o
                0x0801057c                USBD_CtlSendStatus
 .text.USBD_CtlReceiveStatus
                0x080105a2       0x26 ./Middlewares/ST/STM32_USB_Device_Library/Core/Src/usbd_ioreq.o
                0x080105a2                USBD_CtlReceiveStatus
 .text.MX_USB_Device_Init
                0x080105c8       0x60 ./USB_Device/App/usb_device.o
                0x080105c8                MX_USB_Device_Init
 .text.CDC_Init_FS
                0x08010628       0x28 ./USB_Device/App/usbd_cdc_if.o
 .text.CDC_DeInit_FS
                0x08010650       0x10 ./USB_Device/App/usbd_cdc_if.o
 .text.CDC_Control_FS
                0x08010660       0xbc ./USB_Device/App/usbd_cdc_if.o
 .text.CDC_Receive_FS
                0x0801071c       0x28 ./USB_Device/App/usbd_cdc_if.o
 .text.CDC_TransmitCplt_FS
                0x08010744       0x22 ./USB_Device/App/usbd_cdc_if.o
 *fill*         0x08010766        0x2 
 .text.USBD_CDC_DeviceDescriptor
                0x08010768       0x24 ./USB_Device/App/usbd_desc.o
                0x08010768                USBD_CDC_DeviceDescriptor
 .text.USBD_CDC_LangIDStrDescriptor
                0x0801078c       0x24 ./USB_Device/App/usbd_desc.o
                0x0801078c                USBD_CDC_LangIDStrDescriptor
 .text.USBD_CDC_ProductStrDescriptor
                0x080107b0       0x3c ./USB_Device/App/usbd_desc.o
                0x080107b0                USBD_CDC_ProductStrDescriptor
 .text.USBD_CDC_ManufacturerStrDescriptor
                0x080107ec       0x28 ./USB_Device/App/usbd_desc.o
                0x080107ec                USBD_CDC_ManufacturerStrDescriptor
 .text.USBD_CDC_SerialStrDescriptor
                0x08010814       0x24 ./USB_Device/App/usbd_desc.o
                0x08010814                USBD_CDC_SerialStrDescriptor
 .text.USBD_CDC_ConfigStrDescriptor
                0x08010838       0x3c ./USB_Device/App/usbd_desc.o
                0x08010838                USBD_CDC_ConfigStrDescriptor
 .text.USBD_CDC_InterfaceStrDescriptor
                0x08010874       0x3c ./USB_Device/App/usbd_desc.o
                0x08010874                USBD_CDC_InterfaceStrDescriptor
 .text.Get_SerialNum
                0x080108b0       0x58 ./USB_Device/App/usbd_desc.o
 .text.IntToUnicode
                0x08010908       0x7e ./USB_Device/App/usbd_desc.o
 *fill*         0x08010986        0x2 
 .text.HAL_PCD_MspInit
                0x08010988       0x98 ./USB_Device/Target/usbd_conf.o
                0x08010988                HAL_PCD_MspInit
 .text.HAL_PCD_SetupStageCallback
                0x08010a20       0x24 ./USB_Device/Target/usbd_conf.o
                0x08010a20                HAL_PCD_SetupStageCallback
 .text.HAL_PCD_DataOutStageCallback
                0x08010a44       0x36 ./USB_Device/Target/usbd_conf.o
                0x08010a44                HAL_PCD_DataOutStageCallback
 .text.HAL_PCD_DataInStageCallback
                0x08010a7a       0x34 ./USB_Device/Target/usbd_conf.o
                0x08010a7a                HAL_PCD_DataInStageCallback
 .text.HAL_PCD_SOFCallback
                0x08010aae       0x1c ./USB_Device/Target/usbd_conf.o
                0x08010aae                HAL_PCD_SOFCallback
 .text.HAL_PCD_ResetCallback
                0x08010aca       0x3c ./USB_Device/Target/usbd_conf.o
                0x08010aca                HAL_PCD_ResetCallback
 .text.HAL_PCD_SuspendCallback
                0x08010b06       0x1c ./USB_Device/Target/usbd_conf.o
                0x08010b06                HAL_PCD_SuspendCallback
 .text.HAL_PCD_ResumeCallback
                0x08010b22       0x1c ./USB_Device/Target/usbd_conf.o
                0x08010b22                HAL_PCD_ResumeCallback
 *fill*         0x08010b3e        0x2 
 .text.USBD_LL_Init
                0x08010b40       0x70 ./USB_Device/Target/usbd_conf.o
                0x08010b40                USBD_LL_Init
 .text.USBD_LL_Start
                0x08010bb0       0x36 ./USB_Device/Target/usbd_conf.o
                0x08010bb0                USBD_LL_Start
 .text.USBD_LL_OpenEP
                0x08010be6       0x4c ./USB_Device/Target/usbd_conf.o
                0x08010be6                USBD_LL_OpenEP
 .text.USBD_LL_CloseEP
                0x08010c32       0x3e ./USB_Device/Target/usbd_conf.o
                0x08010c32                USBD_LL_CloseEP
 .text.USBD_LL_StallEP
                0x08010c70       0x3e ./USB_Device/Target/usbd_conf.o
                0x08010c70                USBD_LL_StallEP
 .text.USBD_LL_ClearStallEP
                0x08010cae       0x3e ./USB_Device/Target/usbd_conf.o
                0x08010cae                USBD_LL_ClearStallEP
 .text.USBD_LL_IsStallEP
                0x08010cec       0x58 ./USB_Device/Target/usbd_conf.o
                0x08010cec                USBD_LL_IsStallEP
 .text.USBD_LL_SetUSBAddress
                0x08010d44       0x3e ./USB_Device/Target/usbd_conf.o
                0x08010d44                USBD_LL_SetUSBAddress
 .text.USBD_LL_Transmit
                0x08010d82       0x42 ./USB_Device/Target/usbd_conf.o
                0x08010d82                USBD_LL_Transmit
 .text.USBD_LL_PrepareReceive
                0x08010dc4       0x42 ./USB_Device/Target/usbd_conf.o
                0x08010dc4                USBD_LL_PrepareReceive
 .text.USBD_LL_GetRxDataSize
                0x08010e06       0x26 ./USB_Device/Target/usbd_conf.o
                0x08010e06                USBD_LL_GetRxDataSize
 .text.HAL_PCDEx_LPM_Callback
                0x08010e2c       0x18 ./USB_Device/Target/usbd_conf.o
                0x08010e2c                HAL_PCDEx_LPM_Callback
 .text.USBD_static_malloc
                0x08010e44       0x1c ./USB_Device/Target/usbd_conf.o
                0x08010e44                USBD_static_malloc
 .text.USBD_static_free
                0x08010e60       0x14 ./USB_Device/Target/usbd_conf.o
                0x08010e60                USBD_static_free
 .text.USBD_Get_USB_Status
                0x08010e74       0x58 ./USB_Device/Target/usbd_conf.o
 .text.malloc   0x08010ecc       0x10 /opt/stm32cubeide/plugins/com.st.stm32cube.ide.mcu.externaltools.gnu-tools-for-stm32.13.3.rel1.linux64_1.0.0.202410170706/tools/bin/../lib/gcc/arm-none-eabi/13.3.1/../../../../arm-none-eabi/lib/thumb/v8-m.main+fp/hard/libc_nano.a(libc_a-malloc.o)
                0x08010ecc                malloc
 .text.free     0x08010edc       0x10 /opt/stm32cubeide/plugins/com.st.stm32cube.ide.mcu.externaltools.gnu-tools-for-stm32.13.3.rel1.linux64_1.0.0.202410170706/tools/bin/../lib/gcc/arm-none-eabi/13.3.1/../../../../arm-none-eabi/lib/thumb/v8-m.main+fp/hard/libc_nano.a(libc_a-malloc.o)
                0x08010edc                free
 .text.sbrk_aligned
                0x08010eec       0x44 /opt/stm32cubeide/plugins/com.st.stm32cube.ide.mcu.externaltools.gnu-tools-for-stm32.13.3.rel1.linux64_1.0.0.202410170706/tools/bin/../lib/gcc/arm-none-eabi/13.3.1/../../../../arm-none-eabi/lib/thumb/v8-m.main+fp/hard/libc_nano.a(libc_a-mallocr.o)
 .text._malloc_r
                0x08010f30      0x100 /opt/stm32cubeide/plugins/com.st.stm32cube.ide.mcu.externaltools.gnu-tools-for-stm32.13.3.rel1.linux64_1.0.0.202410170706/tools/bin/../lib/gcc/arm-none-eabi/13.3.1/../../../../arm-none-eabi/lib/thumb/v8-m.main+fp/hard/libc_nano.a(libc_a-mallocr.o)
                0x08010f30                _malloc_r
 .text.__malloc_lock
                0x08011030        0xc /opt/stm32cubeide/plugins/com.st.stm32cube.ide.mcu.externaltools.gnu-tools-for-stm32.13.3.rel1.linux64_1.0.0.202410170706/tools/bin/../lib/gcc/arm-none-eabi/13.3.1/../../../../arm-none-eabi/lib/thumb/v8-m.main+fp/hard/libc_nano.a(libc_a-mlock.o)
                0x08011030                __malloc_lock
 .text.__malloc_unlock
                0x0801103c        0xc /opt/stm32cubeide/plugins/com.st.stm32cube.ide.mcu.externaltools.gnu-tools-for-stm32.13.3.rel1.linux64_1.0.0.202410170706/tools/bin/../lib/gcc/arm-none-eabi/13.3.1/../../../../arm-none-eabi/lib/thumb/v8-m.main+fp/hard/libc_nano.a(libc_a-mlock.o)
                0x0801103c                __malloc_unlock
 .text.memset   0x08011048       0x10 /opt/stm32cubeide/plugins/com.st.stm32cube.ide.mcu.externaltools.gnu-tools-for-stm32.13.3.rel1.linux64_1.0.0.202410170706/tools/bin/../lib/gcc/arm-none-eabi/13.3.1/../../../../arm-none-eabi/lib/thumb/v8-m.main+fp/hard/libc_nano.a(libc_a-memset.o)
                0x08011048                memset
 .text._sbrk_r  0x08011058       0x20 /opt/stm32cubeide/plugins/com.st.stm32cube.ide.mcu.externaltools.gnu-tools-for-stm32.13.3.rel1.linux64_1.0.0.202410170706/tools/bin/../lib/gcc/arm-none-eabi/13.3.1/../../../../arm-none-eabi/lib/thumb/v8-m.main+fp/hard/libc_nano.a(libc_a-sbrkr.o)
                0x08011058                _sbrk_r
 .text.__errno  0x08011078        0xc /opt/stm32cubeide/plugins/com.st.stm32cube.ide.mcu.externaltools.gnu-tools-for-stm32.13.3.rel1.linux64_1.0.0.202410170706/tools/bin/../lib/gcc/arm-none-eabi/13.3.1/../../../../arm-none-eabi/lib/thumb/v8-m.main+fp/hard/libc_nano.a(libc_a-errno.o)
                0x08011078                __errno
 .text.__libc_init_array
                0x08011084       0x48 /opt/stm32cubeide/plugins/com.st.stm32cube.ide.mcu.externaltools.gnu-tools-for-stm32.13.3.rel1.linux64_1.0.0.202410170706/tools/bin/../lib/gcc/arm-none-eabi/13.3.1/../../../../arm-none-eabi/lib/thumb/v8-m.main+fp/hard/libc_nano.a(libc_a-init.o)
                0x08011084                __libc_init_array
 .text.__retarget_lock_acquire_recursive
                0x080110cc        0x2 /opt/stm32cubeide/plugins/com.st.stm32cube.ide.mcu.externaltools.gnu-tools-for-stm32.13.3.rel1.linux64_1.0.0.202410170706/tools/bin/../lib/gcc/arm-none-eabi/13.3.1/../../../../arm-none-eabi/lib/thumb/v8-m.main+fp/hard/libc_nano.a(libc_a-lock.o)
                0x080110cc                __retarget_lock_acquire_recursive
 .text.__retarget_lock_release_recursive
                0x080110ce        0x2 /opt/stm32cubeide/plugins/com.st.stm32cube.ide.mcu.externaltools.gnu-tools-for-stm32.13.3.rel1.linux64_1.0.0.202410170706/tools/bin/../lib/gcc/arm-none-eabi/13.3.1/../../../../arm-none-eabi/lib/thumb/v8-m.main+fp/hard/libc_nano.a(libc_a-lock.o)
                0x080110ce                __retarget_lock_release_recursive
 .text._free_r  0x080110d0       0x94 /opt/stm32cubeide/plugins/com.st.stm32cube.ide.mcu.externaltools.gnu-tools-for-stm32.13.3.rel1.linux64_1.0.0.202410170706/tools/bin/../lib/gcc/arm-none-eabi/13.3.1/../../../../arm-none-eabi/lib/thumb/v8-m.main+fp/hard/libc_nano.a(libc_a-freer.o)
                0x080110d0                _free_r
 *fill*         0x08011164        0x4 
 .text.log      0x08011168       0x7c /opt/stm32cubeide/plugins/com.st.stm32cube.ide.mcu.externaltools.gnu-tools-for-stm32.13.3.rel1.linux64_1.0.0.202410170706/tools/bin/../lib/gcc/arm-none-eabi/13.3.1/../../../../arm-none-eabi/lib/thumb/v8-m.main+fp/hard/libm.a(libm_a-w_log.o)
                0x08011168                log
 *fill*         0x080111e4        0x4 
 .text.nan      0x080111e8       0x10 /opt/stm32cubeide/plugins/com.st.stm32cube.ide.mcu.externaltools.gnu-tools-for-stm32.13.3.rel1.linux64_1.0.0.202410170706/tools/bin/../lib/gcc/arm-none-eabi/13.3.1/../../../../arm-none-eabi/lib/thumb/v8-m.main+fp/hard/libm.a(libm_a-s_nan.o)
                0x080111e8                nan
 .text.__ieee754_log
                0x080111f8      0x364 /opt/stm32cubeide/plugins/com.st.stm32cube.ide.mcu.externaltools.gnu-tools-for-stm32.13.3.rel1.linux64_1.0.0.202410170706/tools/bin/../lib/gcc/arm-none-eabi/13.3.1/../../../../arm-none-eabi/lib/thumb/v8-m.main+fp/hard/libm.a(libm_a-e_log.o)
                0x080111f8                __ieee754_log
 *(.glue_7)
 .glue_7        0x0801155c        0x0 linker stubs
 *(.glue_7t)
 .glue_7t       0x0801155c        0x0 linker stubs
 *(.eh_frame)
 .eh_frame      0x0801155c        0x0 /opt/stm32cubeide/plugins/com.st.stm32cube.ide.mcu.externaltools.gnu-tools-for-stm32.13.3.rel1.linux64_1.0.0.202410170706/tools/bin/../lib/gcc/arm-none-eabi/13.3.1/thumb/v8-m.main+fp/hard/crtbegin.o
 *(.init)
 .init          0x0801155c        0x4 /opt/stm32cubeide/plugins/com.st.stm32cube.ide.mcu.externaltools.gnu-tools-for-stm32.13.3.rel1.linux64_1.0.0.202410170706/tools/bin/../lib/gcc/arm-none-eabi/13.3.1/thumb/v8-m.main+fp/hard/crti.o
                0x0801155c                _init
 .init          0x08011560        0x8 /opt/stm32cubeide/plugins/com.st.stm32cube.ide.mcu.externaltools.gnu-tools-for-stm32.13.3.rel1.linux64_1.0.0.202410170706/tools/bin/../lib/gcc/arm-none-eabi/13.3.1/thumb/v8-m.main+fp/hard/crtn.o
 *(.fini)
 .fini          0x08011568        0x4 /opt/stm32cubeide/plugins/com.st.stm32cube.ide.mcu.externaltools.gnu-tools-for-stm32.13.3.rel1.linux64_1.0.0.202410170706/tools/bin/../lib/gcc/arm-none-eabi/13.3.1/thumb/v8-m.main+fp/hard/crti.o
                0x08011568                _fini
 .fini          0x0801156c        0x8 /opt/stm32cubeide/plugins/com.st.stm32cube.ide.mcu.externaltools.gnu-tools-for-stm32.13.3.rel1.linux64_1.0.0.202410170706/tools/bin/../lib/gcc/arm-none-eabi/13.3.1/thumb/v8-m.main+fp/hard/crtn.o
                0x08011574                        . = ALIGN (0x4)
                0x08011574                        _etext = .

.vfp11_veneer   0x08011574        0x0
 .vfp11_veneer  0x08011574        0x0 linker stubs

.v4_bx          0x08011574        0x0
 .v4_bx         0x08011574        0x0 linker stubs

.iplt           0x08011574        0x0
 .iplt          0x08011574        0x0 /opt/stm32cubeide/plugins/com.st.stm32cube.ide.mcu.externaltools.gnu-tools-for-stm32.13.3.rel1.linux64_1.0.0.202410170706/tools/bin/../lib/gcc/arm-none-eabi/13.3.1/thumb/v8-m.main+fp/hard/crtbegin.o

.rodata         0x08011574      0x2a4
                0x08011574                        . = ALIGN (0x4)
 *(.rodata)
 .rodata        0x08011574       0x46 ./USB_Device/App/usbd_desc.o
 *(.rodata*)
 *fill*         0x080115ba        0x2 
 .rodata.crc15Table
                0x080115bc      0x200 ./BMS/LTC681x.o
                0x080115bc                crc15Table
 .rodata.AHBPrescTable
                0x080117bc       0x10 ./Core/Src/system_stm32l5xx.o
                0x080117bc                AHBPrescTable
 .rodata.APBPrescTable
                0x080117cc        0x8 ./Core/Src/system_stm32l5xx.o
                0x080117cc                APBPrescTable
 .rodata.MSIRangeTable
                0x080117d4       0x40 ./Core/Src/system_stm32l5xx.o
                0x080117d4                MSIRangeTable
 .rodata.log.str1.1
                0x08011814        0x1 /opt/stm32cubeide/plugins/com.st.stm32cube.ide.mcu.externaltools.gnu-tools-for-stm32.13.3.rel1.linux64_1.0.0.202410170706/tools/bin/../lib/gcc/arm-none-eabi/13.3.1/../../../../arm-none-eabi/lib/thumb/v8-m.main+fp/hard/libm.a(libm_a-w_log.o)
                0x08011818                        . = ALIGN (0x4)
 *fill*         0x08011815        0x3 

.ARM.extab      0x08011818        0x0
                0x08011818                        . = ALIGN (0x4)
 *(.ARM.extab* .gnu.linkonce.armextab.*)
                0x08011818                        . = ALIGN (0x4)

.ARM            0x08011818        0x0
                0x08011818                        . = ALIGN (0x4)
                0x08011818                        __exidx_start = .
 *(.ARM.exidx*)
                0x08011818                        __exidx_end = .
                0x08011818                        . = ALIGN (0x4)

.preinit_array  0x08011818        0x0
                0x08011818                        . = ALIGN (0x4)
                0x08011818                        PROVIDE (__preinit_array_start = .)
 *(.preinit_array*)
                0x08011818                        PROVIDE (__preinit_array_end = .)
                0x08011818                        . = ALIGN (0x4)

.init_array     0x08011818        0x4
                0x08011818                        . = ALIGN (0x4)
                0x08011818                        PROVIDE (__init_array_start = .)
 *(SORT_BY_NAME(.init_array.*))
 *(.init_array*)
 .init_array    0x08011818        0x4 /opt/stm32cubeide/plugins/com.st.stm32cube.ide.mcu.externaltools.gnu-tools-for-stm32.13.3.rel1.linux64_1.0.0.202410170706/tools/bin/../lib/gcc/arm-none-eabi/13.3.1/thumb/v8-m.main+fp/hard/crtbegin.o
                0x0801181c                        PROVIDE (__init_array_end = .)
                0x0801181c                        . = ALIGN (0x4)

.fini_array     0x0801181c        0x4
                0x0801181c                        . = ALIGN (0x4)
                [!provide]                        PROVIDE (__fini_array_start = .)
 *(SORT_BY_NAME(.fini_array.*))
 *(.fini_array*)
 .fini_array    0x0801181c        0x4 /opt/stm32cubeide/plugins/com.st.stm32cube.ide.mcu.externaltools.gnu-tools-for-stm32.13.3.rel1.linux64_1.0.0.202410170706/tools/bin/../lib/gcc/arm-none-eabi/13.3.1/thumb/v8-m.main+fp/hard/crtbegin.o
                [!provide]                        PROVIDE (__fini_array_end = .)
                0x08011820                        . = ALIGN (0x4)
                0x08011820                        _sidata = LOADADDR (.data)

.rel.dyn        0x08011820        0x0
 .rel.iplt      0x08011820        0x0 /opt/stm32cubeide/plugins/com.st.stm32cube.ide.mcu.externaltools.gnu-tools-for-stm32.13.3.rel1.linux64_1.0.0.202410170706/tools/bin/../lib/gcc/arm-none-eabi/13.3.1/thumb/v8-m.main+fp/hard/crtbegin.o

.data           0x20000000      0x16c load address 0x08011820
                0x20000000                        . = ALIGN (0x4)
                0x20000000                        _sdata = .
 *(.data)
 *(.data*)
 .data.ThermB   0x20000000        0x4 ./BMS/BMS.o
                0x20000000                ThermB
 .data.ThermR25
                0x20000004        0x4 ./BMS/BMS.o
                0x20000004                ThermR25
 .data.ThermRs  0x20000008        0x4 ./BMS/BMS.o
                0x20000008                ThermRs
 .data.N_Error  0x2000000c        0x1 ./BMS/BMS.o
                0x2000000c                N_Error
 .data.Max_Errors
                0x2000000d        0x1 ./BMS/BMS.o
                0x2000000d                Max_Errors
 .data.REFON    0x2000000e        0x1 ./BMS/BMS.o
                0x2000000e                REFON
 .data.ADCOPT   0x2000000f        0x1 ./BMS/BMS.o
                0x2000000f                ADCOPT
 .data.gpioBits_a
                0x20000010        0x5 ./BMS/BMS.o
                0x20000010                gpioBits_a
 *fill*         0x20000015        0x1 
 .data.uv_a     0x20000016        0x2 ./BMS/BMS.o
                0x20000016                uv_a
 .data.ov_a     0x20000018        0x2 ./BMS/BMS.o
                0x20000018                ov_a
 .data.system_OK
                0x2000001a        0x1 ./BMS/BMS.o
                0x2000001a                system_OK
 .data.FLAG_WDT
                0x2000001b        0x1 ./Core/Src/main.o
                0x2000001b                FLAG_WDT
 .data.SystemCoreClock
                0x2000001c        0x4 ./Core/Src/system_stm32l5xx.o
                0x2000001c                SystemCoreClock
 .data.uwTickPrio
                0x20000020        0x4 ./Drivers/STM32L5xx_HAL_Driver/Src/stm32l5xx_hal.o
                0x20000020                uwTickPrio
 .data.uwTickFreq
                0x20000024        0x1 ./Drivers/STM32L5xx_HAL_Driver/Src/stm32l5xx_hal.o
                0x20000024                uwTickFreq
 *fill*         0x20000025        0x3 
 .data.USBD_CDC_DeviceQualifierDesc
                0x20000028        0xa ./Middlewares/ST/STM32_USB_Device_Library/Class/CDC/Src/usbd_cdc.o
 *fill*         0x20000032        0x2 
 .data.USBD_CDC
                0x20000034       0x38 ./Middlewares/ST/STM32_USB_Device_Library/Class/CDC/Src/usbd_cdc.o
                0x20000034                USBD_CDC
 .data.USBD_CDC_CfgDesc
                0x2000006c       0x43 ./Middlewares/ST/STM32_USB_Device_Library/Class/CDC/Src/usbd_cdc.o
 .data.CDCInEpAdd
                0x200000af        0x1 ./Middlewares/ST/STM32_USB_Device_Library/Class/CDC/Src/usbd_cdc.o
 .data.CDCOutEpAdd
                0x200000b0        0x1 ./Middlewares/ST/STM32_USB_Device_Library/Class/CDC/Src/usbd_cdc.o
 .data.CDCCmdEpAdd
                0x200000b1        0x1 ./Middlewares/ST/STM32_USB_Device_Library/Class/CDC/Src/usbd_cdc.o
 *fill*         0x200000b2        0x2 
 .data.USBD_Interface_fops_FS
                0x200000b4       0x14 ./USB_Device/App/usbd_cdc_if.o
                0x200000b4                USBD_Interface_fops_FS
 .data.CDC_Desc
                0x200000c8       0x20 ./USB_Device/App/usbd_desc.o
                0x200000c8                CDC_Desc
 .data.USBD_CDC_DeviceDesc
                0x200000e8       0x12 ./USB_Device/App/usbd_desc.o
                0x200000e8                USBD_CDC_DeviceDesc
 *fill*         0x200000fa        0x2 
 .data.USBD_LangIDDesc
                0x200000fc        0x4 ./USB_Device/App/usbd_desc.o
                0x200000fc                USBD_LangIDDesc
 .data.USBD_StringSerial
                0x20000100       0x1a ./USB_Device/App/usbd_desc.o
                0x20000100                USBD_StringSerial
 *fill*         0x2000011a        0x2 
 .data._impure_ptr
                0x2000011c        0x4 /opt/stm32cubeide/plugins/com.st.stm32cube.ide.mcu.externaltools.gnu-tools-for-stm32.13.3.rel1.linux64_1.0.0.202410170706/tools/bin/../lib/gcc/arm-none-eabi/13.3.1/../../../../arm-none-eabi/lib/thumb/v8-m.main+fp/hard/libc_nano.a(libc_a-impure.o)
                0x2000011c                _impure_ptr
 .data._impure_data
                0x20000120       0x4c /opt/stm32cubeide/plugins/com.st.stm32cube.ide.mcu.externaltools.gnu-tools-for-stm32.13.3.rel1.linux64_1.0.0.202410170706/tools/bin/../lib/gcc/arm-none-eabi/13.3.1/../../../../arm-none-eabi/lib/thumb/v8-m.main+fp/hard/libc_nano.a(libc_a-impure.o)
                0x20000120                _impure_data
 *(.RamFunc)
 *(.RamFunc*)
                0x2000016c                        . = ALIGN (0x4)
                0x2000016c                        _edata = .

.igot.plt       0x2000016c        0x0 load address 0x0801198c
 .igot.plt      0x2000016c        0x0 /opt/stm32cubeide/plugins/com.st.stm32cube.ide.mcu.externaltools.gnu-tools-for-stm32.13.3.rel1.linux64_1.0.0.202410170706/tools/bin/../lib/gcc/arm-none-eabi/13.3.1/thumb/v8-m.main+fp/hard/crtbegin.o
                0x2000016c                        . = ALIGN (0x4)

.bss            0x2000016c     0x21bc load address 0x0801198c
                0x2000016c                        _sbss = .
                0x2000016c                        __bss_start__ = _sbss
 *(.bss)
 .bss           0x2000016c       0x1c /opt/stm32cubeide/plugins/com.st.stm32cube.ide.mcu.externaltools.gnu-tools-for-stm32.13.3.rel1.linux64_1.0.0.202410170706/tools/bin/../lib/gcc/arm-none-eabi/13.3.1/thumb/v8-m.main+fp/hard/crtbegin.o
 *(.bss*)
 .bss.bms_ic    0x20000188       0xe8 ./BMS/BMS.o
                0x20000188                bms_ic
 .bss.voltages  0x20000270       0x28 ./BMS/BMS.o
                0x20000270                voltages
 .bss.temperatures
                0x20000298        0xc ./BMS/BMS.o
                0x20000298                temperatures
 .bss.currents  0x200002a4        0x8 ./BMS/BMS.o
                0x200002a4                currents
 .bss.adc1Val   0x200002ac        0x4 ./BMS/BMS.o
                0x200002ac                adc1Val
 .bss.adc1Offset
                0x200002b0        0x4 ./BMS/BMS.o
                0x200002b0                adc1Offset
 .bss.adc2Val   0x200002b4        0x4 ./BMS/BMS.o
                0x200002b4                adc2Val
 .bss.adc2Offset
                0x200002b8        0x4 ./BMS/BMS.o
                0x200002b8                adc2Offset
 .bss.dccBits_a
                0x200002bc        0xc ./BMS/BMS.o
                0x200002bc                dccBits_a
 .bss.dctoBits_a
                0x200002c8        0x4 ./BMS/BMS.o
                0x200002c8                dctoBits_a
 .bss.cvError   0x200002cc        0x1 ./BMS/BMS.o
                0x200002cc                cvError
 .bss.auxError  0x200002cd        0x1 ./BMS/BMS.o
                0x200002cd                auxError
 *fill*         0x200002ce        0x2 
 .bss.NOV       0x200002d0       0x28 ./BMS/BMS.o
                0x200002d0                NOV
 .bss.NUV       0x200002f8       0x28 ./BMS/BMS.o
                0x200002f8                NUV
 .bss.NOT       0x20000320        0xc ./BMS/BMS.o
                0x20000320                NOT
 .bss.NUT       0x2000032c        0xc ./BMS/BMS.o
                0x2000032c                NUT
 .bss.NC        0x20000338        0x4 ./BMS/BMS.o
                0x20000338                NC
 .bss.NOC       0x2000033c        0x8 ./BMS/BMS.o
                0x2000033c                NOC
 .bss.tempError
                0x20000344        0x1 ./BMS/BMS.o
                0x20000344                tempError
 .bss.voltageError
                0x20000345        0x1 ./BMS/BMS.o
                0x20000345                voltageError
 .bss.currentError
                0x20000346        0x1 ./BMS/BMS.o
                0x20000346                currentError
 .bss.chargeEnable
                0x20000347        0x1 ./BMS/BMS.o
                0x20000347                chargeEnable
 .bss.dischargeEnable
                0x20000348        0x1 ./BMS/BMS.o
                0x20000348                dischargeEnable
 *fill*         0x20000349        0x3 
 .bss.hadc1     0x2000034c       0x68 ./Core/Src/adc.o
                0x2000034c                hadc1
 .bss.hadc2     0x200003b4       0x68 ./Core/Src/adc.o
                0x200003b4                hadc2
 .bss.hdma_adc1
                0x2000041c       0x68 ./Core/Src/adc.o
                0x2000041c                hdma_adc1
 .bss.hdma_adc2
                0x20000484       0x68 ./Core/Src/adc.o
                0x20000484                hdma_adc2
 .bss.HAL_RCC_ADC_CLK_ENABLED
                0x200004ec        0x4 ./Core/Src/adc.o
 .bss.hfdcan1   0x200004f0       0x64 ./Core/Src/fdcan.o
                0x200004f0                hfdcan1
 .bss.FLAG_TIM2
                0x20000554        0x1 ./Core/Src/main.o
                0x20000554                FLAG_TIM2
 .bss.FLAG_TIM3
                0x20000555        0x1 ./Core/Src/main.o
                0x20000555                FLAG_TIM3
 .bss.FLAG_TIM4
                0x20000556        0x1 ./Core/Src/main.o
                0x20000556                FLAG_TIM4
 .bss.FLAG_TIM5
                0x20000557        0x1 ./Core/Src/main.o
                0x20000557                FLAG_TIM5
 .bss.FLAG_MainTask1
                0x20000558        0x1 ./Core/Src/main.o
                0x20000558                FLAG_MainTask1
 .bss.FLAG_MainTask2
                0x20000559        0x1 ./Core/Src/main.o
                0x20000559                FLAG_MainTask2
 .bss.FLAG_MainTask3
                0x2000055a        0x1 ./Core/Src/main.o
                0x2000055a                FLAG_MainTask3
 *fill*         0x2000055b        0x1 
 .bss.hrtc      0x2000055c       0x28 ./Core/Src/rtc.o
                0x2000055c                hrtc
 .bss.hspi1     0x20000584       0x64 ./Core/Src/spi.o
                0x20000584                hspi1
 .bss.htim6     0x200005e8       0x4c ./Core/Src/stm32l5xx_hal_timebase_tim.o
                0x200005e8                htim6
 .bss.__sbrk_heap_end
                0x20000634        0x4 ./Core/Src/sysmem.o
 .bss.htim1     0x20000638       0x4c ./Core/Src/tim.o
                0x20000638                htim1
 .bss.htim2     0x20000684       0x4c ./Core/Src/tim.o
                0x20000684                htim2
 .bss.htim3     0x200006d0       0x4c ./Core/Src/tim.o
                0x200006d0                htim3
 .bss.htim4     0x2000071c       0x4c ./Core/Src/tim.o
                0x2000071c                htim4
 .bss.htim5     0x20000768       0x4c ./Core/Src/tim.o
                0x20000768                htim5
 .bss.htim7     0x200007b4       0x4c ./Core/Src/tim.o
                0x200007b4                htim7
 .bss.uwTick    0x20000800        0x4 ./Drivers/STM32L5xx_HAL_Driver/Src/stm32l5xx_hal.o
                0x20000800                uwTick
 .bss.cfgidx.0  0x20000804        0x1 ./Middlewares/ST/STM32_USB_Device_Library/Core/Src/usbd_ctlreq.o
 *fill*         0x20000805        0x3 
 .bss.hUsbDeviceFS
                0x20000808      0x2dc ./USB_Device/App/usb_device.o
                0x20000808                hUsbDeviceFS
 .bss.UserRxBufferFS
                0x20000ae4      0x800 ./USB_Device/App/usbd_cdc_if.o
                0x20000ae4                UserRxBufferFS
 .bss.UserTxBufferFS
                0x200012e4      0x800 ./USB_Device/App/usbd_cdc_if.o
                0x200012e4                UserTxBufferFS
 .bss.USBD_StrDesc
                0x20001ae4      0x200 ./USB_Device/App/usbd_desc.o
                0x20001ae4                USBD_StrDesc
 .bss.hpcd_USB_FS
                0x20001ce4      0x2dc ./USB_Device/Target/usbd_conf.o
                0x20001ce4                hpcd_USB_FS
 .bss.mem.0     0x20001fc0      0x220 ./USB_Device/Target/usbd_conf.o
 .bss.__malloc_sbrk_start
                0x200021e0        0x4 /opt/stm32cubeide/plugins/com.st.stm32cube.ide.mcu.externaltools.gnu-tools-for-stm32.13.3.rel1.linux64_1.0.0.202410170706/tools/bin/../lib/gcc/arm-none-eabi/13.3.1/../../../../arm-none-eabi/lib/thumb/v8-m.main+fp/hard/libc_nano.a(libc_a-mallocr.o)
                0x200021e0                __malloc_sbrk_start
 .bss.__malloc_free_list
                0x200021e4        0x4 /opt/stm32cubeide/plugins/com.st.stm32cube.ide.mcu.externaltools.gnu-tools-for-stm32.13.3.rel1.linux64_1.0.0.202410170706/tools/bin/../lib/gcc/arm-none-eabi/13.3.1/../../../../arm-none-eabi/lib/thumb/v8-m.main+fp/hard/libc_nano.a(libc_a-mallocr.o)
                0x200021e4                __malloc_free_list
 .bss.__sf      0x200021e8      0x138 /opt/stm32cubeide/plugins/com.st.stm32cube.ide.mcu.externaltools.gnu-tools-for-stm32.13.3.rel1.linux64_1.0.0.202410170706/tools/bin/../lib/gcc/arm-none-eabi/13.3.1/../../../../arm-none-eabi/lib/thumb/v8-m.main+fp/hard/libc_nano.a(libc_a-findfp.o)
                0x200021e8                __sf
 .bss.errno     0x20002320        0x4 /opt/stm32cubeide/plugins/com.st.stm32cube.ide.mcu.externaltools.gnu-tools-for-stm32.13.3.rel1.linux64_1.0.0.202410170706/tools/bin/../lib/gcc/arm-none-eabi/13.3.1/../../../../arm-none-eabi/lib/thumb/v8-m.main+fp/hard/libc_nano.a(libc_a-reent.o)
                0x20002320                errno
 .bss.__lock___malloc_recursive_mutex
                0x20002324        0x1 /opt/stm32cubeide/plugins/com.st.stm32cube.ide.mcu.externaltools.gnu-tools-for-stm32.13.3.rel1.linux64_1.0.0.202410170706/tools/bin/../lib/gcc/arm-none-eabi/13.3.1/../../../../arm-none-eabi/lib/thumb/v8-m.main+fp/hard/libc_nano.a(libc_a-lock.o)
                0x20002324                __lock___malloc_recursive_mutex
 *(COMMON)
                0x20002328                        . = ALIGN (0x4)
 *fill*         0x20002325        0x3 
                0x20002328                        _ebss = .
                0x20002328                        __bss_end__ = _ebss

._user_heap_stack
                0x20002328      0x600 load address 0x0801198c
                0x20002328                        . = ALIGN (0x8)
                [!provide]                        PROVIDE (end = .)
                0x20002328                        PROVIDE (_end = .)
                0x20002528                        . = (. + _Min_Heap_Size)
 *fill*         0x20002328      0x200 