../System/Thread.h:20:2:virtual const char* Thread::__getSource()	0	static
../System/Supplies/SupplyThread.h:22:7:SupplyThread::~SupplyThread()	0	static
../System/Supplies/SupplyThread.h:22:7:virtual SupplyThread::~SupplyThread()	8	static
../System/Supplies/SupplyThread.cpp:44:6:virtual void SupplyThread::loop()	32	static
/Applications/STM32CubeIDE.app/Contents/Eclipse/plugins/com.st.stm32cube.ide.mcu.externaltools.gnu-tools-for-stm32.10.3-2021.10.macos64_1.0.200.202301161003/tools/arm-none-eabi/include/c++/10.3.1/bits/std_function.h:289:7:) [with _Res = void; _Functor = std::_Bind<void (SupplyThread::*(SupplyThread*, std::_Placeholder<1>, std::_Placeholder<2>))(unsigned char, Power_SupplyControl*)>; _ArgTypes = {unsigned char, Power_SupplyControl*}]	12	static
/Applications/STM32CubeIDE.app/Contents/Eclipse/plugins/com.st.stm32cube.ide.mcu.externaltools.gnu-tools-for-stm32.10.3-2021.10.macos64_1.0.200.202301161003/tools/arm-none-eabi/include/c++/10.3.1/bits/std_function.h:268:7:), _Functor>::_M_manager(std::_Any_data&, const std::_Any_data&, std::_Manager_operation) [with _Res = void; _Functor = std::_Bind<void (SupplyThread::*(SupplyThread*, std::_Placeholder<1>, std::_Placeholder<2>))(unsigned char, Power_SupplyControl*)>; _ArgTypes = {unsigned char, Power_SupplyControl*}]	16	static
../System/Supplies/SupplyThread.cpp:184:6:bool SupplyThread::read(uint8_t, uint8_t*, uint8_t)	40	static
../System/Supplies/SupplyThread.cpp:163:10:uint16_t SupplyThread::get(uint8_t)	16	static
../System/Supplies/SupplyThread.cpp:125:6:void SupplyThread::setSwitching(bool)	16	static
../System/Supplies/SupplyThread.cpp:139:6:void SupplyThread::setSupplying(bool)	16	static
../System/Supplies/SupplyThread.cpp:153:6:void SupplyThread::handleControlCommands(uint8_t, Power_SupplyControl*)	0	static
../System/Supplies/SupplyThread.cpp:16:6:virtual void SupplyThread::init()	32	static
../System/Supplies/SupplyThread.cpp:191:6:bool SupplyThread::write(uint8_t, uint8_t*, uint8_t)	40	static
../System/Supplies/SupplyThread.cpp:173:6:void SupplyThread::set(uint8_t, uint16_t)	16	static
../System/Supplies/SupplyThread.cpp:96:6:void SupplyThread::reprogram()	16	static
../System/Supplies/SupplyThread.cpp:198:6:bool SupplyThread::enable(uint8_t)	32	static
../System/Supplies/SupplyThread.cpp:207:6:bool SupplyThread::disable(uint8_t)	32	static
../System/Supplies/SupplyThread.cpp:216:6:bool SupplyThread::hasNewErrors()	0	static
../System/Supplies/SupplyThread.cpp:223:13:const char* SupplyThread::getStatus()	0	static
