../System/Libraries/RoCo/Src/LoopbackDriver.cpp:14:6:virtual void LoopbackDriver::transmit(uint8_t*, uint32_t)	24	static
/Applications/STM32CubeIDE.app/Contents/Eclipse/plugins/com.st.stm32cube.ide.mcu.externaltools.gnu-tools-for-stm32.10.3-2021.10.macos64_1.0.200.202301161003/tools/arm-none-eabi/include/c++/10.3.1/bits/std_function.h:242:5:std::_Function_base::~_Function_base()	8	static
../System/Libraries/RoCo/Src/LoopbackDriver.h:13:7:LoopbackDriver::~LoopbackDriver()	8	static
../System/Libraries/RoCo/Src/LoopbackDriver.h:13:7:virtual LoopbackDriver::~LoopbackDriver()	8	static
../System/Libraries/RoCo/Src/LoopbackDriver.cpp:10:6:virtual void LoopbackDriver::receive(const std::function<void(unsigned char, unsigned char*, long unsigned int)>&)	40	static
