../System/Thread.h:20:2:virtual const char* Thread::__getSource()	0	static
../System/Libraries/RoCo/Src/STMUARTDriver.cpp:62:6:virtual void STMUARTDriver::loop()	0	static
../System/Libraries/RoCo/Src/STMUARTDriver.h:38:14:virtual void STMUARTDriver::_ZThn4_N13STMUARTDriver4loopEv()	0	static
/Applications/STM32CubeIDE.app/Contents/Eclipse/plugins/com.st.stm32cube.ide.mcu.externaltools.gnu-tools-for-stm32.10.3-2021.10.macos64_1.0.200.202301161003/tools/arm-none-eabi/include/c++/10.3.1/bits/std_function.h:242:5:std::_Function_base::~_Function_base()	8	static
../System/Libraries/RoCo/Src/STMUARTDriver.cpp:47:1:STMUARTDriver::~STMUARTDriver()	8	static
../System/Libraries/RoCo/Src/STMUARTDriver.cpp:47:1:virtual STMUARTDriver::~STMUARTDriver()	8	static
../System/Libraries/RoCo/Src/STMUARTDriver.cpp:82:6:virtual void STMUARTDriver::receive(const std::function<void(unsigned char, unsigned char*, long unsigned int)>&)	40	static
../System/Libraries/RoCo/Src/STMUARTDriver.cpp:98:10:uint8_t* STMUARTDriver::getBuffer()	0	static
../System/Libraries/RoCo/Src/STMUARTDriver.cpp:103:18:QueueDefinition* STMUARTDriver::getSemaphore()	0	static
../System/Libraries/RoCo/Src/STMUARTDriver.cpp:114:6:void STMUARTDriver::receiveUART(uint8_t, uint8_t*, uint32_t)	24	static
../System/Libraries/RoCo/Src/STMUARTDriver.cpp:119:6:void HAL_UART_ErrorCallback(UART_HandleTypeDef*)	16	static
../System/Libraries/RoCo/Src/STMUARTDriver.cpp:126:6:void HAL_UARTEx_RxEventCallback(UART_HandleTypeDef*, uint16_t)	0	static
../System/Libraries/RoCo/Src/STMUARTDriver.cpp:139:9:uint8_t STMUARTDriver::getSenderID(UART_HandleTypeDef*)	0	static
../System/Libraries/RoCo/Src/STMUARTDriver.cpp:51:6:virtual void STMUARTDriver::init()	8	static
../System/Libraries/RoCo/Src/STMUARTDriver.cpp:86:6:virtual void STMUARTDriver::transmit(uint8_t*, uint32_t)	8	static
../System/Libraries/RoCo/Src/STMUARTDriver.cpp:29:1:STMUARTDriver::STMUARTDriver(UART_HandleTypeDef*)	24	static
