../System/Libraries/RocketFS/FileSystem.cpp:524:6:virtual void FileSystem::read(uint32_t, uint8_t*, uint32_t)	4	static
../System/Libraries/RocketFS/FileSystem.cpp:528:6:virtual void FileSystem::write(uint32_t, uint8_t*, uint32_t)	4	static
../System/Libraries/RocketFS/FileSystem.cpp:536:13:void __no_log(const char*)	0	static
../System/Libraries/RocketFS/FileSystem.h:39:7:FileSystem::~FileSystem()	0	static
../System/Libraries/RocketFS/FileSystem.h:39:7:virtual FileSystem::~FileSystem()	8	static
../System/Libraries/RocketFS/FileSystem.cpp:256:6:virtual void FileSystem::flush()	64	static
../System/Libraries/RocketFS/FileSystem.cpp:56:1:FileSystem::FileSystem(const char*, uint32_t, uint32_t)	16	static
../System/Libraries/RocketFS/FileSystem.cpp:101:6:void FileSystem::setLogger(void (*)(const char*))	0	static
../System/Libraries/RocketFS/FileSystem.cpp:108:6:void FileSystem::bind(void (*)(uint32_t, uint8_t*, uint32_t), void (*)(uint32_t, uint8_t*, uint32_t), void (*)(uint32_t))	0	static
../System/Libraries/RocketFS/FileSystem.cpp:203:6:void FileSystem::format()	56	static
../System/Libraries/RocketFS/FileSystem.cpp:123:6:void FileSystem::mount()	104	static
../System/Libraries/RocketFS/FileSystem.cpp:438:6:void FileSystem::checkMounted()	0	static
../System/Libraries/RocketFS/FileSystem.cpp:190:6:void FileSystem::unmount()	8	static
../System/Libraries/RocketFS/FileSystem.cpp:291:7:File* FileSystem::newFile(const char*, FileType)	64	static
../System/Libraries/RocketFS/FileSystem.cpp:343:6:void FileSystem::delFile(File*)	24	static
../System/Libraries/RocketFS/FileSystem.cpp:375:7:File* FileSystem::getFile(const char*)	40	static
../System/Libraries/RocketFS/FileSystem.cpp:400:6:bool FileSystem::touch(File*)	16	static
../System/Libraries/RocketFS/FileSystem.cpp:409:8:Stream FileSystem::openStream(File*, StreamMode)	24	static
../System/Libraries/RocketFS/FileSystem.cpp:532:10:uint32_t FileSystem::getTotalUsedBlocks()	0	static
