../BMS/BMS.c:53:6:LTC6811_init	48	static
../BMS/BMS.c:65:6:tempConvert	24	static
../BMS/BMS.c:79:6:readVoltages	16	static
../BMS/BMS.c:91:6:readTemperatures	8	static
../BMS/BMS.c:95:6:currentConvert	16	static
../BMS/BMS.c:101:6:resetOutputLatch	8	static
../BMS/BMS.c:121:6:errorCheck	32	static
../BMS/BMS.c:220:6:LEDControl	8	static
../BMS/BMS.c:234:6:outputControl	8	static
../BMS/BMS.c:247:6:SetHardwareProtection	8	static
../BMS/BMS.c:271:6:balancingControl	32	static
../BMS/BMS.c:298:6:LTC_Selftests	8	static
