../BMS/LTC6811.c:66:6:LTC6811_init_reg_limits	24	static
../BMS/LTC6811.c:83:6:LTC6811_adcv	16	static
../BMS/LTC6811.c:93:6:LTC6811_adcvsc	16	static
../BMS/LTC6811.c:102:6:LTC6811_adcvax	16	static
../BMS/LTC6811.c:111:6:LTC6811_adol	16	static
../BMS/LTC6811.c:120:6:LTC6811_cvst	16	static
../BMS/LTC6811.c:129:6:LTC6811_axst	16	static
../BMS/LTC6811.c:138:6:LTC6811_statst	16	static
../BMS/LTC6811.c:147:9:LTC6811_pladc	8	static
../BMS/LTC6811.c:153:10:LTC6811_pollAdc	8	static
../BMS/LTC6811.c:159:6:LTC6811_adax	16	static
../BMS/LTC6811.c:168:6:LTC6811_adaxd	16	static
../BMS/LTC6811.c:177:6:LTC6811_adstat	16	static
../BMS/LTC6811.c:186:6:LTC6811_adstatd	16	static
../BMS/LTC6811.c:196:6:LTC6811_adow	24	static
../BMS/LTC6811.c:206:6:LTC6811_run_openwire_single	16	static
../BMS/LTC6811.c:214:6:LTC6811_run_openwire_multi	16	static
../BMS/LTC6811.c:222:9:LTC6811_rdcv	24	static
../BMS/LTC6811.c:238:8:LTC6811_rdaux	24	static
../BMS/LTC6811.c:254:8:LTC6811_rdstat	24	static
../BMS/LTC6811.c:269:6:LTC6811_clrcell	8	static
../BMS/LTC6811.c:279:6:LTC6811_clraux	8	static
../BMS/LTC6811.c:290:6:LTC6811_clrstat	8	static
../BMS/LTC6811.c:300:6:LTC6811_clrsctrl	8	static
../BMS/LTC6811.c:306:6:LTC6811_diagn	8	static
../BMS/LTC6811.c:316:6:LTC6811_wrcfg	16	static
../BMS/LTC6811.c:327:8:LTC6811_rdcfg	24	static
../BMS/LTC6811.c:339:6:LTC6811_wrpwm	16	static
../BMS/LTC6811.c:351:8:LTC6811_rdpwm	24	static
../BMS/LTC6811.c:362:6:LTC6811_wrsctrl	16	static
../BMS/LTC6811.c:371:8:LTC6811_rdsctrl	24	static
../BMS/LTC6811.c:385:6:LTC6811_stsctrl	8	static
../BMS/LTC6811.c:393:6:LTC6811_wrcomm	16	static
../BMS/LTC6811.c:403:8:LTC6811_rdcomm	24	static
../BMS/LTC6811.c:415:6:LTC6811_stcomm	8	static
../BMS/LTC6811.c:421:6:LTC6811_set_discharge	32	static
../BMS/LTC6811.c:437:6:LTC6811_clear_discharge	16	static
../BMS/LTC6811.c:443:9:LTC6811_run_cell_adc_st	24	static
../BMS/LTC6811.c:451:9:LTC6811_run_adc_redundancy_st	24	static
../BMS/LTC6811.c:458:6:LTC6811_run_openwire	16	static
../BMS/LTC6811.c:463:10:LTC6811_run_adc_overlap	24	static
../BMS/LTC6811.c:470:6:LTC6811_max_min	32	static
../BMS/LTC6811.c:490:6:LTC6811_init_max_min	32	static
../BMS/LTC6811.c:504:6:LTC6811_check_pec	16	static
../BMS/LTC6811.c:510:6:LTC6811_reset_crc_count	16	static
../BMS/LTC6811.c:516:6:LTC6811_init_cfg	16	static
../BMS/LTC6811.c:530:6:LTC6811_set_cfgr	40	static
../BMS/LTC6811.c:544:6:LTC6811_set_cfgr_refon	16	static
../BMS/LTC6811.c:549:6:LTC6811_set_cfgr_adcopt	16	static
../BMS/LTC6811.c:554:6:LTC6811_set_cfgr_gpio	24	static
../BMS/LTC6811.c:559:6:LTC6811_set_cfgr_dis	24	static
../BMS/LTC6811.c:564:6:LTC6811_set_cfgr_dcto	24	static
../BMS/LTC6811.c:569:6:LTC6811_set_cfgr_uv	16	static
../BMS/LTC6811.c:574:6:LTC6811_set_cfgr_ov	16	static
