../Drivers/CMSIS/Include/core_cm7.h:2156:34:void __NVIC_SystemReset()	0	static,ignoring_inline_asm
../System/System.cpp:163:41:void __tcf_0()	0	static
../System/Libraries/Utils/LinkedList.h:50:2:const char* LinkedList<T>::__getSource() [with T = std::function<void(unsigned char, void*)>]	0	static
../System/System.cpp:60:6:void handle_request(uint8_t, RequestPacket*, MessageBus*)	40	static
../System/System.cpp:291:13:void handle_ping(uint8_t, PingPacket*)	16	static
../System/System.cpp:114:6:void handle_response(uint8_t, ResponsePacket*)	16	static
/Applications/STM32CubeIDE.app/Contents/Eclipse/plugins/com.st.stm32cube.ide.mcu.externaltools.gnu-tools-for-stm32.10.3-2021.10.macos64_1.0.200.202301161003/tools/arm-none-eabi/include/c++/10.3.1/bits/std_function.h:289:7:) [with _Res = void; _Functor = std::_Bind<void (*(std::_Placeholder<1>, std::_Placeholder<2>, PowerBus*))(unsigned char, RequestPacket*, MessageBus*)>; _ArgTypes = {unsigned char, RequestPacket*}]	8	static
/Applications/STM32CubeIDE.app/Contents/Eclipse/plugins/com.st.stm32cube.ide.mcu.externaltools.gnu-tools-for-stm32.10.3-2021.10.macos64_1.0.200.202301161003/tools/arm-none-eabi/include/c++/10.3.1/bits/std_function.h:268:7:), _Functor>::_M_manager(std::_Any_data&, const std::_Any_data&, std::_Manager_operation) [with _Res = void; _Functor = std::_Bind<void (*(std::_Placeholder<1>, std::_Placeholder<2>, PowerBus*))(unsigned char, RequestPacket*, MessageBus*)>; _ArgTypes = {unsigned char, RequestPacket*}]	16	static
/Applications/STM32CubeIDE.app/Contents/Eclipse/plugins/com.st.stm32cube.ide.mcu.externaltools.gnu-tools-for-stm32.10.3-2021.10.macos64_1.0.200.202301161003/tools/arm-none-eabi/include/c++/10.3.1/bits/std_function.h:268:7:), _Functor>::_M_manager(std::_Any_data&, const std::_Any_data&, std::_Manager_operation) [with _Res = void; _Functor = void (*)(unsigned char, ResponsePacket*); _ArgTypes = {unsigned char, ResponsePacket*}]	0	static
/Applications/STM32CubeIDE.app/Contents/Eclipse/plugins/com.st.stm32cube.ide.mcu.externaltools.gnu-tools-for-stm32.10.3-2021.10.macos64_1.0.200.202301161003/tools/arm-none-eabi/include/c++/10.3.1/bits/std_function.h:289:7:) [with _Res = void; _Functor = void (*)(unsigned char, ResponsePacket*); _ArgTypes = {unsigned char, ResponsePacket*}]	4	static
/Applications/STM32CubeIDE.app/Contents/Eclipse/plugins/com.st.stm32cube.ide.mcu.externaltools.gnu-tools-for-stm32.10.3-2021.10.macos64_1.0.200.202301161003/tools/arm-none-eabi/include/c++/10.3.1/bits/std_function.h:268:7:), _Functor>::_M_manager(std::_Any_data&, const std::_Any_data&, std::_Manager_operation) [with _Res = void; _Functor = void (*)(unsigned char, PingPacket*); _ArgTypes = {unsigned char, PingPacket*}]	0	static
/Applications/STM32CubeIDE.app/Contents/Eclipse/plugins/com.st.stm32cube.ide.mcu.externaltools.gnu-tools-for-stm32.10.3-2021.10.macos64_1.0.200.202301161003/tools/arm-none-eabi/include/c++/10.3.1/bits/std_function.h:289:7:) [with _Res = void; _Functor = void (*)(unsigned char, PingPacket*); _ArgTypes = {unsigned char, PingPacket*}]	4	static
../System/System.cpp:206:99:void __tcf_15()	0	static
../System/System.cpp:195:73:void __tcf_6()	0	static
../System/System.cpp:196:73:void __tcf_7()	0	static
../System/System.cpp:197:73:void __tcf_8()	0	static
../System/System.cpp:198:73:void __tcf_9()	0	static
../System/System.cpp:199:76:void __tcf_10()	0	static
../System/System.cpp:200:77:void __tcf_11()	0	static
../System/System.cpp:203:99:void __tcf_12()	0	static
../System/System.cpp:204:99:void __tcf_13()	0	static
../System/System.cpp:205:99:void __tcf_14()	0	static
/Applications/STM32CubeIDE.app/Contents/Eclipse/plugins/com.st.stm32cube.ide.mcu.externaltools.gnu-tools-for-stm32.10.3-2021.10.macos64_1.0.200.202301161003/tools/arm-none-eabi/include/c++/10.3.1/bits/std_function.h:242:5:std::_Function_base::~_Function_base()	8	static
../System/System.cpp:171:24:void __tcf_2()	8	static
../System/Libraries/RoCo/Src/MessageBus.h:29:10:MessageBus::~MessageBus()	24	static
../System/System.cpp:173:39:void __tcf_3()	8	static
../System/System.cpp:174:47:void __tcf_4()	8	static
../System/Libraries/RoCo/Src/MessageBus.h:29:10:virtual MessageBus::~MessageBus()	8	static
../System/Sensors/PowerThread.h:23:2:PowerThread::PowerThread(SPI_HandleTypeDef*, TIM_HandleTypeDef*, PowerMonitor, uint8_t, MessageBus*)	24	static
../System/System.cpp:133:6:void fetch_transmit_log(PowerThread*, PowerMonitor, MessageBus*)	40	static
../System/System.cpp:159:6:void systemd_init()	176	static
../System/System.cpp:189:44:void __tcf_5()	0	static
../System/System.cpp:170:42:void __tcf_1()	0	static
