../System/Thread.h:20:2:virtual const char* Thread::__getSource()	0	static
../System/Thread.cpp:23:6:void __task_run(const void*)	8	static
../System/Thread.cpp:54:1:Thread::Thread(const char*, osPriority, uint32_t)	56	static
../System/Thread.cpp:46:1:Thread::Thread(const char*, osPriority)	8	static
../System/Thread.cpp:42:1:Thread::Thread(const char*)	8	static
../System/Thread.cpp:50:1:Thread::Thread(const char*, uint32_t)	8	static
../System/Thread.cpp:60:12:tskTaskControlBlock* Thread::getHandle()	0	static
../System/Thread.cpp:64:6:void Thread::terminate()	0	static
../System/Thread.cpp:68:6:)	20	static
../System/Thread.cpp:81:6:void Thread::setTickDelay(uint32_t)	0	static
../System/Thread.cpp:85:10:uint32_t Thread::getTickDelay()	0	static
