../System/Libraries/CANOpen/CO_driver_stm32h735g-dk.c:410:1:prv_send_can_message	16	static
../System/Libraries/CANOpen/CO_driver_stm32h735g-dk.c:575:1:prv_read_can_received_msg.constprop	24	static,ignoring_inline_asm
../System/Libraries/CANOpen/CO_driver_stm32h735g-dk.c:94:1:CO_CANsetConfigurationMode	0	static
../System/Libraries/CANOpen/CO_driver_stm32h735g-dk.c:103:1:CO_CANsetNormalMode	8	static
../System/Libraries/CANOpen/CO_driver_stm32h735g-dk.c:112:1:CO_CANmodule_init	64	static
../System/Libraries/CANOpen/CO_driver_stm32h735g-dk.c:330:1:CO_CANmodule_disable	0	static
../System/Libraries/CANOpen/CO_driver_stm32h735g-dk.c:338:1:CO_CANrxBufferInit	20	static,ignoring_inline_asm
../System/Libraries/CANOpen/CO_driver_stm32h735g-dk.c:379:1:CO_CANtxBufferInit	12	static
../System/Libraries/CANOpen/CO_driver_stm32h735g-dk.c:450:1:CO_CANsend	16	static,ignoring_inline_asm
../System/Libraries/CANOpen/CO_driver_stm32h735g-dk.c:482:1:CO_CANclearPendingSyncPDOs	12	static,ignoring_inline_asm
../System/Libraries/CANOpen/CO_driver_stm32h735g-dk.c:518:1:CO_CANmodule_process	0	static
../System/Libraries/CANOpen/CO_driver_stm32h735g-dk.c:637:1:HAL_FDCAN_RxFifo0Callback	0	static
../System/Libraries/CANOpen/CO_driver_stm32h735g-dk.c:650:1:HAL_FDCAN_RxFifo1Callback	0	static
../System/Libraries/CANOpen/CO_driver_stm32h735g-dk.c:663:1:HAL_FDCAN_TxBufferCompleteCallback	24	static,ignoring_inline_asm
../System/Libraries/CANOpen/CO_driver_stm32h735g-dk.c:701:1:FDCAN1_IT0_IRQHandler	0	static
../System/Libraries/CANOpen/CO_driver_stm32h735g-dk.c:712:1:FDCAN1_IT1_IRQHandler	0	static
