../System/Libraries/FlashAPI/Src/qspi_driver.cpp:13:6:void load_default_command(Command*)	0	static
../System/Libraries/FlashAPI/Src/qspi_driver.cpp:33:6:void with_address(Command*, uint32_t)	0	static
../System/Libraries/FlashAPI/Src/qspi_driver.cpp:39:6:void with_data(Command*, uint32_t)	0	static
../System/Libraries/FlashAPI/Src/qspi_driver.cpp:48:6:bool qspi_run(Command*, uint32_t)	8	static
../System/Libraries/FlashAPI/Src/qspi_driver.cpp:54:6:bool qspi_poll(Command*, uint32_t, uint8_t, bool)	40	static
../System/Libraries/FlashAPI/Src/qspi_driver.cpp:70:6:bool qspi_transmit(uint8_t*)	8	static
../System/Libraries/FlashAPI/Src/qspi_driver.cpp:74:6:bool qspi_receive(uint8_t*)	8	static
