../System/GUI/ChargeGauge.h:18:2:virtual const char* ChargeGauge::__getSource()	0	static
../System/Libraries/Utils/LinkedList.h:50:2:const char* LinkedList<T>::__getSource() [with T = std::function<void()>]	0	static
../System/Libraries/Utils/LinkedList.h:50:2:const char* LinkedList<T>::__getSource() [with T = Component*]	0	static
../System/GUI/ChargeGauge.cpp:27:6:void ChargeGauge::handleBatteryInfo(uint8_t, Power_BatteryInfo*)	24	static
/Applications/STM32CubeIDE.app/Contents/Eclipse/plugins/com.st.stm32cube.ide.mcu.externaltools.gnu-tools-for-stm32.10.3-2021.10.macos64_1.0.200.202301161003/tools/arm-none-eabi/include/c++/10.3.1/bits/std_function.h:289:7:) [with _Res = void; _Functor = std::_Bind<void (ChargeGauge::*(ChargeGauge*, std::_Placeholder<1>, std::_Placeholder<2>))(unsigned char, Power_BatteryInfo*)>; _ArgTypes = {unsigned char, Power_BatteryInfo*}]	12	static
/Applications/STM32CubeIDE.app/Contents/Eclipse/plugins/com.st.stm32cube.ide.mcu.externaltools.gnu-tools-for-stm32.10.3-2021.10.macos64_1.0.200.202301161003/tools/arm-none-eabi/include/c++/10.3.1/bits/std_function.h:268:7:), _Functor>::_M_manager(std::_Any_data&, const std::_Any_data&, std::_Manager_operation) [with _Res = void; _Functor = std::_Bind<void (ChargeGauge::*(ChargeGauge*, std::_Placeholder<1>, std::_Placeholder<2>))(unsigned char, Power_BatteryInfo*)>; _ArgTypes = {unsigned char, Power_BatteryInfo*}]	16	static
../System/Libraries/EmbeddedGL/Components/Component.h:35:10:Component::~Component()	8	static
../System/GUI/ChargeGauge.cpp:23:1:ChargeGauge::~ChargeGauge()	8	static
../System/GUI/ChargeGauge.cpp:23:1:virtual ChargeGauge::~ChargeGauge()	8	static
../System/Libraries/EmbeddedGL/Components/Component.h:35:10:virtual Component::~Component()	8	static
../System/GUI/ChargeGauge.cpp:10:1:ChargeGauge::ChargeGauge(MessageBus*)	32	static
