../System/Libraries/FT81x/QSPIWrapper.h:18:2:virtual const char* QSPIWrapper::__getSource()	0	static
../System/GUI/GUIThread.h:19:2:virtual const char* GUIThread::__getSource()	0	static
../System/GUI/GUIThread.cpp:35:6:virtual void GUIThread::loop()	0	static
../System/GUI/GUIThread.cpp:20:6:virtual void GUIThread::init()	16	static
../System/GUI/GUIThread.cpp:12:1:GUIThread::GUIThread(SPI_HandleTypeDef*, MessageBus*)	16	static
../System/GUI/GUIThread.cpp:16:1:GUIThread::~GUIThread()	8	static
../System/GUI/GUIThread.cpp:16:1:virtual GUIThread::~GUIThread()	8	static
