../System/Libraries/EmbeddedGL/Components/Component.h:32:2:virtual const char* Component::__getSource()	0	static
../System/GUI/PowerBox.h:19:2:virtual const char* PowerBox::__getSource()	0	static
../System/GUI/SupplyBox.h:16:2:virtual const char* SupplyBox::__getSource()	0	static
../System/Libraries/Utils/LinkedList.h:50:2:const char* LinkedList<T>::__getSource() [with T = std::function<void()>]	0	static
../System/Libraries/Utils/LinkedList.h:50:2:const char* LinkedList<T>::__getSource() [with T = Component*]	0	static
../System/GUI/SupplyBox.cpp:10:1:SupplyBox::SupplyBox(Anchor, MessageBus*, PowerMonitor)	24	static
../System/GUI/SupplyBox.h:16:2:virtual const char* SupplyBox::_ZTv0_n12_N9SupplyBox11__getSourceEv()	0	static
../System/GUI/PowerBox.h:19:2:virtual const char* PowerBox::_ZTv0_n12_N8PowerBox11__getSourceEv()	0	static
../System/Libraries/EmbeddedGL/Components/Component.h:35:10:Component::~Component()	8	static
../System/Libraries/EmbeddedGL/Components/Component.h:35:10:virtual Component::~Component()	8	static
../System/GUI/SupplyBox.cpp:10:1:SupplyBox::SupplyBox(Anchor, MessageBus*, PowerMonitor)	16	static
../System/GUI/SupplyBox.cpp:10:1:SupplyBox::SupplyBox(Anchor, MessageBus*, PowerMonitor)	16	static
../System/GUI/SupplyBox.h:14:7:virtual SupplyBox::~SupplyBox()	16	static
../System/GUI/SupplyBox.h:14:7:virtual SupplyBox::~SupplyBox()	0	static
../System/GUI/SupplyBox.h:14:7:virtual SupplyBox::~SupplyBox()	8	static
../System/GUI/SupplyBox.h:14:7:SupplyBox::~SupplyBox()	0	static
